127.0.0.1 - - [13/Nov/2012:23:45:33 +0000] "GET /app/index.php?doodiagnostic_pic=logo-b2.png HTTP/1.1" 200 13396 "http://0.0.0.0:10081/app/index.php" "Mozilla/5.0 (Macintosh; Intel Mac OS X 10.6; rv:17.0) Gecko/17.0 Firefox/17.0"
127.0.0.1 - - [13/Nov/2012:23:45:33 +0000] "GET /app/index.php?doodiagnostic_pic=bg-down.png HTTP/1.1" 200 11682 "http://0.0.0.0:10081/app/index.php" "Mozilla/5.0 (Macintosh; Intel Mac OS X 10.6; rv:17.0) Gecko/17.0 Firefox/17.0"
127.0.0.1 - - [13/Nov/2012:23:45:33 +0000] "GET /app/index.php?doodiagnostic_pic=bg-footer.gif HTTP/1.1" 200 92 "http://0.0.0.0:10081/app/index.php" "Mozilla/5.0 (Macintosh; Intel Mac OS X 10.6; rv:17.0) Gecko/17.0 Firefox/17.0"
127.0.0.1 - - [13/Nov/2012:23:45:35 +0000] "GET /app/index.php HTTP/1.1" 200 39050 "-" "Mozilla/5.0 (Macintosh; Intel Mac OS X 10.6; rv:17.0) Gecko/17.0 Firefox/17.0"
127.0.0.1 - - [13/Nov/2012:23:45:35 +0000] "GET /app/index.php?doodiagnostic_pic=logo-b2.png HTTP/1.1" 200 13396 "http://0.0.0.0:10081/app/index.php" "Mozilla/5.0 (Macintosh; Intel Mac OS X 10.6; rv:17.0) Gecko/17.0 Firefox/17.0"
127.0.0.1 - - [13/Nov/2012:23:45:35 +0000] "GET /app/index.php?doodiagnostic_pic=bg-footer.gif HTTP/1.1" 200 92 "http://0.0.0.0:10081/app/index.php" "Mozilla/5.0 (Macintosh; Intel Mac OS X 10.6; rv:17.0) Gecko/17.0 Firefox/17.0"
127.0.0.1 - - [13/Nov/2012:23:45:35 +0000] "GET /app/index.php?doodiagnostic_pic=bg-down.png HTTP/1.1" 200 11682 "http://0.0.0.0:10081/app/index.php" "Mozilla/5.0 (Macintosh; Intel Mac OS X 10.6; rv:17.0) Gecko/17.0 Firefox/17.0"
127.0.0.1 - - [13/Nov/2012:23:45:36 +0000] "GET /app/index.php HTTP/1.1" 200 39050 "-" "Mozilla/5.0 (Macintosh; Intel Mac OS X 10.6; rv:17.0) Gecko/17.0 Firefox/17.0"
127.0.0.1 - - [13/Nov/2012:23:45:36 +0000] "GET /app/index.php?doodiagnostic_pic=logo-b2.png HTTP/1.1" 200 13396 "http://0.0.0.0:10081/app/index.php" "Mozilla/5.0 (Macintosh; Intel Mac OS X 10.6; rv:17.0) Gecko/17.0 Firefox/17.0"
127.0.0.1 - - [13/Nov/2012:23:45:36 +0000] "GET /app/index.php?doodiagnostic_pic=bg-down.png HTTP/1.1" 200 11682 "http://0.0.0.0:10081/app/index.php" "Mozilla/5.0 (Macintosh; Intel Mac OS X 10.6; rv:17.0) Gecko/17.0 Firefox/17.0"
127.0.0.1 - - [13/Nov/2012:23:45:36 +0000] "GET /app/index.php?doodiagnostic_pic=bg-footer.gif HTTP/1.1" 200 92 "http://0.0.0.0:10081/app/index.php" "Mozilla/5.0 (Macintosh; Intel Mac OS X 10.6; rv:17.0) Gecko/17.0 Firefox/17.0"
127.0.0.1 - - [13/Nov/2012:23:45:36 +0000] "GET /app/index.php HTTP/1.1" 200 39050 "-" "Mozilla/5.0 (Macintosh; Intel Mac OS X 10.6; rv:17.0) Gecko/17.0 Firefox/17.0"
127.0.0.1 - - [13/Nov/2012:23:45:36 +0000] "GET /app/index.php?doodiagnostic_pic=bg-footer.gif HTTP/1.1" 200 92 "http://0.0.0.0:10081/app/index.php" "Mozilla/5.0 (Macintosh; Intel Mac OS X 10.6; rv:17.0) Gecko/17.0 Firefox/17.0"
127.0.0.1 - - [13/Nov/2012:23:45:36 +0000] "GET /app/index.php?doodiagnostic_pic=logo-b2.png HTTP/1.1" 200 13396 "http://0.0.0.0:10081/app/index.php" "Mozilla/5.0 (Macintosh; Intel Mac OS X 10.6; rv:17.0) Gecko/17.0 Firefox/17.0"
127.0.0.1 - - [13/Nov/2012:23:45:36 +0000] "GET /app/index.php?doodiagnostic_pic=bg-down.png HTTP/1.1" 200 11682 "http://0.0.0.0:10081/app/index.php" "Mozilla/5.0 (Macintosh; Intel Mac OS X 10.6; rv:17.0) Gecko/17.0 Firefox/17.0"
127.0.0.1 - - [13/Nov/2012:23:45:37 +0000] "GET /app/index.php HTTP/1.1" 200 39050 "-" "Mozilla/5.0 (Macintosh; Intel Mac OS X 10.6; rv:17.0) Gecko/17.0 Firefox/17.0"
::1 - - [13/Nov/2012:23:45:37 +0000] "OPTIONS * HTTP/1.0" 200 - "-" "Apache/2.2.22 (Unix) PHP/5.3.10 (internal dummy connection)"
127.0.0.1 - - [13/Nov/2012:23:45:37 +0000] "GET /app/index.php?doodiagnostic_pic=bg-down.png HTTP/1.1" 200 11682 "http://0.0.0.0:10081/app/index.php" "Mozilla/5.0 (Macintosh; Intel Mac OS X 10.6; rv:17.0) Gecko/17.0 Firefox/17.0"
127.0.0.1 - - [13/Nov/2012:23:45:37 +0000] "GET /app/index.php?doodiagnostic_pic=bg-footer.gif HTTP/1.1" 200 92 "http://0.0.0.0:10081/app/index.php" "Mozilla/5.0 (Macintosh; Intel Mac OS X 10.6; rv:17.0) Gecko/17.0 Firefox/17.0"
127.0.0.1 - - [13/Nov/2012:23:45:37 +0000] "GET /app/index.php?doodiagnostic_pic=logo-b2.png HTTP/1.1" 200 13396 "http://0.0.0.0:10081/app/index.php" "Mozilla/5.0 (Macintosh; Intel Mac OS X 10.6; rv:17.0) Gecko/17.0 Firefox/17.0"
127.0.0.1 - - [13/Nov/2012:23:45:37 +0000] "GET /app/index.php HTTP/1.1" 200 39050 "-" "Mozilla/5.0 (Macintosh; Intel Mac OS X 10.6; rv:17.0) Gecko/17.0 Firefox/17.0"
127.0.0.1 - - [13/Nov/2012:23:45:37 +0000] "GET /app/index.php?doodiagnostic_pic=logo-b2.png HTTP/1.1" 200 13396 "http://0.0.0.0:10081/app/index.php" "Mozilla/5.0 (Macintosh; Intel Mac OS X 10.6; rv:17.0) Gecko/17.0 Firefox/17.0"
127.0.0.1 - - [13/Nov/2012:23:45:37 +0000] "GET /app/index.php?doodiagnostic_pic=bg-down.png HTTP/1.1" 200 11682 "http://0.0.0.0:10081/app/index.php" "Mozilla/5.0 (Macintosh; Intel Mac OS X 10.6; rv:17.0) Gecko/17.0 Firefox/17.0"
127.0.0.1 - - [13/Nov/2012:23:45:37 +0000] "GET /app/index.php?doodiagnostic_pic=bg-footer.gif HTTP/1.1" 200 92 "http://0.0.0.0:10081/app/index.php" "Mozilla/5.0 (Macintosh; Intel Mac OS X 10.6; rv:17.0) Gecko/17.0 Firefox/17.0"
127.0.0.1 - - [13/Nov/2012:23:45:37 +0000] "GET /app/index.php HTTP/1.1" 200 39050 "-" "Mozilla/5.0 (Macintosh; Intel Mac OS X 10.6; rv:17.0) Gecko/17.0 Firefox/17.0"
127.0.0.1 - - [13/Nov/2012:23:45:38 +0000] "GET /app/index.php HTTP/1.1" 200 39050 "-" "Mozilla/5.0 (Macintosh; Intel Mac OS X 10.6; rv:17.0) Gecko/17.0 Firefox/17.0"
127.0.0.1 - - [13/Nov/2012:23:45:38 +0000] "GET /app/index.php?doodiagnostic_pic=bg-footer.gif HTTP/1.1" 200 92 "http://0.0.0.0:10081/app/index.php" "Mozilla/5.0 (Macintosh; Intel Mac OS X 10.6; rv:17.0) Gecko/17.0 Firefox/17.0"
127.0.0.1 - - [13/Nov/2012:23:45:38 +0000] "GET /app/index.php?doodiagnostic_pic=logo-b2.png HTTP/1.1" 200 13396 "http://0.0.0.0:10081/app/index.php" "Mozilla/5.0 (Macintosh; Intel Mac OS X 10.6; rv:17.0) Gecko/17.0 Firefox/17.0"
127.0.0.1 - - [13/Nov/2012:23:45:38 +0000] "GET /app/index.php?doodiagnostic_pic=bg-down.png HTTP/1.1" 200 11682 "http://0.0.0.0:10081/app/index.php" "Mozilla/5.0 (Macintosh; Intel Mac OS X 10.6; rv:17.0) Gecko/17.0 Firefox/17.0"
::1 - - [13/Nov/2012:23:45:43 +0000] "OPTIONS * HTTP/1.0" 200 - "-" "Apache/2.2.22 (Unix) PHP/5.3.10 (internal dummy connection)"
::1 - - [13/Nov/2012:23:45:44 +0000] "OPTIONS * HTTP/1.0" 200 - "-" "Apache/2.2.22 (Unix) PHP/5.3.10 (internal dummy connection)"
127.0.0.1 - - [13/Nov/2012:23:45:52 +0000] "GET /app/index.php HTTP/1.1" 200 1729 "-" "Mozilla/5.0 (Macintosh; Intel Mac OS X 10.6; rv:17.0) Gecko/17.0 Firefox/17.0"
127.0.0.1 - - [13/Nov/2012:23:45:52 +0000] "GET /app/global/css/screen.css HTTP/1.1" 200 1804 "http://0.0.0.0:10081/app/index.php" "Mozilla/5.0 (Macintosh; Intel Mac OS X 10.6; rv:17.0) Gecko/17.0 Firefox/17.0"
127.0.0.1 - - [13/Nov/2012:23:45:52 +0000] "GET /app/global/js/jquery.1.3.2.js HTTP/1.1" 200 57254 "http://0.0.0.0:10081/app/index.php" "Mozilla/5.0 (Macintosh; Intel Mac OS X 10.6; rv:17.0) Gecko/17.0 Firefox/17.0"
127.0.0.1 - - [13/Nov/2012:23:45:52 +0000] "GET /app/global/js/common.js HTTP/1.1" 200 219 "http://0.0.0.0:10081/app/index.php" "Mozilla/5.0 (Macintosh; Intel Mac OS X 10.6; rv:17.0) Gecko/17.0 Firefox/17.0"
::1 - - [13/Nov/2012:23:45:57 +0000] "OPTIONS * HTTP/1.0" 200 - "-" "Apache/2.2.22 (Unix) PHP/5.3.10 (internal dummy connection)"
127.0.0.1 - - [13/Nov/2012:23:46:28 +0000] "GET /app/index.php/register HTTP/1.1" 404 1405 "http://0.0.0.0:10081/app/index.php" "Mozilla/5.0 (Macintosh; Intel Mac OS X 10.6; rv:17.0) Gecko/17.0 Firefox/17.0"
127.0.0.1 - - [13/Nov/2012:23:51:17 +0000] "GET /app/index.php/register HTTP/1.1" 404 1405 "-" "Mozilla/5.0 (Macintosh; Intel Mac OS X 10.6; rv:17.0) Gecko/17.0 Firefox/17.0"
127.0.0.1 - - [13/Nov/2012:23:51:22 +0000] "GET /app/index.php/register HTTP/1.1" 404 1405 "-" "Mozilla/5.0 (Macintosh; Intel Mac OS X 10.6; rv:17.0) Gecko/17.0 Firefox/17.0"
127.0.0.1 - - [13/Nov/2012:23:51:22 +0000] "GET /app/global/css/screen.css HTTP/1.1" 200 1804 "http://0.0.0.0:10081/app/index.php/register" "Mozilla/5.0 (Macintosh; Intel Mac OS X 10.6; rv:17.0) Gecko/17.0 Firefox/17.0"
127.0.0.1 - - [13/Nov/2012:23:51:22 +0000] "GET /app/global/js/jquery.1.3.2.js HTTP/1.1" 200 57254 "http://0.0.0.0:10081/app/index.php/register" "Mozilla/5.0 (Macintosh; Intel Mac OS X 10.6; rv:17.0) Gecko/17.0 Firefox/17.0"
127.0.0.1 - - [13/Nov/2012:23:51:22 +0000] "GET /app/global/js/common.js HTTP/1.1" 200 219 "http://0.0.0.0:10081/app/index.php/register" "Mozilla/5.0 (Macintosh; Intel Mac OS X 10.6; rv:17.0) Gecko/17.0 Firefox/17.0"
127.0.0.1 - - [13/Nov/2012:23:51:23 +0000] "GET /app/index.php/register HTTP/1.1" 404 1405 "-" "Mozilla/5.0 (Macintosh; Intel Mac OS X 10.6; rv:17.0) Gecko/17.0 Firefox/17.0"
127.0.0.1 - - [13/Nov/2012:23:51:23 +0000] "GET /app/global/css/screen.css HTTP/1.1" 200 1804 "http://0.0.0.0:10081/app/index.php/register" "Mozilla/5.0 (Macintosh; Intel Mac OS X 10.6; rv:17.0) Gecko/17.0 Firefox/17.0"
127.0.0.1 - - [13/Nov/2012:23:51:23 +0000] "GET /app/global/js/common.js HTTP/1.1" 200 219 "http://0.0.0.0:10081/app/index.php/register" "Mozilla/5.0 (Macintosh; Intel Mac OS X 10.6; rv:17.0) Gecko/17.0 Firefox/17.0"
127.0.0.1 - - [13/Nov/2012:23:51:23 +0000] "GET /app/global/js/jquery.1.3.2.js HTTP/1.1" 200 57254 "http://0.0.0.0:10081/app/index.php/register" "Mozilla/5.0 (Macintosh; Intel Mac OS X 10.6; rv:17.0) Gecko/17.0 Firefox/17.0"
127.0.0.1 - - [13/Nov/2012:23:51:24 +0000] "GET /app/index.php/register HTTP/1.1" 404 1405 "-" "Mozilla/5.0 (Macintosh; Intel Mac OS X 10.6; rv:17.0) Gecko/17.0 Firefox/17.0"
127.0.0.1 - - [13/Nov/2012:23:51:24 +0000] "GET /app/global/css/screen.css HTTP/1.1" 200 1804 "http://0.0.0.0:10081/app/index.php/register" "Mozilla/5.0 (Macintosh; Intel Mac OS X 10.6; rv:17.0) Gecko/17.0 Firefox/17.0"
127.0.0.1 - - [13/Nov/2012:23:51:24 +0000] "GET /app/global/js/jquery.1.3.2.js HTTP/1.1" 200 57254 "http://0.0.0.0:10081/app/index.php/register" "Mozilla/5.0 (Macintosh; Intel Mac OS X 10.6; rv:17.0) Gecko/17.0 Firefox/17.0"
127.0.0.1 - - [13/Nov/2012:23:51:24 +0000] "GET /app/global/js/common.js HTTP/1.1" 200 219 "http://0.0.0.0:10081/app/index.php/register" "Mozilla/5.0 (Macintosh; Intel Mac OS X 10.6; rv:17.0) Gecko/17.0 Firefox/17.0"
127.0.0.1 - - [13/Nov/2012:23:51:24 +0000] "GET /app/index.php/register HTTP/1.1" 404 1405 "-" "Mozilla/5.0 (Macintosh; Intel Mac OS X 10.6; rv:17.0) Gecko/17.0 Firefox/17.0"
127.0.0.1 - - [13/Nov/2012:23:51:25 +0000] "GET /app/global/css/screen.css HTTP/1.1" 200 1804 "http://0.0.0.0:10081/app/index.php/register" "Mozilla/5.0 (Macintosh; Intel Mac OS X 10.6; rv:17.0) Gecko/17.0 Firefox/17.0"
127.0.0.1 - - [13/Nov/2012:23:51:25 +0000] "GET /app/global/js/jquery.1.3.2.js HTTP/1.1" 200 57254 "http://0.0.0.0:10081/app/index.php/register" "Mozilla/5.0 (Macintosh; Intel Mac OS X 10.6; rv:17.0) Gecko/17.0 Firefox/17.0"
127.0.0.1 - - [13/Nov/2012:23:51:25 +0000] "GET /app/global/js/common.js HTTP/1.1" 200 219 "http://0.0.0.0:10081/app/index.php/register" "Mozilla/5.0 (Macintosh; Intel Mac OS X 10.6; rv:17.0) Gecko/17.0 Firefox/17.0"
127.0.0.1 - - [13/Nov/2012:23:51:25 +0000] "GET /app/index.php/register HTTP/1.1" 404 1405 "-" "Mozilla/5.0 (Macintosh; Intel Mac OS X 10.6; rv:17.0) Gecko/17.0 Firefox/17.0"
127.0.0.1 - - [13/Nov/2012:23:51:25 +0000] "GET /app/global/css/screen.css HTTP/1.1" 200 1804 "http://0.0.0.0:10081/app/index.php/register" "Mozilla/5.0 (Macintosh; Intel Mac OS X 10.6; rv:17.0) Gecko/17.0 Firefox/17.0"
127.0.0.1 - - [13/Nov/2012:23:51:25 +0000] "GET /app/global/js/jquery.1.3.2.js HTTP/1.1" 200 57254 "http://0.0.0.0:10081/app/index.php/register" "Mozilla/5.0 (Macintosh; Intel Mac OS X 10.6; rv:17.0) Gecko/17.0 Firefox/17.0"
127.0.0.1 - - [13/Nov/2012:23:51:25 +0000] "GET /app/global/js/common.js HTTP/1.1" 200 219 "http://0.0.0.0:10081/app/index.php/register" "Mozilla/5.0 (Macintosh; Intel Mac OS X 10.6; rv:17.0) Gecko/17.0 Firefox/17.0"
127.0.0.1 - - [13/Nov/2012:23:51:25 +0000] "GET /app/index.php/register HTTP/1.1" 404 1405 "-" "Mozilla/5.0 (Macintosh; Intel Mac OS X 10.6; rv:17.0) Gecko/17.0 Firefox/17.0"
127.0.0.1 - - [13/Nov/2012:23:51:26 +0000] "GET /app/index.php/register HTTP/1.1" 404 1405 "-" "Mozilla/5.0 (Macintosh; Intel Mac OS X 10.6; rv:17.0) Gecko/17.0 Firefox/17.0"
127.0.0.1 - - [13/Nov/2012:23:51:26 +0000] "GET /app/global/css/screen.css HTTP/1.1" 200 1804 "http://0.0.0.0:10081/app/index.php/register" "Mozilla/5.0 (Macintosh; Intel Mac OS X 10.6; rv:17.0) Gecko/17.0 Firefox/17.0"
127.0.0.1 - - [13/Nov/2012:23:51:26 +0000] "GET /app/global/js/common.js HTTP/1.1" 200 219 "http://0.0.0.0:10081/app/index.php/register" "Mozilla/5.0 (Macintosh; Intel Mac OS X 10.6; rv:17.0) Gecko/17.0 Firefox/17.0"
127.0.0.1 - - [13/Nov/2012:23:51:26 +0000] "GET /app/global/js/jquery.1.3.2.js HTTP/1.1" 200 57254 "http://0.0.0.0:10081/app/index.php/register" "Mozilla/5.0 (Macintosh; Intel Mac OS X 10.6; rv:17.0) Gecko/17.0 Firefox/17.0"
127.0.0.1 - - [13/Nov/2012:23:51:26 +0000] "GET /app/index.php/register HTTP/1.1" 404 1405 "-" "Mozilla/5.0 (Macintosh; Intel Mac OS X 10.6; rv:17.0) Gecko/17.0 Firefox/17.0"
127.0.0.1 - - [13/Nov/2012:23:51:26 +0000] "GET /app/global/js/jquery.1.3.2.js HTTP/1.1" 200 57254 "http://0.0.0.0:10081/app/index.php/register" "Mozilla/5.0 (Macintosh; Intel Mac OS X 10.6; rv:17.0) Gecko/17.0 Firefox/17.0"
127.0.0.1 - - [13/Nov/2012:23:51:26 +0000] "GET /app/global/js/common.js HTTP/1.1" 200 219 "http://0.0.0.0:10081/app/index.php/register" "Mozilla/5.0 (Macintosh; Intel Mac OS X 10.6; rv:17.0) Gecko/17.0 Firefox/17.0"
127.0.0.1 - - [13/Nov/2012:23:51:26 +0000] "GET /app/global/css/screen.css HTTP/1.1" 200 1804 "http://0.0.0.0:10081/app/index.php/register" "Mozilla/5.0 (Macintosh; Intel Mac OS X 10.6; rv:17.0) Gecko/17.0 Firefox/17.0"
127.0.0.1 - - [13/Nov/2012:23:51:27 +0000] "GET /app/index.php/register HTTP/1.1" 404 1405 "-" "Mozilla/5.0 (Macintosh; Intel Mac OS X 10.6; rv:17.0) Gecko/17.0 Firefox/17.0"
127.0.0.1 - - [13/Nov/2012:23:51:27 +0000] "GET /app/global/css/screen.css HTTP/1.1" 200 1804 "http://0.0.0.0:10081/app/index.php/register" "Mozilla/5.0 (Macintosh; Intel Mac OS X 10.6; rv:17.0) Gecko/17.0 Firefox/17.0"
127.0.0.1 - - [13/Nov/2012:23:51:27 +0000] "GET /app/global/js/jquery.1.3.2.js HTTP/1.1" 200 57254 "http://0.0.0.0:10081/app/index.php/register" "Mozilla/5.0 (Macintosh; Intel Mac OS X 10.6; rv:17.0) Gecko/17.0 Firefox/17.0"
127.0.0.1 - - [13/Nov/2012:23:51:27 +0000] "GET /app/global/js/common.js HTTP/1.1" 200 219 "http://0.0.0.0:10081/app/index.php/register" "Mozilla/5.0 (Macintosh; Intel Mac OS X 10.6; rv:17.0) Gecko/17.0 Firefox/17.0"
127.0.0.1 - - [13/Nov/2012:23:51:27 +0000] "GET /app/index.php/register HTTP/1.1" 404 1405 "-" "Mozilla/5.0 (Macintosh; Intel Mac OS X 10.6; rv:17.0) Gecko/17.0 Firefox/17.0"
127.0.0.1 - - [13/Nov/2012:23:51:27 +0000] "GET /app/global/css/screen.css HTTP/1.1" 200 1804 "http://0.0.0.0:10081/app/index.php/register" "Mozilla/5.0 (Macintosh; Intel Mac OS X 10.6; rv:17.0) Gecko/17.0 Firefox/17.0"
127.0.0.1 - - [13/Nov/2012:23:51:27 +0000] "GET /app/global/js/jquery.1.3.2.js HTTP/1.1" 200 57254 "http://0.0.0.0:10081/app/index.php/register" "Mozilla/5.0 (Macintosh; Intel Mac OS X 10.6; rv:17.0) Gecko/17.0 Firefox/17.0"
127.0.0.1 - - [13/Nov/2012:23:51:27 +0000] "GET /app/global/js/common.js HTTP/1.1" 200 219 "http://0.0.0.0:10081/app/index.php/register" "Mozilla/5.0 (Macintosh; Intel Mac OS X 10.6; rv:17.0) Gecko/17.0 Firefox/17.0"
127.0.0.1 - - [13/Nov/2012:23:51:27 +0000] "GET /app/index.php/register HTTP/1.1" 404 1405 "-" "Mozilla/5.0 (Macintosh; Intel Mac OS X 10.6; rv:17.0) Gecko/17.0 Firefox/17.0"
127.0.0.1 - - [13/Nov/2012:23:51:27 +0000] "GET /app/global/css/screen.css HTTP/1.1" 200 1804 "http://0.0.0.0:10081/app/index.php/register" "Mozilla/5.0 (Macintosh; Intel Mac OS X 10.6; rv:17.0) Gecko/17.0 Firefox/17.0"
127.0.0.1 - - [13/Nov/2012:23:51:27 +0000] "GET /app/global/js/jquery.1.3.2.js HTTP/1.1" 200 57254 "http://0.0.0.0:10081/app/index.php/register" "Mozilla/5.0 (Macintosh; Intel Mac OS X 10.6; rv:17.0) Gecko/17.0 Firefox/17.0"
127.0.0.1 - - [13/Nov/2012:23:51:27 +0000] "GET /app/global/js/common.js HTTP/1.1" 200 219 "http://0.0.0.0:10081/app/index.php/register" "Mozilla/5.0 (Macintosh; Intel Mac OS X 10.6; rv:17.0) Gecko/17.0 Firefox/17.0"
127.0.0.1 - - [13/Nov/2012:23:51:28 +0000] "GET /app/index.php/register HTTP/1.1" 404 1405 "-" "Mozilla/5.0 (Macintosh; Intel Mac OS X 10.6; rv:17.0) Gecko/17.0 Firefox/17.0"
::1 - - [13/Nov/2012:23:51:28 +0000] "OPTIONS * HTTP/1.0" 200 - "-" "Apache/2.2.22 (Unix) PHP/5.3.10 (internal dummy connection)"
127.0.0.1 - - [13/Nov/2012:23:51:28 +0000] "GET /app/global/css/screen.css HTTP/1.1" 200 1804 "http://0.0.0.0:10081/app/index.php/register" "Mozilla/5.0 (Macintosh; Intel Mac OS X 10.6; rv:17.0) Gecko/17.0 Firefox/17.0"
127.0.0.1 - - [13/Nov/2012:23:51:28 +0000] "GET /app/global/js/jquery.1.3.2.js HTTP/1.1" 200 57254 "http://0.0.0.0:10081/app/index.php/register" "Mozilla/5.0 (Macintosh; Intel Mac OS X 10.6; rv:17.0) Gecko/17.0 Firefox/17.0"
127.0.0.1 - - [13/Nov/2012:23:51:28 +0000] "GET /app/global/js/common.js HTTP/1.1" 200 219 "http://0.0.0.0:10081/app/index.php/register" "Mozilla/5.0 (Macintosh; Intel Mac OS X 10.6; rv:17.0) Gecko/17.0 Firefox/17.0"
127.0.0.1 - - [13/Nov/2012:23:51:28 +0000] "GET /app/index.php/register HTTP/1.1" 404 1405 "-" "Mozilla/5.0 (Macintosh; Intel Mac OS X 10.6; rv:17.0) Gecko/17.0 Firefox/17.0"
127.0.0.1 - - [13/Nov/2012:23:51:28 +0000] "GET /app/global/css/screen.css HTTP/1.1" 200 1804 "http://0.0.0.0:10081/app/index.php/register" "Mozilla/5.0 (Macintosh; Intel Mac OS X 10.6; rv:17.0) Gecko/17.0 Firefox/17.0"
127.0.0.1 - - [13/Nov/2012:23:51:28 +0000] "GET /app/global/js/jquery.1.3.2.js HTTP/1.1" 200 57254 "http://0.0.0.0:10081/app/index.php/register" "Mozilla/5.0 (Macintosh; Intel Mac OS X 10.6; rv:17.0) Gecko/17.0 Firefox/17.0"
127.0.0.1 - - [13/Nov/2012:23:51:28 +0000] "GET /app/global/js/common.js HTTP/1.1" 200 219 "http://0.0.0.0:10081/app/index.php/register" "Mozilla/5.0 (Macintosh; Intel Mac OS X 10.6; rv:17.0) Gecko/17.0 Firefox/17.0"
127.0.0.1 - - [13/Nov/2012:23:51:28 +0000] "GET /app/index.php/register HTTP/1.1" 404 1405 "-" "Mozilla/5.0 (Macintosh; Intel Mac OS X 10.6; rv:17.0) Gecko/17.0 Firefox/17.0"
127.0.0.1 - - [13/Nov/2012:23:51:28 +0000] "GET /app/global/css/screen.css HTTP/1.1" 200 1804 "http://0.0.0.0:10081/app/index.php/register" "Mozilla/5.0 (Macintosh; Intel Mac OS X 10.6; rv:17.0) Gecko/17.0 Firefox/17.0"
127.0.0.1 - - [13/Nov/2012:23:51:28 +0000] "GET /app/global/js/jquery.1.3.2.js HTTP/1.1" 200 57254 "http://0.0.0.0:10081/app/index.php/register" "Mozilla/5.0 (Macintosh; Intel Mac OS X 10.6; rv:17.0) Gecko/17.0 Firefox/17.0"
127.0.0.1 - - [13/Nov/2012:23:51:28 +0000] "GET /app/global/js/common.js HTTP/1.1" 200 219 "http://0.0.0.0:10081/app/index.php/register" "Mozilla/5.0 (Macintosh; Intel Mac OS X 10.6; rv:17.0) Gecko/17.0 Firefox/17.0"
127.0.0.1 - - [13/Nov/2012:23:51:28 +0000] "GET /app/index.php/register HTTP/1.1" 404 1405 "-" "Mozilla/5.0 (Macintosh; Intel Mac OS X 10.6; rv:17.0) Gecko/17.0 Firefox/17.0"
127.0.0.1 - - [13/Nov/2012:23:51:29 +0000] "GET /app/global/js/jquery.1.3.2.js HTTP/1.1" 200 57254 "http://0.0.0.0:10081/app/index.php/register" "Mozilla/5.0 (Macintosh; Intel Mac OS X 10.6; rv:17.0) Gecko/17.0 Firefox/17.0"
127.0.0.1 - - [13/Nov/2012:23:51:29 +0000] "GET /app/global/js/common.js HTTP/1.1" 200 219 "http://0.0.0.0:10081/app/index.php/register" "Mozilla/5.0 (Macintosh; Intel Mac OS X 10.6; rv:17.0) Gecko/17.0 Firefox/17.0"
127.0.0.1 - - [13/Nov/2012:23:51:29 +0000] "GET /app/global/css/screen.css HTTP/1.1" 200 1804 "http://0.0.0.0:10081/app/index.php/register" "Mozilla/5.0 (Macintosh; Intel Mac OS X 10.6; rv:17.0) Gecko/17.0 Firefox/17.0"
127.0.0.1 - - [13/Nov/2012:23:51:29 +0000] "GET /app/index.php/register HTTP/1.1" 404 1405 "-" "Mozilla/5.0 (Macintosh; Intel Mac OS X 10.6; rv:17.0) Gecko/17.0 Firefox/17.0"
127.0.0.1 - - [13/Nov/2012:23:51:29 +0000] "GET /app/global/css/screen.css HTTP/1.1" 200 1804 "http://0.0.0.0:10081/app/index.php/register" "Mozilla/5.0 (Macintosh; Intel Mac OS X 10.6; rv:17.0) Gecko/17.0 Firefox/17.0"
127.0.0.1 - - [13/Nov/2012:23:51:29 +0000] "GET /app/global/js/jquery.1.3.2.js HTTP/1.1" 200 57254 "http://0.0.0.0:10081/app/index.php/register" "Mozilla/5.0 (Macintosh; Intel Mac OS X 10.6; rv:17.0) Gecko/17.0 Firefox/17.0"
127.0.0.1 - - [13/Nov/2012:23:51:29 +0000] "GET /app/global/js/common.js HTTP/1.1" 200 219 "http://0.0.0.0:10081/app/index.php/register" "Mozilla/5.0 (Macintosh; Intel Mac OS X 10.6; rv:17.0) Gecko/17.0 Firefox/17.0"
127.0.0.1 - - [13/Nov/2012:23:51:29 +0000] "GET /app/index.php/register HTTP/1.1" 404 1405 "-" "Mozilla/5.0 (Macintosh; Intel Mac OS X 10.6; rv:17.0) Gecko/17.0 Firefox/17.0"
127.0.0.1 - - [13/Nov/2012:23:51:29 +0000] "GET /app/global/css/screen.css HTTP/1.1" 200 1804 "http://0.0.0.0:10081/app/index.php/register" "Mozilla/5.0 (Macintosh; Intel Mac OS X 10.6; rv:17.0) Gecko/17.0 Firefox/17.0"
127.0.0.1 - - [13/Nov/2012:23:51:29 +0000] "GET /app/global/js/jquery.1.3.2.js HTTP/1.1" 200 57254 "http://0.0.0.0:10081/app/index.php/register" "Mozilla/5.0 (Macintosh; Intel Mac OS X 10.6; rv:17.0) Gecko/17.0 Firefox/17.0"
127.0.0.1 - - [13/Nov/2012:23:51:29 +0000] "GET /app/global/js/common.js HTTP/1.1" 200 219 "http://0.0.0.0:10081/app/index.php/register" "Mozilla/5.0 (Macintosh; Intel Mac OS X 10.6; rv:17.0) Gecko/17.0 Firefox/17.0"
127.0.0.1 - - [13/Nov/2012:23:51:30 +0000] "GET /app/index.php/register HTTP/1.1" 404 1405 "-" "Mozilla/5.0 (Macintosh; Intel Mac OS X 10.6; rv:17.0) Gecko/17.0 Firefox/17.0"
127.0.0.1 - - [13/Nov/2012:23:51:30 +0000] "GET /app/global/css/screen.css HTTP/1.1" 200 1804 "http://0.0.0.0:10081/app/index.php/register" "Mozilla/5.0 (Macintosh; Intel Mac OS X 10.6; rv:17.0) Gecko/17.0 Firefox/17.0"
127.0.0.1 - - [13/Nov/2012:23:51:30 +0000] "GET /app/global/js/jquery.1.3.2.js HTTP/1.1" 200 57254 "http://0.0.0.0:10081/app/index.php/register" "Mozilla/5.0 (Macintosh; Intel Mac OS X 10.6; rv:17.0) Gecko/17.0 Firefox/17.0"
127.0.0.1 - - [13/Nov/2012:23:51:30 +0000] "GET /app/global/js/common.js HTTP/1.1" 200 219 "http://0.0.0.0:10081/app/index.php/register" "Mozilla/5.0 (Macintosh; Intel Mac OS X 10.6; rv:17.0) Gecko/17.0 Firefox/17.0"
127.0.0.1 - - [13/Nov/2012:23:51:30 +0000] "GET /app/index.php/register HTTP/1.1" 404 1405 "-" "Mozilla/5.0 (Macintosh; Intel Mac OS X 10.6; rv:17.0) Gecko/17.0 Firefox/17.0"
127.0.0.1 - - [13/Nov/2012:23:51:30 +0000] "GET /app/global/css/screen.css HTTP/1.1" 200 1804 "http://0.0.0.0:10081/app/index.php/register" "Mozilla/5.0 (Macintosh; Intel Mac OS X 10.6; rv:17.0) Gecko/17.0 Firefox/17.0"
127.0.0.1 - - [13/Nov/2012:23:51:30 +0000] "GET /app/global/js/jquery.1.3.2.js HTTP/1.1" 200 57254 "http://0.0.0.0:10081/app/index.php/register" "Mozilla/5.0 (Macintosh; Intel Mac OS X 10.6; rv:17.0) Gecko/17.0 Firefox/17.0"
127.0.0.1 - - [13/Nov/2012:23:51:30 +0000] "GET /app/global/js/common.js HTTP/1.1" 200 219 "http://0.0.0.0:10081/app/index.php/register" "Mozilla/5.0 (Macintosh; Intel Mac OS X 10.6; rv:17.0) Gecko/17.0 Firefox/17.0"
127.0.0.1 - - [13/Nov/2012:23:51:30 +0000] "GET /app/index.php/register HTTP/1.1" 404 1405 "-" "Mozilla/5.0 (Macintosh; Intel Mac OS X 10.6; rv:17.0) Gecko/17.0 Firefox/17.0"
127.0.0.1 - - [13/Nov/2012:23:51:30 +0000] "GET /app/global/css/screen.css HTTP/1.1" 200 1804 "http://0.0.0.0:10081/app/index.php/register" "Mozilla/5.0 (Macintosh; Intel Mac OS X 10.6; rv:17.0) Gecko/17.0 Firefox/17.0"
127.0.0.1 - - [13/Nov/2012:23:51:30 +0000] "GET /app/global/js/jquery.1.3.2.js HTTP/1.1" 200 57254 "http://0.0.0.0:10081/app/index.php/register" "Mozilla/5.0 (Macintosh; Intel Mac OS X 10.6; rv:17.0) Gecko/17.0 Firefox/17.0"
127.0.0.1 - - [13/Nov/2012:23:51:30 +0000] "GET /app/global/js/common.js HTTP/1.1" 200 219 "http://0.0.0.0:10081/app/index.php/register" "Mozilla/5.0 (Macintosh; Intel Mac OS X 10.6; rv:17.0) Gecko/17.0 Firefox/17.0"
127.0.0.1 - - [13/Nov/2012:23:51:31 +0000] "GET /app/index.php/register HTTP/1.1" 404 1405 "-" "Mozilla/5.0 (Macintosh; Intel Mac OS X 10.6; rv:17.0) Gecko/17.0 Firefox/17.0"
127.0.0.1 - - [13/Nov/2012:23:51:31 +0000] "GET /app/global/css/screen.css HTTP/1.1" 200 1804 "http://0.0.0.0:10081/app/index.php/register" "Mozilla/5.0 (Macintosh; Intel Mac OS X 10.6; rv:17.0) Gecko/17.0 Firefox/17.0"
127.0.0.1 - - [13/Nov/2012:23:51:31 +0000] "GET /app/global/js/jquery.1.3.2.js HTTP/1.1" 200 57254 "http://0.0.0.0:10081/app/index.php/register" "Mozilla/5.0 (Macintosh; Intel Mac OS X 10.6; rv:17.0) Gecko/17.0 Firefox/17.0"
127.0.0.1 - - [13/Nov/2012:23:51:31 +0000] "GET /app/global/js/common.js HTTP/1.1" 200 219 "http://0.0.0.0:10081/app/index.php/register" "Mozilla/5.0 (Macintosh; Intel Mac OS X 10.6; rv:17.0) Gecko/17.0 Firefox/17.0"
127.0.0.1 - - [13/Nov/2012:23:51:31 +0000] "GET /app/index.php/register HTTP/1.1" 404 1405 "-" "Mozilla/5.0 (Macintosh; Intel Mac OS X 10.6; rv:17.0) Gecko/17.0 Firefox/17.0"
127.0.0.1 - - [13/Nov/2012:23:51:31 +0000] "GET /app/global/css/screen.css HTTP/1.1" 200 1804 "http://0.0.0.0:10081/app/index.php/register" "Mozilla/5.0 (Macintosh; Intel Mac OS X 10.6; rv:17.0) Gecko/17.0 Firefox/17.0"
127.0.0.1 - - [13/Nov/2012:23:51:31 +0000] "GET /app/global/js/common.js HTTP/1.1" 200 219 "http://0.0.0.0:10081/app/index.php/register" "Mozilla/5.0 (Macintosh; Intel Mac OS X 10.6; rv:17.0) Gecko/17.0 Firefox/17.0"
127.0.0.1 - - [13/Nov/2012:23:51:31 +0000] "GET /app/global/js/jquery.1.3.2.js HTTP/1.1" 200 57254 "http://0.0.0.0:10081/app/index.php/register" "Mozilla/5.0 (Macintosh; Intel Mac OS X 10.6; rv:17.0) Gecko/17.0 Firefox/17.0"
127.0.0.1 - - [13/Nov/2012:23:51:31 +0000] "GET /app/index.php/register HTTP/1.1" 404 1405 "-" "Mozilla/5.0 (Macintosh; Intel Mac OS X 10.6; rv:17.0) Gecko/17.0 Firefox/17.0"
127.0.0.1 - - [13/Nov/2012:23:51:32 +0000] "GET /app/global/css/screen.css HTTP/1.1" 200 1804 "http://0.0.0.0:10081/app/index.php/register" "Mozilla/5.0 (Macintosh; Intel Mac OS X 10.6; rv:17.0) Gecko/17.0 Firefox/17.0"
127.0.0.1 - - [13/Nov/2012:23:51:32 +0000] "GET /app/global/js/jquery.1.3.2.js HTTP/1.1" 200 57254 "http://0.0.0.0:10081/app/index.php/register" "Mozilla/5.0 (Macintosh; Intel Mac OS X 10.6; rv:17.0) Gecko/17.0 Firefox/17.0"
127.0.0.1 - - [13/Nov/2012:23:51:32 +0000] "GET /app/global/js/common.js HTTP/1.1" 200 219 "http://0.0.0.0:10081/app/index.php/register" "Mozilla/5.0 (Macintosh; Intel Mac OS X 10.6; rv:17.0) Gecko/17.0 Firefox/17.0"
127.0.0.1 - - [13/Nov/2012:23:51:32 +0000] "GET /app/index.php/register HTTP/1.1" 404 1405 "-" "Mozilla/5.0 (Macintosh; Intel Mac OS X 10.6; rv:17.0) Gecko/17.0 Firefox/17.0"
127.0.0.1 - - [13/Nov/2012:23:51:32 +0000] "GET /app/global/css/screen.css HTTP/1.1" 200 1804 "http://0.0.0.0:10081/app/index.php/register" "Mozilla/5.0 (Macintosh; Intel Mac OS X 10.6; rv:17.0) Gecko/17.0 Firefox/17.0"
127.0.0.1 - - [13/Nov/2012:23:51:32 +0000] "GET /app/global/js/jquery.1.3.2.js HTTP/1.1" 200 57254 "http://0.0.0.0:10081/app/index.php/register" "Mozilla/5.0 (Macintosh; Intel Mac OS X 10.6; rv:17.0) Gecko/17.0 Firefox/17.0"
127.0.0.1 - - [13/Nov/2012:23:51:32 +0000] "GET /app/global/js/common.js HTTP/1.1" 200 219 "http://0.0.0.0:10081/app/index.php/register" "Mozilla/5.0 (Macintosh; Intel Mac OS X 10.6; rv:17.0) Gecko/17.0 Firefox/17.0"
127.0.0.1 - - [13/Nov/2012:23:51:32 +0000] "GET /app/index.php/register HTTP/1.1" 404 1405 "-" "Mozilla/5.0 (Macintosh; Intel Mac OS X 10.6; rv:17.0) Gecko/17.0 Firefox/17.0"
127.0.0.1 - - [13/Nov/2012:23:51:32 +0000] "GET /app/global/css/screen.css HTTP/1.1" 200 1804 "http://0.0.0.0:10081/app/index.php/register" "Mozilla/5.0 (Macintosh; Intel Mac OS X 10.6; rv:17.0) Gecko/17.0 Firefox/17.0"
127.0.0.1 - - [13/Nov/2012:23:51:32 +0000] "GET /app/global/js/jquery.1.3.2.js HTTP/1.1" 200 57254 "http://0.0.0.0:10081/app/index.php/register" "Mozilla/5.0 (Macintosh; Intel Mac OS X 10.6; rv:17.0) Gecko/17.0 Firefox/17.0"
127.0.0.1 - - [13/Nov/2012:23:51:32 +0000] "GET /app/global/js/common.js HTTP/1.1" 200 219 "http://0.0.0.0:10081/app/index.php/register" "Mozilla/5.0 (Macintosh; Intel Mac OS X 10.6; rv:17.0) Gecko/17.0 Firefox/17.0"
127.0.0.1 - - [13/Nov/2012:23:51:33 +0000] "GET /app/index.php/register HTTP/1.1" 404 1405 "-" "Mozilla/5.0 (Macintosh; Intel Mac OS X 10.6; rv:17.0) Gecko/17.0 Firefox/17.0"
127.0.0.1 - - [13/Nov/2012:23:51:33 +0000] "GET /app/global/js/jquery.1.3.2.js HTTP/1.1" 200 57254 "http://0.0.0.0:10081/app/index.php/register" "Mozilla/5.0 (Macintosh; Intel Mac OS X 10.6; rv:17.0) Gecko/17.0 Firefox/17.0"
127.0.0.1 - - [13/Nov/2012:23:51:33 +0000] "GET /app/global/css/screen.css HTTP/1.1" 200 1804 "http://0.0.0.0:10081/app/index.php/register" "Mozilla/5.0 (Macintosh; Intel Mac OS X 10.6; rv:17.0) Gecko/17.0 Firefox/17.0"
127.0.0.1 - - [13/Nov/2012:23:51:33 +0000] "GET /app/global/js/common.js HTTP/1.1" 200 219 "http://0.0.0.0:10081/app/index.php/register" "Mozilla/5.0 (Macintosh; Intel Mac OS X 10.6; rv:17.0) Gecko/17.0 Firefox/17.0"
127.0.0.1 - - [13/Nov/2012:23:51:33 +0000] "GET /app/index.php/register HTTP/1.1" 404 1405 "-" "Mozilla/5.0 (Macintosh; Intel Mac OS X 10.6; rv:17.0) Gecko/17.0 Firefox/17.0"
127.0.0.1 - - [13/Nov/2012:23:51:33 +0000] "GET /app/global/css/screen.css HTTP/1.1" 200 1804 "http://0.0.0.0:10081/app/index.php/register" "Mozilla/5.0 (Macintosh; Intel Mac OS X 10.6; rv:17.0) Gecko/17.0 Firefox/17.0"
127.0.0.1 - - [13/Nov/2012:23:51:33 +0000] "GET /app/global/js/jquery.1.3.2.js HTTP/1.1" 200 57254 "http://0.0.0.0:10081/app/index.php/register" "Mozilla/5.0 (Macintosh; Intel Mac OS X 10.6; rv:17.0) Gecko/17.0 Firefox/17.0"
127.0.0.1 - - [13/Nov/2012:23:51:33 +0000] "GET /app/global/js/common.js HTTP/1.1" 200 219 "http://0.0.0.0:10081/app/index.php/register" "Mozilla/5.0 (Macintosh; Intel Mac OS X 10.6; rv:17.0) Gecko/17.0 Firefox/17.0"
127.0.0.1 - - [13/Nov/2012:23:51:33 +0000] "GET /app/index.php/register HTTP/1.1" 404 1405 "-" "Mozilla/5.0 (Macintosh; Intel Mac OS X 10.6; rv:17.0) Gecko/17.0 Firefox/17.0"
127.0.0.1 - - [13/Nov/2012:23:51:33 +0000] "GET /app/index.php/register HTTP/1.1" 404 1405 "-" "Mozilla/5.0 (Macintosh; Intel Mac OS X 10.6; rv:17.0) Gecko/17.0 Firefox/17.0"
127.0.0.1 - - [13/Nov/2012:23:51:33 +0000] "GET /app/global/css/screen.css HTTP/1.1" 200 1804 "http://0.0.0.0:10081/app/index.php/register" "Mozilla/5.0 (Macintosh; Intel Mac OS X 10.6; rv:17.0) Gecko/17.0 Firefox/17.0"
127.0.0.1 - - [13/Nov/2012:23:51:33 +0000] "GET /app/global/js/jquery.1.3.2.js HTTP/1.1" 200 57254 "http://0.0.0.0:10081/app/index.php/register" "Mozilla/5.0 (Macintosh; Intel Mac OS X 10.6; rv:17.0) Gecko/17.0 Firefox/17.0"
127.0.0.1 - - [13/Nov/2012:23:51:33 +0000] "GET /app/global/js/common.js HTTP/1.1" 200 219 "http://0.0.0.0:10081/app/index.php/register" "Mozilla/5.0 (Macintosh; Intel Mac OS X 10.6; rv:17.0) Gecko/17.0 Firefox/17.0"
127.0.0.1 - - [13/Nov/2012:23:51:33 +0000] "GET /app/index.php/register HTTP/1.1" 404 1405 "-" "Mozilla/5.0 (Macintosh; Intel Mac OS X 10.6; rv:17.0) Gecko/17.0 Firefox/17.0"
::1 - - [13/Nov/2012:23:51:34 +0000] "OPTIONS * HTTP/1.0" 200 - "-" "Apache/2.2.22 (Unix) PHP/5.3.10 (internal dummy connection)"
127.0.0.1 - - [13/Nov/2012:23:51:34 +0000] "GET /app/global/css/screen.css HTTP/1.1" 200 1804 "http://0.0.0.0:10081/app/index.php/register" "Mozilla/5.0 (Macintosh; Intel Mac OS X 10.6; rv:17.0) Gecko/17.0 Firefox/17.0"
127.0.0.1 - - [13/Nov/2012:23:51:34 +0000] "GET /app/global/js/jquery.1.3.2.js HTTP/1.1" 200 57254 "http://0.0.0.0:10081/app/index.php/register" "Mozilla/5.0 (Macintosh; Intel Mac OS X 10.6; rv:17.0) Gecko/17.0 Firefox/17.0"
127.0.0.1 - - [13/Nov/2012:23:51:34 +0000] "GET /app/global/js/common.js HTTP/1.1" 200 219 "http://0.0.0.0:10081/app/index.php/register" "Mozilla/5.0 (Macintosh; Intel Mac OS X 10.6; rv:17.0) Gecko/17.0 Firefox/17.0"
127.0.0.1 - - [13/Nov/2012:23:51:36 +0000] "GET /app/index.php/register HTTP/1.1" 404 1405 "-" "Mozilla/5.0 (Macintosh; Intel Mac OS X 10.6; rv:17.0) Gecko/17.0 Firefox/17.0"
127.0.0.1 - - [13/Nov/2012:23:51:37 +0000] "GET /app/global/css/screen.css HTTP/1.1" 200 1804 "http://0.0.0.0:10081/app/index.php/register" "Mozilla/5.0 (Macintosh; Intel Mac OS X 10.6; rv:17.0) Gecko/17.0 Firefox/17.0"
127.0.0.1 - - [13/Nov/2012:23:51:37 +0000] "GET /app/global/js/jquery.1.3.2.js HTTP/1.1" 200 57254 "http://0.0.0.0:10081/app/index.php/register" "Mozilla/5.0 (Macintosh; Intel Mac OS X 10.6; rv:17.0) Gecko/17.0 Firefox/17.0"
127.0.0.1 - - [13/Nov/2012:23:51:37 +0000] "GET /app/global/js/common.js HTTP/1.1" 200 219 "http://0.0.0.0:10081/app/index.php/register" "Mozilla/5.0 (Macintosh; Intel Mac OS X 10.6; rv:17.0) Gecko/17.0 Firefox/17.0"
::1 - - [13/Nov/2012:23:51:42 +0000] "OPTIONS * HTTP/1.0" 200 - "-" "Apache/2.2.22 (Unix) PHP/5.3.10 (internal dummy connection)"
::1 - - [13/Nov/2012:23:51:43 +0000] "OPTIONS * HTTP/1.0" 200 - "-" "Apache/2.2.22 (Unix) PHP/5.3.10 (internal dummy connection)"
127.0.0.1 - - [13/Nov/2012:23:52:07 +0000] "GET /app/index.php/register HTTP/1.1" 404 1405 "-" "Mozilla/5.0 (Macintosh; Intel Mac OS X 10.6; rv:17.0) Gecko/17.0 Firefox/17.0"
127.0.0.1 - - [13/Nov/2012:23:52:07 +0000] "GET /app/global/css/screen.css HTTP/1.1" 200 1804 "http://0.0.0.0:10081/app/index.php/register" "Mozilla/5.0 (Macintosh; Intel Mac OS X 10.6; rv:17.0) Gecko/17.0 Firefox/17.0"
127.0.0.1 - - [13/Nov/2012:23:52:07 +0000] "GET /app/global/js/jquery.1.3.2.js HTTP/1.1" 200 57254 "http://0.0.0.0:10081/app/index.php/register" "Mozilla/5.0 (Macintosh; Intel Mac OS X 10.6; rv:17.0) Gecko/17.0 Firefox/17.0"
127.0.0.1 - - [13/Nov/2012:23:52:07 +0000] "GET /app/global/js/common.js HTTP/1.1" 200 219 "http://0.0.0.0:10081/app/index.php/register" "Mozilla/5.0 (Macintosh; Intel Mac OS X 10.6; rv:17.0) Gecko/17.0 Firefox/17.0"
127.0.0.1 - - [13/Nov/2012:23:52:08 +0000] "GET /app/index.php/register HTTP/1.1" 404 1405 "-" "Mozilla/5.0 (Macintosh; Intel Mac OS X 10.6; rv:17.0) Gecko/17.0 Firefox/17.0"
127.0.0.1 - - [13/Nov/2012:23:52:08 +0000] "GET /app/global/css/screen.css HTTP/1.1" 200 1804 "http://0.0.0.0:10081/app/index.php/register" "Mozilla/5.0 (Macintosh; Intel Mac OS X 10.6; rv:17.0) Gecko/17.0 Firefox/17.0"
127.0.0.1 - - [13/Nov/2012:23:52:08 +0000] "GET /app/global/js/jquery.1.3.2.js HTTP/1.1" 200 57254 "http://0.0.0.0:10081/app/index.php/register" "Mozilla/5.0 (Macintosh; Intel Mac OS X 10.6; rv:17.0) Gecko/17.0 Firefox/17.0"
127.0.0.1 - - [13/Nov/2012:23:52:08 +0000] "GET /app/global/js/common.js HTTP/1.1" 200 219 "http://0.0.0.0:10081/app/index.php/register" "Mozilla/5.0 (Macintosh; Intel Mac OS X 10.6; rv:17.0) Gecko/17.0 Firefox/17.0"
::1 - - [13/Nov/2012:23:52:14 +0000] "OPTIONS * HTTP/1.0" 200 - "-" "Apache/2.2.22 (Unix) PHP/5.3.10 (internal dummy connection)"
127.0.0.1 - - [13/Nov/2012:23:52:45 +0000] "GET /app/index.php/register HTTP/1.1" 200 657 "-" "Mozilla/5.0 (Macintosh; Intel Mac OS X 10.6; rv:17.0) Gecko/17.0 Firefox/17.0"
127.0.0.1 - - [13/Nov/2012:23:52:49 +0000] "GET /app/index.php/register HTTP/1.1" 200 657 "-" "Mozilla/5.0 (Macintosh; Intel Mac OS X 10.6; rv:17.0) Gecko/17.0 Firefox/17.0"
127.0.0.1 - - [13/Nov/2012:23:52:50 +0000] "GET /app/index.php/register HTTP/1.1" 200 657 "-" "Mozilla/5.0 (Macintosh; Intel Mac OS X 10.6; rv:17.0) Gecko/17.0 Firefox/17.0"
127.0.0.1 - - [13/Nov/2012:23:52:50 +0000] "GET /app/index.php/register HTTP/1.1" 200 657 "-" "Mozilla/5.0 (Macintosh; Intel Mac OS X 10.6; rv:17.0) Gecko/17.0 Firefox/17.0"
127.0.0.1 - - [13/Nov/2012:23:52:51 +0000] "GET /app/index.php/register HTTP/1.1" 200 657 "-" "Mozilla/5.0 (Macintosh; Intel Mac OS X 10.6; rv:17.0) Gecko/17.0 Firefox/17.0"
127.0.0.1 - - [13/Nov/2012:23:53:34 +0000] "GET /app/index.php/register HTTP/1.1" 200 657 "-" "Mozilla/5.0 (Macintosh; Intel Mac OS X 10.6; rv:17.0) Gecko/17.0 Firefox/17.0"
127.0.0.1 - - [13/Nov/2012:23:53:35 +0000] "GET /app/index.php/register HTTP/1.1" 200 657 "-" "Mozilla/5.0 (Macintosh; Intel Mac OS X 10.6; rv:17.0) Gecko/17.0 Firefox/17.0"
127.0.0.1 - - [13/Nov/2012:23:53:36 +0000] "GET /app/index.php/register HTTP/1.1" 200 657 "-" "Mozilla/5.0 (Macintosh; Intel Mac OS X 10.6; rv:17.0) Gecko/17.0 Firefox/17.0"
127.0.0.1 - - [13/Nov/2012:23:54:06 +0000] "GET /app/index.php/register HTTP/1.1" 200 1614 "-" "Mozilla/5.0 (Macintosh; Intel Mac OS X 10.6; rv:17.0) Gecko/17.0 Firefox/17.0"
127.0.0.1 - - [13/Nov/2012:23:54:06 +0000] "GET /app/global/css/screen.css HTTP/1.1" 200 1804 "http://0.0.0.0:10081/app/index.php/register" "Mozilla/5.0 (Macintosh; Intel Mac OS X 10.6; rv:17.0) Gecko/17.0 Firefox/17.0"
127.0.0.1 - - [13/Nov/2012:23:54:06 +0000] "GET /app/global/js/jquery.1.3.2.js HTTP/1.1" 200 57254 "http://0.0.0.0:10081/app/index.php/register" "Mozilla/5.0 (Macintosh; Intel Mac OS X 10.6; rv:17.0) Gecko/17.0 Firefox/17.0"
127.0.0.1 - - [13/Nov/2012:23:54:06 +0000] "GET /app/global/js/common.js HTTP/1.1" 200 219 "http://0.0.0.0:10081/app/index.php/register" "Mozilla/5.0 (Macintosh; Intel Mac OS X 10.6; rv:17.0) Gecko/17.0 Firefox/17.0"
::1 - - [13/Nov/2012:23:54:11 +0000] "OPTIONS * HTTP/1.0" 200 - "-" "Apache/2.2.22 (Unix) PHP/5.3.10 (internal dummy connection)"
127.0.0.1 - - [13/Nov/2012:23:54:57 +0000] "POST /app/index.php/do_register HTTP/1.1" 200 - "http://0.0.0.0:10081/app/index.php/register" "Mozilla/5.0 (Macintosh; Intel Mac OS X 10.6; rv:17.0) Gecko/17.0 Firefox/17.0"
127.0.0.1 - - [14/Nov/2012:00:00:43 +0000] "GET /app/index.php/registration HTTP/1.1" 200 1614 "-" "Mozilla/5.0 (Macintosh; Intel Mac OS X 10.6; rv:17.0) Gecko/17.0 Firefox/17.0"
127.0.0.1 - - [14/Nov/2012:22:48:55 +0000] "GET /app/ HTTP/1.1" 200 1729 "-" "Mozilla/5.0 (Macintosh; Intel Mac OS X 10.6; rv:17.0) Gecko/17.0 Firefox/17.0"
127.0.0.1 - - [14/Nov/2012:22:48:56 +0000] "GET /app/global/css/screen.css HTTP/1.1" 304 - "http://0.0.0.0:10081/app/" "Mozilla/5.0 (Macintosh; Intel Mac OS X 10.6; rv:17.0) Gecko/17.0 Firefox/17.0"
127.0.0.1 - - [14/Nov/2012:22:48:56 +0000] "GET /app/global/js/jquery.1.3.2.js HTTP/1.1" 304 - "http://0.0.0.0:10081/app/" "Mozilla/5.0 (Macintosh; Intel Mac OS X 10.6; rv:17.0) Gecko/17.0 Firefox/17.0"
127.0.0.1 - - [14/Nov/2012:22:48:56 +0000] "GET /app/global/js/common.js HTTP/1.1" 304 - "http://0.0.0.0:10081/app/" "Mozilla/5.0 (Macintosh; Intel Mac OS X 10.6; rv:17.0) Gecko/17.0 Firefox/17.0"
::1 - - [14/Nov/2012:22:49:01 +0000] "OPTIONS * HTTP/1.0" 200 - "-" "Apache/2.2.22 (Unix) PHP/5.3.10 (internal dummy connection)"
::1 - - [14/Nov/2012:22:49:02 +0000] "OPTIONS * HTTP/1.0" 200 - "-" "Apache/2.2.22 (Unix) PHP/5.3.10 (internal dummy connection)"
127.0.0.1 - - [15/Nov/2012:09:02:43 +0000] "GET /app/index.php HTTP/1.1" 200 1729 "-" "Mozilla/5.0 (Macintosh; Intel Mac OS X 10.6; rv:17.0) Gecko/17.0 Firefox/17.0"
127.0.0.1 - - [15/Nov/2012:09:02:43 +0000] "GET /app/global/css/screen.css HTTP/1.1" 304 - "http://0.0.0.0:10081/app/index.php" "Mozilla/5.0 (Macintosh; Intel Mac OS X 10.6; rv:17.0) Gecko/17.0 Firefox/17.0"
127.0.0.1 - - [15/Nov/2012:09:02:43 +0000] "GET /app/global/js/jquery.1.3.2.js HTTP/1.1" 304 - "http://0.0.0.0:10081/app/index.php" "Mozilla/5.0 (Macintosh; Intel Mac OS X 10.6; rv:17.0) Gecko/17.0 Firefox/17.0"
127.0.0.1 - - [15/Nov/2012:09:02:43 +0000] "GET /app/global/js/common.js HTTP/1.1" 304 - "http://0.0.0.0:10081/app/index.php" "Mozilla/5.0 (Macintosh; Intel Mac OS X 10.6; rv:17.0) Gecko/17.0 Firefox/17.0"
127.0.0.1 - - [15/Nov/2012:09:02:46 +0000] "GET /app/index.php/register HTTP/1.1" 404 1405 "http://0.0.0.0:10081/app/index.php" "Mozilla/5.0 (Macintosh; Intel Mac OS X 10.6; rv:17.0) Gecko/17.0 Firefox/17.0"
::1 - - [15/Nov/2012:09:02:48 +0000] "OPTIONS * HTTP/1.0" 200 - "-" "Apache/2.2.22 (Unix) PHP/5.3.10 (internal dummy connection)"
::1 - - [15/Nov/2012:09:02:52 +0000] "OPTIONS * HTTP/1.0" 200 - "-" "Apache/2.2.22 (Unix) PHP/5.3.10 (internal dummy connection)"
127.0.0.1 - - [15/Nov/2012:09:04:25 +0000] "GET /app/index.php/registration HTTP/1.1" 200 4829 "-" "Mozilla/5.0 (Macintosh; Intel Mac OS X 10.6; rv:17.0) Gecko/17.0 Firefox/17.0"
127.0.0.1 - - [15/Nov/2012:09:06:09 +0000] "GET /app/index.php/registration HTTP/1.1" 200 4829 "-" "Mozilla/5.0 (Macintosh; Intel Mac OS X 10.6; rv:17.0) Gecko/17.0 Firefox/17.0"
127.0.0.1 - - [15/Nov/2012:09:19:10 +0000] "GET /app/index.php/registration HTTP/1.1" 200 5134 "-" "Mozilla/5.0 (Macintosh; Intel Mac OS X 10.6; rv:17.0) Gecko/17.0 Firefox/17.0"
127.0.0.1 - - [15/Nov/2012:09:19:24 +0000] "POST /app/index.php/register HTTP/1.1" 200 43727 "http://0.0.0.0:10081/app/index.php/registration" "Mozilla/5.0 (Macintosh; Intel Mac OS X 10.6; rv:17.0) Gecko/17.0 Firefox/17.0"
127.0.0.1 - - [15/Nov/2012:09:19:24 +0000] "GET /app/index.php?doodiagnostic_pic=bg-footer.gif HTTP/1.1" 200 92 "http://0.0.0.0:10081/app/index.php/register" "Mozilla/5.0 (Macintosh; Intel Mac OS X 10.6; rv:17.0) Gecko/17.0 Firefox/17.0"
127.0.0.1 - - [15/Nov/2012:09:19:24 +0000] "GET /app/index.php?doodiagnostic_pic=logo-b2.png HTTP/1.1" 200 13396 "http://0.0.0.0:10081/app/index.php/register" "Mozilla/5.0 (Macintosh; Intel Mac OS X 10.6; rv:17.0) Gecko/17.0 Firefox/17.0"
127.0.0.1 - - [15/Nov/2012:09:19:24 +0000] "GET /app/index.php?doodiagnostic_pic=bg-down.png HTTP/1.1" 200 11682 "http://0.0.0.0:10081/app/index.php/register" "Mozilla/5.0 (Macintosh; Intel Mac OS X 10.6; rv:17.0) Gecko/17.0 Firefox/17.0"
::1 - - [15/Nov/2012:09:19:30 +0000] "OPTIONS * HTTP/1.0" 200 - "-" "Apache/2.2.22 (Unix) PHP/5.3.10 (internal dummy connection)"
::1 - - [15/Nov/2012:09:19:31 +0000] "OPTIONS * HTTP/1.0" 200 - "-" "Apache/2.2.22 (Unix) PHP/5.3.10 (internal dummy connection)"
::1 - - [15/Nov/2012:09:19:37 +0000] "OPTIONS * HTTP/1.0" 200 - "-" "Apache/2.2.22 (Unix) PHP/5.3.10 (internal dummy connection)"
127.0.0.1 - - [15/Nov/2012:09:23:29 +0000] "GET /app/index.php/registration HTTP/1.1" 200 5137 "-" "Mozilla/5.0 (Macintosh; Intel Mac OS X 10.6; rv:17.0) Gecko/17.0 Firefox/17.0"
127.0.0.1 - - [15/Nov/2012:09:23:40 +0000] "GET /app/index.php/login HTTP/1.1" 404 1405 "-" "Mozilla/5.0 (Macintosh; Intel Mac OS X 10.6; rv:17.0) Gecko/17.0 Firefox/17.0"
127.0.0.1 - - [15/Nov/2012:09:23:47 +0000] "GET /app/index.php/ HTTP/1.1" 200 1729 "-" "Mozilla/5.0 (Macintosh; Intel Mac OS X 10.6; rv:17.0) Gecko/17.0 Firefox/17.0"
127.0.0.1 - - [15/Nov/2012:09:26:57 +0000] "GET /app/index.php/register HTTP/1.1" 404 1405 "http://0.0.0.0:10081/app/index.php/" "Mozilla/5.0 (Macintosh; Intel Mac OS X 10.6; rv:17.0) Gecko/17.0 Firefox/17.0"
127.0.0.1 - - [15/Nov/2012:09:27:03 +0000] "GET /app/index.php/registration HTTP/1.1" 200 5137 "-" "Mozilla/5.0 (Macintosh; Intel Mac OS X 10.6; rv:17.0) Gecko/17.0 Firefox/17.0"
127.0.0.1 - - [15/Nov/2012:09:32:14 +0000] "GET /app/index.php/registration HTTP/1.1" 200 5137 "-" "Mozilla/5.0 (Macintosh; Intel Mac OS X 10.6; rv:17.0) Gecko/17.0 Firefox/17.0"
127.0.0.1 - - [15/Nov/2012:09:32:49 +0000] "GET /app/index.php/registration HTTP/1.1" 200 5137 "-" "Mozilla/5.0 (Macintosh; Intel Mac OS X 10.6; rv:17.0) Gecko/17.0 Firefox/17.0"
127.0.0.1 - - [15/Nov/2012:09:32:53 +0000] "GET /app/index.php/registration HTTP/1.1" 200 5137 "-" "Mozilla/5.0 (Macintosh; Intel Mac OS X 10.6; rv:17.0) Gecko/17.0 Firefox/17.0"
127.0.0.1 - - [15/Nov/2012:09:32:53 +0000] "GET /app/global/css/screen.css HTTP/1.1" 200 1804 "http://0.0.0.0:10081/app/index.php/registration" "Mozilla/5.0 (Macintosh; Intel Mac OS X 10.6; rv:17.0) Gecko/17.0 Firefox/17.0"
127.0.0.1 - - [15/Nov/2012:09:32:53 +0000] "GET /app/global/js/common.js HTTP/1.1" 200 219 "http://0.0.0.0:10081/app/index.php/registration" "Mozilla/5.0 (Macintosh; Intel Mac OS X 10.6; rv:17.0) Gecko/17.0 Firefox/17.0"
127.0.0.1 - - [15/Nov/2012:09:32:53 +0000] "GET /app/global/js/jquery.1.3.2.js HTTP/1.1" 200 57254 "http://0.0.0.0:10081/app/index.php/registration" "Mozilla/5.0 (Macintosh; Intel Mac OS X 10.6; rv:17.0) Gecko/17.0 Firefox/17.0"
::1 - - [15/Nov/2012:09:32:59 +0000] "OPTIONS * HTTP/1.0" 200 - "-" "Apache/2.2.22 (Unix) PHP/5.3.10 (internal dummy connection)"
127.0.0.1 - - [15/Nov/2012:09:32:59 +0000] "GET /app/index.php/registration HTTP/1.1" 200 5137 "-" "Mozilla/5.0 (Macintosh; Intel Mac OS X 10.6; rv:17.0) Gecko/17.0 Firefox/17.0"
127.0.0.1 - - [15/Nov/2012:09:32:59 +0000] "GET /app/global/css/screen.css HTTP/1.1" 200 1804 "http://0.0.0.0:10081/app/index.php/registration" "Mozilla/5.0 (Macintosh; Intel Mac OS X 10.6; rv:17.0) Gecko/17.0 Firefox/17.0"
127.0.0.1 - - [15/Nov/2012:09:32:59 +0000] "GET /app/global/js/jquery.1.3.2.js HTTP/1.1" 200 57254 "http://0.0.0.0:10081/app/index.php/registration" "Mozilla/5.0 (Macintosh; Intel Mac OS X 10.6; rv:17.0) Gecko/17.0 Firefox/17.0"
127.0.0.1 - - [15/Nov/2012:09:32:59 +0000] "GET /app/global/js/common.js HTTP/1.1" 200 219 "http://0.0.0.0:10081/app/index.php/registration" "Mozilla/5.0 (Macintosh; Intel Mac OS X 10.6; rv:17.0) Gecko/17.0 Firefox/17.0"
127.0.0.1 - - [15/Nov/2012:09:33:00 +0000] "GET /app/index.php/registration HTTP/1.1" 200 5137 "-" "Mozilla/5.0 (Macintosh; Intel Mac OS X 10.6; rv:17.0) Gecko/17.0 Firefox/17.0"
127.0.0.1 - - [15/Nov/2012:09:33:00 +0000] "GET /app/global/css/screen.css HTTP/1.1" 200 1804 "http://0.0.0.0:10081/app/index.php/registration" "Mozilla/5.0 (Macintosh; Intel Mac OS X 10.6; rv:17.0) Gecko/17.0 Firefox/17.0"
127.0.0.1 - - [15/Nov/2012:09:33:00 +0000] "GET /app/global/js/jquery.1.3.2.js HTTP/1.1" 200 57254 "http://0.0.0.0:10081/app/index.php/registration" "Mozilla/5.0 (Macintosh; Intel Mac OS X 10.6; rv:17.0) Gecko/17.0 Firefox/17.0"
127.0.0.1 - - [15/Nov/2012:09:33:00 +0000] "GET /app/global/js/common.js HTTP/1.1" 200 219 "http://0.0.0.0:10081/app/index.php/registration" "Mozilla/5.0 (Macintosh; Intel Mac OS X 10.6; rv:17.0) Gecko/17.0 Firefox/17.0"
127.0.0.1 - - [15/Nov/2012:09:33:01 +0000] "GET /app/index.php/registration HTTP/1.1" 200 5137 "-" "Mozilla/5.0 (Macintosh; Intel Mac OS X 10.6; rv:17.0) Gecko/17.0 Firefox/17.0"
127.0.0.1 - - [15/Nov/2012:09:33:01 +0000] "GET /app/global/css/screen.css HTTP/1.1" 200 1804 "http://0.0.0.0:10081/app/index.php/registration" "Mozilla/5.0 (Macintosh; Intel Mac OS X 10.6; rv:17.0) Gecko/17.0 Firefox/17.0"
127.0.0.1 - - [15/Nov/2012:09:33:01 +0000] "GET /app/global/js/jquery.1.3.2.js HTTP/1.1" 200 57254 "http://0.0.0.0:10081/app/index.php/registration" "Mozilla/5.0 (Macintosh; Intel Mac OS X 10.6; rv:17.0) Gecko/17.0 Firefox/17.0"
127.0.0.1 - - [15/Nov/2012:09:33:01 +0000] "GET /app/global/js/common.js HTTP/1.1" 200 219 "http://0.0.0.0:10081/app/index.php/registration" "Mozilla/5.0 (Macintosh; Intel Mac OS X 10.6; rv:17.0) Gecko/17.0 Firefox/17.0"
::1 - - [15/Nov/2012:09:33:02 +0000] "OPTIONS * HTTP/1.0" 200 - "-" "Apache/2.2.22 (Unix) PHP/5.3.10 (internal dummy connection)"
127.0.0.1 - - [15/Nov/2012:09:33:03 +0000] "GET /app/index.php/registration HTTP/1.1" 200 5137 "-" "Mozilla/5.0 (Macintosh; Intel Mac OS X 10.6; rv:17.0) Gecko/17.0 Firefox/17.0"
127.0.0.1 - - [15/Nov/2012:09:33:04 +0000] "GET /app/global/css/screen.css HTTP/1.1" 200 1804 "http://0.0.0.0:10081/app/index.php/registration" "Mozilla/5.0 (Macintosh; Intel Mac OS X 10.6; rv:17.0) Gecko/17.0 Firefox/17.0"
127.0.0.1 - - [15/Nov/2012:09:33:04 +0000] "GET /app/global/js/jquery.1.3.2.js HTTP/1.1" 200 57254 "http://0.0.0.0:10081/app/index.php/registration" "Mozilla/5.0 (Macintosh; Intel Mac OS X 10.6; rv:17.0) Gecko/17.0 Firefox/17.0"
127.0.0.1 - - [15/Nov/2012:09:33:04 +0000] "GET /app/global/js/common.js HTTP/1.1" 200 219 "http://0.0.0.0:10081/app/index.php/registration" "Mozilla/5.0 (Macintosh; Intel Mac OS X 10.6; rv:17.0) Gecko/17.0 Firefox/17.0"
127.0.0.1 - - [15/Nov/2012:09:33:04 +0000] "GET /app/index.php/registration HTTP/1.1" 200 5137 "-" "Mozilla/5.0 (Macintosh; Intel Mac OS X 10.6; rv:17.0) Gecko/17.0 Firefox/17.0"
127.0.0.1 - - [15/Nov/2012:09:33:04 +0000] "GET /app/global/css/screen.css HTTP/1.1" 200 1804 "http://0.0.0.0:10081/app/index.php/registration" "Mozilla/5.0 (Macintosh; Intel Mac OS X 10.6; rv:17.0) Gecko/17.0 Firefox/17.0"
127.0.0.1 - - [15/Nov/2012:09:33:04 +0000] "GET /app/global/js/jquery.1.3.2.js HTTP/1.1" 200 57254 "http://0.0.0.0:10081/app/index.php/registration" "Mozilla/5.0 (Macintosh; Intel Mac OS X 10.6; rv:17.0) Gecko/17.0 Firefox/17.0"
127.0.0.1 - - [15/Nov/2012:09:33:04 +0000] "GET /app/global/js/common.js HTTP/1.1" 200 219 "http://0.0.0.0:10081/app/index.php/registration" "Mozilla/5.0 (Macintosh; Intel Mac OS X 10.6; rv:17.0) Gecko/17.0 Firefox/17.0"
127.0.0.1 - - [15/Nov/2012:09:33:05 +0000] "GET /app/index.php/registration HTTP/1.1" 200 5137 "-" "Mozilla/5.0 (Macintosh; Intel Mac OS X 10.6; rv:17.0) Gecko/17.0 Firefox/17.0"
127.0.0.1 - - [15/Nov/2012:09:33:05 +0000] "GET /app/global/css/screen.css HTTP/1.1" 200 1804 "http://0.0.0.0:10081/app/index.php/registration" "Mozilla/5.0 (Macintosh; Intel Mac OS X 10.6; rv:17.0) Gecko/17.0 Firefox/17.0"
127.0.0.1 - - [15/Nov/2012:09:33:05 +0000] "GET /app/global/js/jquery.1.3.2.js HTTP/1.1" 200 57254 "http://0.0.0.0:10081/app/index.php/registration" "Mozilla/5.0 (Macintosh; Intel Mac OS X 10.6; rv:17.0) Gecko/17.0 Firefox/17.0"
127.0.0.1 - - [15/Nov/2012:09:33:05 +0000] "GET /app/global/js/common.js HTTP/1.1" 200 219 "http://0.0.0.0:10081/app/index.php/registration" "Mozilla/5.0 (Macintosh; Intel Mac OS X 10.6; rv:17.0) Gecko/17.0 Firefox/17.0"
127.0.0.1 - - [15/Nov/2012:09:33:05 +0000] "GET /app/index.php/registration HTTP/1.1" 200 5137 "-" "Mozilla/5.0 (Macintosh; Intel Mac OS X 10.6; rv:17.0) Gecko/17.0 Firefox/17.0"
127.0.0.1 - - [15/Nov/2012:09:33:05 +0000] "GET /app/global/css/screen.css HTTP/1.1" 200 1804 "http://0.0.0.0:10081/app/index.php/registration" "Mozilla/5.0 (Macintosh; Intel Mac OS X 10.6; rv:17.0) Gecko/17.0 Firefox/17.0"
127.0.0.1 - - [15/Nov/2012:09:33:05 +0000] "GET /app/global/js/jquery.1.3.2.js HTTP/1.1" 200 57254 "http://0.0.0.0:10081/app/index.php/registration" "Mozilla/5.0 (Macintosh; Intel Mac OS X 10.6; rv:17.0) Gecko/17.0 Firefox/17.0"
127.0.0.1 - - [15/Nov/2012:09:33:05 +0000] "GET /app/global/js/common.js HTTP/1.1" 200 219 "http://0.0.0.0:10081/app/index.php/registration" "Mozilla/5.0 (Macintosh; Intel Mac OS X 10.6; rv:17.0) Gecko/17.0 Firefox/17.0"
