::1 - - [16/Nov/2012:09:15:19 +0000] "OPTIONS * HTTP/1.0" 200 - "-" "Apache/2.2.22 (Unix) PHP/5.3.10 (internal dummy connection)"
127.0.0.1 - - [16/Nov/2012:09:15:36 +0000] "GET /app/index.php HTTP/1.1" 200 5490 "-" "Mozilla/5.0 (Macintosh; Intel Mac OS X 10.6; rv:17.0) Gecko/17.0 Firefox/17.0"
127.0.0.1 - - [16/Nov/2012:09:15:41 +0000] "POST /app/index.php/login HTTP/1.1" 200 5523 "http://0.0.0.0:10081/app/index.php" "Mozilla/5.0 (Macintosh; Intel Mac OS X 10.6; rv:17.0) Gecko/17.0 Firefox/17.0"
127.0.0.1 - - [16/Nov/2012:09:15:58 +0000] "POST /app/index.php/login HTTP/1.1" 200 5523 "http://0.0.0.0:10081/app/index.php/login" "Mozilla/5.0 (Macintosh; Intel Mac OS X 10.6; rv:17.0) Gecko/17.0 Firefox/17.0"
127.0.0.1 - - [16/Nov/2012:09:17:40 +0000] "GET /app/index.php/login HTTP/1.1" 404 1803 "-" "Mozilla/5.0 (Macintosh; Intel Mac OS X 10.6; rv:17.0) Gecko/17.0 Firefox/17.0"
127.0.0.1 - - [16/Nov/2012:09:17:45 +0000] "GET /app/index.php/ HTTP/1.1" 200 5814 "-" "Mozilla/5.0 (Macintosh; Intel Mac OS X 10.6; rv:17.0) Gecko/17.0 Firefox/17.0"
127.0.0.1 - - [16/Nov/2012:09:19:28 +0000] "GET /app/index.php/ HTTP/1.1" 200 5814 "-" "Mozilla/5.0 (Macintosh; Intel Mac OS X 10.6; rv:17.0) Gecko/17.0 Firefox/17.0"
127.0.0.1 - - [16/Nov/2012:09:19:31 +0000] "GET /app/index.php/ HTTP/1.1" 200 5814 "-" "Mozilla/5.0 (Macintosh; Intel Mac OS X 10.6; rv:17.0) Gecko/17.0 Firefox/17.0"
127.0.0.1 - - [16/Nov/2012:09:20:06 +0000] "GET /app/index.php/ HTTP/1.1" 200 7161 "-" "Mozilla/5.0 (Macintosh; Intel Mac OS X 10.6; rv:17.0) Gecko/17.0 Firefox/17.0"
127.0.0.1 - - [16/Nov/2012:09:20:21 +0000] "GET /app/index.php/ HTTP/1.1" 200 6822 "-" "Mozilla/5.0 (Macintosh; Intel Mac OS X 10.6; rv:17.0) Gecko/17.0 Firefox/17.0"
127.0.0.1 - - [16/Nov/2012:09:20:25 +0000] "GET /app/index.php/registration HTTP/1.1" 200 5535 "http://0.0.0.0:10081/app/index.php/" "Mozilla/5.0 (Macintosh; Intel Mac OS X 10.6; rv:17.0) Gecko/17.0 Firefox/17.0"
127.0.0.1 - - [16/Nov/2012:09:20:25 +0000] "GET /app/global/css/note.gif HTTP/1.1" 304 - "http://0.0.0.0:10081/app/global/css/zebra_form.css" "Mozilla/5.0 (Macintosh; Intel Mac OS X 10.6; rv:17.0) Gecko/17.0 Firefox/17.0"
127.0.0.1 - - [16/Nov/2012:09:22:32 +0000] "GET /app/index.php/registration HTTP/1.1" 200 5566 "-" "Mozilla/5.0 (Macintosh; Intel Mac OS X 10.6; rv:17.0) Gecko/17.0 Firefox/17.0"
127.0.0.1 - - [16/Nov/2012:09:23:18 +0000] "GET /app/index.php/registration HTTP/1.1" 200 5574 "-" "Mozilla/5.0 (Macintosh; Intel Mac OS X 10.6; rv:17.0) Gecko/17.0 Firefox/17.0"
127.0.0.1 - - [16/Nov/2012:09:23:22 +0000] "GET /app/global/css/close.png HTTP/1.1" 404 222 "http://0.0.0.0:10081/app/global/css/zebra_form.css" "Mozilla/5.0 (Macintosh; Intel Mac OS X 10.6; rv:17.0) Gecko/17.0 Firefox/17.0"
127.0.0.1 - - [16/Nov/2012:09:23:45 +0000] "GET /app/index.php/registration HTTP/1.1" 200 5582 "-" "Mozilla/5.0 (Macintosh; Intel Mac OS X 10.6; rv:17.0) Gecko/17.0 Firefox/17.0"
127.0.0.1 - - [16/Nov/2012:09:23:47 +0000] "POST /app/index.php/register HTTP/1.1" 200 46203 "http://0.0.0.0:10081/app/index.php/registration" "Mozilla/5.0 (Macintosh; Intel Mac OS X 10.6; rv:17.0) Gecko/17.0 Firefox/17.0"
127.0.0.1 - - [16/Nov/2012:09:23:47 +0000] "GET /app/index.php?doodiagnostic_pic=bg-footer.gif HTTP/1.1" 200 92 "http://0.0.0.0:10081/app/index.php/register" "Mozilla/5.0 (Macintosh; Intel Mac OS X 10.6; rv:17.0) Gecko/17.0 Firefox/17.0"
127.0.0.1 - - [16/Nov/2012:09:23:47 +0000] "GET /app/index.php?doodiagnostic_pic=logo-b2.png HTTP/1.1" 200 13396 "http://0.0.0.0:10081/app/index.php/register" "Mozilla/5.0 (Macintosh; Intel Mac OS X 10.6; rv:17.0) Gecko/17.0 Firefox/17.0"
127.0.0.1 - - [16/Nov/2012:09:23:47 +0000] "GET /app/index.php?doodiagnostic_pic=bg-down.png HTTP/1.1" 200 11682 "http://0.0.0.0:10081/app/index.php/register" "Mozilla/5.0 (Macintosh; Intel Mac OS X 10.6; rv:17.0) Gecko/17.0 Firefox/17.0"
::1 - - [16/Nov/2012:09:23:53 +0000] "OPTIONS * HTTP/1.0" 200 - "-" "Apache/2.2.22 (Unix) PHP/5.3.10 (internal dummy connection)"
::1 - - [16/Nov/2012:09:23:54 +0000] "OPTIONS * HTTP/1.0" 200 - "-" "Apache/2.2.22 (Unix) PHP/5.3.10 (internal dummy connection)"
::1 - - [16/Nov/2012:09:23:55 +0000] "OPTIONS * HTTP/1.0" 200 - "-" "Apache/2.2.22 (Unix) PHP/5.3.10 (internal dummy connection)"
127.0.0.1 - - [16/Nov/2012:09:25:29 +0000] "GET /app/index.php/registration HTTP/1.1" 200 5308 "-" "Mozilla/5.0 (Macintosh; Intel Mac OS X 10.6; rv:17.0) Gecko/17.0 Firefox/17.0"
127.0.0.1 - - [16/Nov/2012:09:25:45 +0000] "POST /app/index.php/register HTTP/1.1" 200 45526 "http://0.0.0.0:10081/app/index.php/registration" "Mozilla/5.0 (Macintosh; Intel Mac OS X 10.6; rv:17.0) Gecko/17.0 Firefox/17.0"
127.0.0.1 - - [16/Nov/2012:09:25:45 +0000] "GET /app/index.php?doodiagnostic_pic=logo-b2.png HTTP/1.1" 200 13396 "http://0.0.0.0:10081/app/index.php/register" "Mozilla/5.0 (Macintosh; Intel Mac OS X 10.6; rv:17.0) Gecko/17.0 Firefox/17.0"
127.0.0.1 - - [16/Nov/2012:09:25:45 +0000] "GET /app/index.php?doodiagnostic_pic=bg-footer.gif HTTP/1.1" 200 92 "http://0.0.0.0:10081/app/index.php/register" "Mozilla/5.0 (Macintosh; Intel Mac OS X 10.6; rv:17.0) Gecko/17.0 Firefox/17.0"
127.0.0.1 - - [16/Nov/2012:09:25:45 +0000] "GET /app/index.php?doodiagnostic_pic=bg-down.png HTTP/1.1" 200 11682 "http://0.0.0.0:10081/app/index.php/register" "Mozilla/5.0 (Macintosh; Intel Mac OS X 10.6; rv:17.0) Gecko/17.0 Firefox/17.0"
::1 - - [16/Nov/2012:09:25:51 +0000] "OPTIONS * HTTP/1.0" 200 - "-" "Apache/2.2.22 (Unix) PHP/5.3.10 (internal dummy connection)"
::1 - - [16/Nov/2012:09:25:52 +0000] "OPTIONS * HTTP/1.0" 200 - "-" "Apache/2.2.22 (Unix) PHP/5.3.10 (internal dummy connection)"
::1 - - [16/Nov/2012:09:25:53 +0000] "OPTIONS * HTTP/1.0" 200 - "-" "Apache/2.2.22 (Unix) PHP/5.3.10 (internal dummy connection)"
127.0.0.1 - - [16/Nov/2012:09:26:41 +0000] "GET /app/index.php/registration HTTP/1.1" 200 5308 "-" "Mozilla/5.0 (Macintosh; Intel Mac OS X 10.6; rv:17.0) Gecko/17.0 Firefox/17.0"
127.0.0.1 - - [16/Nov/2012:09:26:57 +0000] "POST /app/index.php/register HTTP/1.1" 200 45526 "http://0.0.0.0:10081/app/index.php/registration" "Mozilla/5.0 (Macintosh; Intel Mac OS X 10.6; rv:17.0) Gecko/17.0 Firefox/17.0"
127.0.0.1 - - [16/Nov/2012:09:26:57 +0000] "GET /app/index.php?doodiagnostic_pic=logo-b2.png HTTP/1.1" 200 13396 "http://0.0.0.0:10081/app/index.php/register" "Mozilla/5.0 (Macintosh; Intel Mac OS X 10.6; rv:17.0) Gecko/17.0 Firefox/17.0"
127.0.0.1 - - [16/Nov/2012:09:26:57 +0000] "GET /app/index.php?doodiagnostic_pic=bg-footer.gif HTTP/1.1" 200 92 "http://0.0.0.0:10081/app/index.php/register" "Mozilla/5.0 (Macintosh; Intel Mac OS X 10.6; rv:17.0) Gecko/17.0 Firefox/17.0"
127.0.0.1 - - [16/Nov/2012:09:26:57 +0000] "GET /app/index.php?doodiagnostic_pic=bg-down.png HTTP/1.1" 200 11682 "http://0.0.0.0:10081/app/index.php/register" "Mozilla/5.0 (Macintosh; Intel Mac OS X 10.6; rv:17.0) Gecko/17.0 Firefox/17.0"
::1 - - [16/Nov/2012:09:27:02 +0000] "OPTIONS * HTTP/1.0" 200 - "-" "Apache/2.2.22 (Unix) PHP/5.3.10 (internal dummy connection)"
::1 - - [16/Nov/2012:09:27:03 +0000] "OPTIONS * HTTP/1.0" 200 - "-" "Apache/2.2.22 (Unix) PHP/5.3.10 (internal dummy connection)"
::1 - - [16/Nov/2012:09:27:04 +0000] "OPTIONS * HTTP/1.0" 200 - "-" "Apache/2.2.22 (Unix) PHP/5.3.10 (internal dummy connection)"
127.0.0.1 - - [16/Nov/2012:09:30:37 +0000] "POST /app/index.php/register HTTP/1.1" 200 46042 "http://0.0.0.0:10081/app/index.php/registration" "Mozilla/5.0 (Macintosh; Intel Mac OS X 10.6; rv:17.0) Gecko/17.0 Firefox/17.0"
127.0.0.1 - - [16/Nov/2012:09:30:37 +0000] "GET /app/index.php?doodiagnostic_pic=bg-footer.gif HTTP/1.1" 200 92 "http://0.0.0.0:10081/app/index.php/register" "Mozilla/5.0 (Macintosh; Intel Mac OS X 10.6; rv:17.0) Gecko/17.0 Firefox/17.0"
127.0.0.1 - - [16/Nov/2012:09:30:37 +0000] "GET /app/index.php?doodiagnostic_pic=logo-b2.png HTTP/1.1" 200 13396 "http://0.0.0.0:10081/app/index.php/register" "Mozilla/5.0 (Macintosh; Intel Mac OS X 10.6; rv:17.0) Gecko/17.0 Firefox/17.0"
127.0.0.1 - - [16/Nov/2012:09:30:37 +0000] "GET /app/index.php?doodiagnostic_pic=bg-down.png HTTP/1.1" 200 11682 "http://0.0.0.0:10081/app/index.php/register" "Mozilla/5.0 (Macintosh; Intel Mac OS X 10.6; rv:17.0) Gecko/17.0 Firefox/17.0"
::1 - - [16/Nov/2012:09:30:43 +0000] "OPTIONS * HTTP/1.0" 200 - "-" "Apache/2.2.22 (Unix) PHP/5.3.10 (internal dummy connection)"
::1 - - [16/Nov/2012:09:30:44 +0000] "OPTIONS * HTTP/1.0" 200 - "-" "Apache/2.2.22 (Unix) PHP/5.3.10 (internal dummy connection)"
::1 - - [16/Nov/2012:09:30:45 +0000] "OPTIONS * HTTP/1.0" 200 - "-" "Apache/2.2.22 (Unix) PHP/5.3.10 (internal dummy connection)"
127.0.0.1 - - [16/Nov/2012:09:37:44 +0000] "POST /app/index.php/register HTTP/1.1" 200 46241 "http://0.0.0.0:10081/app/index.php/registration" "Mozilla/5.0 (Macintosh; Intel Mac OS X 10.6; rv:17.0) Gecko/17.0 Firefox/17.0"
127.0.0.1 - - [16/Nov/2012:09:37:45 +0000] "GET /app/index.php?doodiagnostic_pic=bg-footer.gif HTTP/1.1" 200 92 "http://0.0.0.0:10081/app/index.php/register" "Mozilla/5.0 (Macintosh; Intel Mac OS X 10.6; rv:17.0) Gecko/17.0 Firefox/17.0"
127.0.0.1 - - [16/Nov/2012:09:37:44 +0000] "GET /app/index.php?doodiagnostic_pic=logo-b2.png HTTP/1.1" 200 13396 "http://0.0.0.0:10081/app/index.php/register" "Mozilla/5.0 (Macintosh; Intel Mac OS X 10.6; rv:17.0) Gecko/17.0 Firefox/17.0"
127.0.0.1 - - [16/Nov/2012:09:37:44 +0000] "GET /app/index.php?doodiagnostic_pic=bg-down.png HTTP/1.1" 200 11682 "http://0.0.0.0:10081/app/index.php/register" "Mozilla/5.0 (Macintosh; Intel Mac OS X 10.6; rv:17.0) Gecko/17.0 Firefox/17.0"
::1 - - [16/Nov/2012:09:37:50 +0000] "OPTIONS * HTTP/1.0" 200 - "-" "Apache/2.2.22 (Unix) PHP/5.3.10 (internal dummy connection)"
::1 - - [16/Nov/2012:09:37:51 +0000] "OPTIONS * HTTP/1.0" 200 - "-" "Apache/2.2.22 (Unix) PHP/5.3.10 (internal dummy connection)"
::1 - - [16/Nov/2012:09:37:52 +0000] "OPTIONS * HTTP/1.0" 200 - "-" "Apache/2.2.22 (Unix) PHP/5.3.10 (internal dummy connection)"
127.0.0.1 - - [16/Nov/2012:09:39:22 +0000] "GET /app/index.php/register HTTP/1.1" 404 1824 "-" "Mozilla/5.0 (Macintosh; Intel Mac OS X 10.6; rv:17.0) Gecko/17.0 Firefox/17.0"
127.0.0.1 - - [16/Nov/2012:09:39:26 +0000] "GET /app/index.php/ HTTP/1.1" 200 6822 "-" "Mozilla/5.0 (Macintosh; Intel Mac OS X 10.6; rv:17.0) Gecko/17.0 Firefox/17.0"
127.0.0.1 - - [16/Nov/2012:09:39:34 +0000] "POST /app/index.php/login HTTP/1.1" 302 - "http://0.0.0.0:10081/app/index.php/" "Mozilla/5.0 (Macintosh; Intel Mac OS X 10.6; rv:17.0) Gecko/17.0 Firefox/17.0"
127.0.0.1 - - [16/Nov/2012:09:39:34 +0000] "GET /app/ HTTP/1.1" 200 6822 "http://0.0.0.0:10081/app/index.php/" "Mozilla/5.0 (Macintosh; Intel Mac OS X 10.6; rv:17.0) Gecko/17.0 Firefox/17.0"
127.0.0.1 - - [16/Nov/2012:09:48:08 +0000] "GET /app/index.php/users/create HTTP/1.1" 200 27849 "-" "Mozilla/5.0 (Macintosh; Intel Mac OS X 10.6; rv:17.0) Gecko/17.0 Firefox/17.0"
127.0.0.1 - - [16/Nov/2012:09:48:08 +0000] "GET /app/index.php?doodiagnostic_pic=logo-b2.png HTTP/1.1" 200 13396 "http://0.0.0.0:10081/app/index.php/users/create" "Mozilla/5.0 (Macintosh; Intel Mac OS X 10.6; rv:17.0) Gecko/17.0 Firefox/17.0"
127.0.0.1 - - [16/Nov/2012:09:48:08 +0000] "GET /app/index.php?doodiagnostic_pic=bg-down.png HTTP/1.1" 200 11682 "http://0.0.0.0:10081/app/index.php/users/create" "Mozilla/5.0 (Macintosh; Intel Mac OS X 10.6; rv:17.0) Gecko/17.0 Firefox/17.0"
127.0.0.1 - - [16/Nov/2012:09:48:08 +0000] "GET /app/index.php?doodiagnostic_pic=bg-footer.gif HTTP/1.1" 200 92 "http://0.0.0.0:10081/app/index.php/users/create" "Mozilla/5.0 (Macintosh; Intel Mac OS X 10.6; rv:17.0) Gecko/17.0 Firefox/17.0"
::1 - - [16/Nov/2012:09:48:14 +0000] "OPTIONS * HTTP/1.0" 200 - "-" "Apache/2.2.22 (Unix) PHP/5.3.10 (internal dummy connection)"
::1 - - [16/Nov/2012:09:48:15 +0000] "OPTIONS * HTTP/1.0" 200 - "-" "Apache/2.2.22 (Unix) PHP/5.3.10 (internal dummy connection)"
::1 - - [16/Nov/2012:09:48:16 +0000] "OPTIONS * HTTP/1.0" 200 - "-" "Apache/2.2.22 (Unix) PHP/5.3.10 (internal dummy connection)"
127.0.0.1 - - [16/Nov/2012:09:49:27 +0000] "GET /app/index.php/users/create HTTP/1.1" 200 6389 "-" "Mozilla/5.0 (Macintosh; Intel Mac OS X 10.6; rv:17.0) Gecko/17.0 Firefox/17.0"
127.0.0.1 - - [16/Nov/2012:09:49:27 +0000] "GET /app/global/css/style.css HTTP/1.1" 304 - "http://0.0.0.0:10081/app/index.php/users/create" "Mozilla/5.0 (Macintosh; Intel Mac OS X 10.6; rv:17.0) Gecko/17.0 Firefox/17.0"
127.0.0.1 - - [16/Nov/2012:09:49:27 +0000] "GET /app/global/css/reset.css HTTP/1.1" 304 - "http://0.0.0.0:10081/app/index.php/users/create" "Mozilla/5.0 (Macintosh; Intel Mac OS X 10.6; rv:17.0) Gecko/17.0 Firefox/17.0"
127.0.0.1 - - [16/Nov/2012:09:49:27 +0000] "GET /app/global/js/zebra_form.js HTTP/1.1" 304 - "http://0.0.0.0:10081/app/index.php/users/create" "Mozilla/5.0 (Macintosh; Intel Mac OS X 10.6; rv:17.0) Gecko/17.0 Firefox/17.0"
127.0.0.1 - - [16/Nov/2012:09:49:27 +0000] "GET /app/global/js/functions.js HTTP/1.1" 304 - "http://0.0.0.0:10081/app/index.php/users/create" "Mozilla/5.0 (Macintosh; Intel Mac OS X 10.6; rv:17.0) Gecko/17.0 Firefox/17.0"
127.0.0.1 - - [16/Nov/2012:09:49:27 +0000] "GET /app/global/js/jquery-1.7.js HTTP/1.1" 304 - "http://0.0.0.0:10081/app/index.php/users/create" "Mozilla/5.0 (Macintosh; Intel Mac OS X 10.6; rv:17.0) Gecko/17.0 Firefox/17.0"
127.0.0.1 - - [16/Nov/2012:09:49:27 +0000] "GET /app/global/css/zebra_form.css HTTP/1.1" 304 - "http://0.0.0.0:10081/app/index.php/users/create" "Mozilla/5.0 (Macintosh; Intel Mac OS X 10.6; rv:17.0) Gecko/17.0 Firefox/17.0"
127.0.0.1 - - [16/Nov/2012:09:49:27 +0000] "GET /app/global/css/button-background.gif HTTP/1.1" 304 - "http://0.0.0.0:10081/app/global/css/zebra_form.css" "Mozilla/5.0 (Macintosh; Intel Mac OS X 10.6; rv:17.0) Gecko/17.0 Firefox/17.0"
127.0.0.1 - - [16/Nov/2012:09:49:27 +0000] "GET /app/global/css/textbox-background.gif HTTP/1.1" 304 - "http://0.0.0.0:10081/app/global/css/zebra_form.css" "Mozilla/5.0 (Macintosh; Intel Mac OS X 10.6; rv:17.0) Gecko/17.0 Firefox/17.0"
127.0.0.1 - - [16/Nov/2012:09:49:27 +0000] "GET /app/global/css/note.gif HTTP/1.1" 304 - "http://0.0.0.0:10081/app/global/css/zebra_form.css" "Mozilla/5.0 (Macintosh; Intel Mac OS X 10.6; rv:17.0) Gecko/17.0 Firefox/17.0"
::1 - - [16/Nov/2012:09:49:33 +0000] "OPTIONS * HTTP/1.0" 200 - "-" "Apache/2.2.22 (Unix) PHP/5.3.10 (internal dummy connection)"
::1 - - [16/Nov/2012:09:49:34 +0000] "OPTIONS * HTTP/1.0" 200 - "-" "Apache/2.2.22 (Unix) PHP/5.3.10 (internal dummy connection)"
::1 - - [16/Nov/2012:09:49:35 +0000] "OPTIONS * HTTP/1.0" 200 - "-" "Apache/2.2.22 (Unix) PHP/5.3.10 (internal dummy connection)"
::1 - - [16/Nov/2012:09:49:36 +0000] "OPTIONS * HTTP/1.0" 200 - "-" "Apache/2.2.22 (Unix) PHP/5.3.10 (internal dummy connection)"
127.0.0.1 - - [16/Nov/2012:09:57:47 +0000] "GET /app/index.php/users/ HTTP/1.1" 200 - "-" "Mozilla/5.0 (Macintosh; Intel Mac OS X 10.6; rv:17.0) Gecko/17.0 Firefox/17.0"
127.0.0.1 - - [16/Nov/2012:09:57:53 +0000] "GET /app/index.php/users/ HTTP/1.1" 200 - "-" "Mozilla/5.0 (Macintosh; Intel Mac OS X 10.6; rv:17.0) Gecko/17.0 Firefox/17.0"
127.0.0.1 - - [16/Nov/2012:09:58:07 +0000] "GET /app/index.php/users/create HTTP/1.1" 200 6384 "-" "Mozilla/5.0 (Macintosh; Intel Mac OS X 10.6; rv:17.0) Gecko/17.0 Firefox/17.0"
127.0.0.1 - - [16/Nov/2012:09:58:31 +0000] "GET /app/index.php/users/ HTTP/1.1" 200 6384 "-" "Mozilla/5.0 (Macintosh; Intel Mac OS X 10.6; rv:17.0) Gecko/17.0 Firefox/17.0"
127.0.0.1 - - [16/Nov/2012:09:58:36 +0000] "GET /app/index.php/users HTTP/1.1" 200 6384 "-" "Mozilla/5.0 (Macintosh; Intel Mac OS X 10.6; rv:17.0) Gecko/17.0 Firefox/17.0"
127.0.0.1 - - [16/Nov/2012:10:00:27 +0000] "GET /app/index.php/users HTTP/1.1" 200 6384 "-" "Mozilla/5.0 (Macintosh; Intel Mac OS X 10.6; rv:17.0) Gecko/17.0 Firefox/17.0"
127.0.0.1 - - [16/Nov/2012:23:40:53 +0000] "GET / HTTP/1.1" 404 198 "-" "Mozilla/5.0 (Macintosh; Intel Mac OS X 10.6; rv:17.0) Gecko/17.0 Firefox/17.0"
127.0.0.1 - - [16/Nov/2012:23:40:53 +0000] "GET /favicon.ico HTTP/1.1" 404 209 "-" "Mozilla/5.0 (Macintosh; Intel Mac OS X 10.6; rv:17.0) Gecko/17.0 Firefox/17.0"
127.0.0.1 - - [16/Nov/2012:23:40:53 +0000] "GET /favicon.ico HTTP/1.1" 404 209 "-" "Mozilla/5.0 (Macintosh; Intel Mac OS X 10.6; rv:17.0) Gecko/17.0 Firefox/17.0"
127.0.0.1 - - [16/Nov/2012:23:40:58 +0000] "GET /app/ HTTP/1.1" 200 6822 "-" "Mozilla/5.0 (Macintosh; Intel Mac OS X 10.6; rv:17.0) Gecko/17.0 Firefox/17.0"
127.0.0.1 - - [16/Nov/2012:23:40:59 +0000] "GET /app/global/css/reset.css HTTP/1.1" 200 3221 "http://0.0.0.0:10081/app/" "Mozilla/5.0 (Macintosh; Intel Mac OS X 10.6; rv:17.0) Gecko/17.0 Firefox/17.0"
127.0.0.1 - - [16/Nov/2012:23:40:59 +0000] "GET /app/global/css/style.css HTTP/1.1" 200 2378 "http://0.0.0.0:10081/app/" "Mozilla/5.0 (Macintosh; Intel Mac OS X 10.6; rv:17.0) Gecko/17.0 Firefox/17.0"
127.0.0.1 - - [16/Nov/2012:23:40:59 +0000] "GET /app/global/css/zebra_form.css HTTP/1.1" 200 14406 "http://0.0.0.0:10081/app/" "Mozilla/5.0 (Macintosh; Intel Mac OS X 10.6; rv:17.0) Gecko/17.0 Firefox/17.0"
127.0.0.1 - - [16/Nov/2012:23:40:59 +0000] "GET /app/global/js/functions.js HTTP/1.1" 200 905 "http://0.0.0.0:10081/app/" "Mozilla/5.0 (Macintosh; Intel Mac OS X 10.6; rv:17.0) Gecko/17.0 Firefox/17.0"
127.0.0.1 - - [16/Nov/2012:23:40:59 +0000] "GET /app/global/js/jquery-1.7.js HTTP/1.1" 200 94019 "http://0.0.0.0:10081/app/" "Mozilla/5.0 (Macintosh; Intel Mac OS X 10.6; rv:17.0) Gecko/17.0 Firefox/17.0"
127.0.0.1 - - [16/Nov/2012:23:40:59 +0000] "GET /app/global/js/zebra_form.js HTTP/1.1" 200 36780 "http://0.0.0.0:10081/app/" "Mozilla/5.0 (Macintosh; Intel Mac OS X 10.6; rv:17.0) Gecko/17.0 Firefox/17.0"
127.0.0.1 - - [16/Nov/2012:23:40:59 +0000] "GET /app/global/css/textbox-background.gif HTTP/1.1" 200 85 "http://0.0.0.0:10081/app/global/css/zebra_form.css" "Mozilla/5.0 (Macintosh; Intel Mac OS X 10.6; rv:17.0) Gecko/17.0 Firefox/17.0"
127.0.0.1 - - [16/Nov/2012:23:40:59 +0000] "GET /app/global/css/button-background.gif HTTP/1.1" 200 145 "http://0.0.0.0:10081/app/global/css/zebra_form.css" "Mozilla/5.0 (Macintosh; Intel Mac OS X 10.6; rv:17.0) Gecko/17.0 Firefox/17.0"
::1 - - [16/Nov/2012:23:41:04 +0000] "OPTIONS * HTTP/1.0" 200 - "-" "Apache/2.2.22 (Unix) PHP/5.3.10 (internal dummy connection)"
::1 - - [16/Nov/2012:23:41:05 +0000] "OPTIONS * HTTP/1.0" 200 - "-" "Apache/2.2.22 (Unix) PHP/5.3.10 (internal dummy connection)"
::1 - - [16/Nov/2012:23:41:06 +0000] "OPTIONS * HTTP/1.0" 200 - "-" "Apache/2.2.22 (Unix) PHP/5.3.10 (internal dummy connection)"
::1 - - [16/Nov/2012:23:41:07 +0000] "OPTIONS * HTTP/1.0" 200 - "-" "Apache/2.2.22 (Unix) PHP/5.3.10 (internal dummy connection)"
127.0.0.1 - - [16/Nov/2012:23:41:13 +0000] "GET /app/users/ HTTP/1.1" 404 208 "-" "Mozilla/5.0 (Macintosh; Intel Mac OS X 10.6; rv:17.0) Gecko/17.0 Firefox/17.0"
127.0.0.1 - - [16/Nov/2012:23:41:19 +0000] "GET /app/members/ HTTP/1.1" 404 210 "-" "Mozilla/5.0 (Macintosh; Intel Mac OS X 10.6; rv:17.0) Gecko/17.0 Firefox/17.0"
127.0.0.1 - - [16/Nov/2012:23:41:27 +0000] "GET /app/index.php/users/ HTTP/1.1" 200 34265 "-" "Mozilla/5.0 (Macintosh; Intel Mac OS X 10.6; rv:17.0) Gecko/17.0 Firefox/17.0"
127.0.0.1 - - [16/Nov/2012:23:41:27 +0000] "GET /app/index.php?doodiagnostic_pic=bg-footer.gif HTTP/1.1" 200 92 "http://0.0.0.0:10081/app/index.php/users/" "Mozilla/5.0 (Macintosh; Intel Mac OS X 10.6; rv:17.0) Gecko/17.0 Firefox/17.0"
127.0.0.1 - - [16/Nov/2012:23:41:27 +0000] "GET /app/index.php?doodiagnostic_pic=logo-b2.png HTTP/1.1" 200 13396 "http://0.0.0.0:10081/app/index.php/users/" "Mozilla/5.0 (Macintosh; Intel Mac OS X 10.6; rv:17.0) Gecko/17.0 Firefox/17.0"
127.0.0.1 - - [16/Nov/2012:23:41:27 +0000] "GET /app/index.php?doodiagnostic_pic=bg-down.png HTTP/1.1" 200 11682 "http://0.0.0.0:10081/app/index.php/users/" "Mozilla/5.0 (Macintosh; Intel Mac OS X 10.6; rv:17.0) Gecko/17.0 Firefox/17.0"
::1 - - [16/Nov/2012:23:41:33 +0000] "OPTIONS * HTTP/1.0" 200 - "-" "Apache/2.2.22 (Unix) PHP/5.3.10 (internal dummy connection)"
::1 - - [16/Nov/2012:23:41:34 +0000] "OPTIONS * HTTP/1.0" 200 - "-" "Apache/2.2.22 (Unix) PHP/5.3.10 (internal dummy connection)"
::1 - - [16/Nov/2012:23:41:35 +0000] "OPTIONS * HTTP/1.0" 200 - "-" "Apache/2.2.22 (Unix) PHP/5.3.10 (internal dummy connection)"
127.0.0.1 - - [17/Nov/2012:00:24:16 +0000] "GET /app/index.php/users/ HTTP/1.1" 200 34265 "-" "Mozilla/5.0 (Macintosh; Intel Mac OS X 10.6; rv:17.0) Gecko/17.0 Firefox/17.0"
127.0.0.1 - - [17/Nov/2012:00:24:16 +0000] "GET /app/index.php?doodiagnostic_pic=bg-footer.gif HTTP/1.1" 200 92 "http://0.0.0.0:10081/app/index.php/users/" "Mozilla/5.0 (Macintosh; Intel Mac OS X 10.6; rv:17.0) Gecko/17.0 Firefox/17.0"
127.0.0.1 - - [17/Nov/2012:00:24:16 +0000] "GET /app/index.php?doodiagnostic_pic=logo-b2.png HTTP/1.1" 200 13396 "http://0.0.0.0:10081/app/index.php/users/" "Mozilla/5.0 (Macintosh; Intel Mac OS X 10.6; rv:17.0) Gecko/17.0 Firefox/17.0"
127.0.0.1 - - [17/Nov/2012:00:24:16 +0000] "GET /app/index.php?doodiagnostic_pic=bg-down.png HTTP/1.1" 200 11682 "http://0.0.0.0:10081/app/index.php/users/" "Mozilla/5.0 (Macintosh; Intel Mac OS X 10.6; rv:17.0) Gecko/17.0 Firefox/17.0"
::1 - - [17/Nov/2012:00:24:21 +0000] "OPTIONS * HTTP/1.0" 200 - "-" "Apache/2.2.22 (Unix) PHP/5.3.10 (internal dummy connection)"
::1 - - [17/Nov/2012:00:24:22 +0000] "OPTIONS * HTTP/1.0" 200 - "-" "Apache/2.2.22 (Unix) PHP/5.3.10 (internal dummy connection)"
::1 - - [17/Nov/2012:00:24:23 +0000] "OPTIONS * HTTP/1.0" 200 - "-" "Apache/2.2.22 (Unix) PHP/5.3.10 (internal dummy connection)"
127.0.0.1 - - [17/Nov/2012:00:24:26 +0000] "GET /app/index.php/users/ HTTP/1.1" 200 34265 "-" "Mozilla/5.0 (Macintosh; Intel Mac OS X 10.6; rv:17.0) Gecko/17.0 Firefox/17.0"
127.0.0.1 - - [17/Nov/2012:00:24:26 +0000] "GET /app/index.php?doodiagnostic_pic=logo-b2.png HTTP/1.1" 200 13396 "http://0.0.0.0:10081/app/index.php/users/" "Mozilla/5.0 (Macintosh; Intel Mac OS X 10.6; rv:17.0) Gecko/17.0 Firefox/17.0"
127.0.0.1 - - [17/Nov/2012:00:24:26 +0000] "GET /app/index.php?doodiagnostic_pic=bg-footer.gif HTTP/1.1" 200 92 "http://0.0.0.0:10081/app/index.php/users/" "Mozilla/5.0 (Macintosh; Intel Mac OS X 10.6; rv:17.0) Gecko/17.0 Firefox/17.0"
127.0.0.1 - - [17/Nov/2012:00:24:26 +0000] "GET /app/index.php?doodiagnostic_pic=bg-down.png HTTP/1.1" 200 11682 "http://0.0.0.0:10081/app/index.php/users/" "Mozilla/5.0 (Macintosh; Intel Mac OS X 10.6; rv:17.0) Gecko/17.0 Firefox/17.0"
127.0.0.1 - - [17/Nov/2012:00:24:27 +0000] "GET /app/index.php/users/ HTTP/1.1" 200 34265 "-" "Mozilla/5.0 (Macintosh; Intel Mac OS X 10.6; rv:17.0) Gecko/17.0 Firefox/17.0"
127.0.0.1 - - [17/Nov/2012:00:24:27 +0000] "GET /app/index.php?doodiagnostic_pic=logo-b2.png HTTP/1.1" 200 13396 "http://0.0.0.0:10081/app/index.php/users/" "Mozilla/5.0 (Macintosh; Intel Mac OS X 10.6; rv:17.0) Gecko/17.0 Firefox/17.0"
127.0.0.1 - - [17/Nov/2012:00:24:27 +0000] "GET /app/index.php?doodiagnostic_pic=bg-footer.gif HTTP/1.1" 200 92 "http://0.0.0.0:10081/app/index.php/users/" "Mozilla/5.0 (Macintosh; Intel Mac OS X 10.6; rv:17.0) Gecko/17.0 Firefox/17.0"
127.0.0.1 - - [17/Nov/2012:00:24:27 +0000] "GET /app/index.php?doodiagnostic_pic=bg-down.png HTTP/1.1" 200 11682 "http://0.0.0.0:10081/app/index.php/users/" "Mozilla/5.0 (Macintosh; Intel Mac OS X 10.6; rv:17.0) Gecko/17.0 Firefox/17.0"
::1 - - [17/Nov/2012:00:24:32 +0000] "OPTIONS * HTTP/1.0" 200 - "-" "Apache/2.2.22 (Unix) PHP/5.3.10 (internal dummy connection)"
127.0.0.1 - - [17/Nov/2012:00:24:33 +0000] "GET /app/index.php/users HTTP/1.1" 200 34265 "-" "Mozilla/5.0 (Macintosh; Intel Mac OS X 10.6; rv:17.0) Gecko/17.0 Firefox/17.0"
127.0.0.1 - - [17/Nov/2012:00:24:33 +0000] "GET /app/index.php?doodiagnostic_pic=bg-down.png HTTP/1.1" 200 11682 "http://0.0.0.0:10081/app/index.php/users" "Mozilla/5.0 (Macintosh; Intel Mac OS X 10.6; rv:17.0) Gecko/17.0 Firefox/17.0"
127.0.0.1 - - [17/Nov/2012:00:24:33 +0000] "GET /app/index.php?doodiagnostic_pic=bg-footer.gif HTTP/1.1" 200 92 "http://0.0.0.0:10081/app/index.php/users" "Mozilla/5.0 (Macintosh; Intel Mac OS X 10.6; rv:17.0) Gecko/17.0 Firefox/17.0"
127.0.0.1 - - [17/Nov/2012:00:24:33 +0000] "GET /app/index.php?doodiagnostic_pic=logo-b2.png HTTP/1.1" 200 13396 "http://0.0.0.0:10081/app/index.php/users" "Mozilla/5.0 (Macintosh; Intel Mac OS X 10.6; rv:17.0) Gecko/17.0 Firefox/17.0"
::1 - - [17/Nov/2012:00:24:38 +0000] "OPTIONS * HTTP/1.0" 200 - "-" "Apache/2.2.22 (Unix) PHP/5.3.10 (internal dummy connection)"
::1 - - [17/Nov/2012:00:24:39 +0000] "OPTIONS * HTTP/1.0" 200 - "-" "Apache/2.2.22 (Unix) PHP/5.3.10 (internal dummy connection)"
::1 - - [17/Nov/2012:00:24:40 +0000] "OPTIONS * HTTP/1.0" 200 - "-" "Apache/2.2.22 (Unix) PHP/5.3.10 (internal dummy connection)"
127.0.0.1 - - [17/Nov/2012:00:24:59 +0000] "GET /app/index.php/users/list HTTP/1.1" 200 34265 "-" "Mozilla/5.0 (Macintosh; Intel Mac OS X 10.6; rv:17.0) Gecko/17.0 Firefox/17.0"
127.0.0.1 - - [17/Nov/2012:00:24:59 +0000] "GET /app/index.php?doodiagnostic_pic=bg-footer.gif HTTP/1.1" 200 92 "http://0.0.0.0:10081/app/index.php/users/list" "Mozilla/5.0 (Macintosh; Intel Mac OS X 10.6; rv:17.0) Gecko/17.0 Firefox/17.0"
127.0.0.1 - - [17/Nov/2012:00:24:59 +0000] "GET /app/index.php?doodiagnostic_pic=logo-b2.png HTTP/1.1" 200 13396 "http://0.0.0.0:10081/app/index.php/users/list" "Mozilla/5.0 (Macintosh; Intel Mac OS X 10.6; rv:17.0) Gecko/17.0 Firefox/17.0"
127.0.0.1 - - [17/Nov/2012:00:24:59 +0000] "GET /app/index.php?doodiagnostic_pic=bg-down.png HTTP/1.1" 200 11682 "http://0.0.0.0:10081/app/index.php/users/list" "Mozilla/5.0 (Macintosh; Intel Mac OS X 10.6; rv:17.0) Gecko/17.0 Firefox/17.0"
::1 - - [17/Nov/2012:00:25:04 +0000] "OPTIONS * HTTP/1.0" 200 - "-" "Apache/2.2.22 (Unix) PHP/5.3.10 (internal dummy connection)"
::1 - - [17/Nov/2012:00:25:05 +0000] "OPTIONS * HTTP/1.0" 200 - "-" "Apache/2.2.22 (Unix) PHP/5.3.10 (internal dummy connection)"
::1 - - [17/Nov/2012:00:25:06 +0000] "OPTIONS * HTTP/1.0" 200 - "-" "Apache/2.2.22 (Unix) PHP/5.3.10 (internal dummy connection)"
127.0.0.1 - - [17/Nov/2012:00:25:07 +0000] "GET /app/index.php/users/index HTTP/1.1" 200 34265 "-" "Mozilla/5.0 (Macintosh; Intel Mac OS X 10.6; rv:17.0) Gecko/17.0 Firefox/17.0"
127.0.0.1 - - [17/Nov/2012:00:25:07 +0000] "GET /app/index.php?doodiagnostic_pic=logo-b2.png HTTP/1.1" 200 13396 "http://0.0.0.0:10081/app/index.php/users/index" "Mozilla/5.0 (Macintosh; Intel Mac OS X 10.6; rv:17.0) Gecko/17.0 Firefox/17.0"
127.0.0.1 - - [17/Nov/2012:00:25:07 +0000] "GET /app/index.php?doodiagnostic_pic=bg-footer.gif HTTP/1.1" 200 92 "http://0.0.0.0:10081/app/index.php/users/index" "Mozilla/5.0 (Macintosh; Intel Mac OS X 10.6; rv:17.0) Gecko/17.0 Firefox/17.0"
127.0.0.1 - - [17/Nov/2012:00:25:07 +0000] "GET /app/index.php?doodiagnostic_pic=bg-down.png HTTP/1.1" 200 11682 "http://0.0.0.0:10081/app/index.php/users/index" "Mozilla/5.0 (Macintosh; Intel Mac OS X 10.6; rv:17.0) Gecko/17.0 Firefox/17.0"
127.0.0.1 - - [17/Nov/2012:00:25:11 +0000] "GET /app/index.php/users HTTP/1.1" 200 34265 "-" "Mozilla/5.0 (Macintosh; Intel Mac OS X 10.6; rv:17.0) Gecko/17.0 Firefox/17.0"
127.0.0.1 - - [17/Nov/2012:00:25:11 +0000] "GET /app/index.php?doodiagnostic_pic=bg-down.png HTTP/1.1" 200 11682 "http://0.0.0.0:10081/app/index.php/users" "Mozilla/5.0 (Macintosh; Intel Mac OS X 10.6; rv:17.0) Gecko/17.0 Firefox/17.0"
127.0.0.1 - - [17/Nov/2012:00:25:11 +0000] "GET /app/index.php?doodiagnostic_pic=logo-b2.png HTTP/1.1" 200 13396 "http://0.0.0.0:10081/app/index.php/users" "Mozilla/5.0 (Macintosh; Intel Mac OS X 10.6; rv:17.0) Gecko/17.0 Firefox/17.0"
127.0.0.1 - - [17/Nov/2012:00:25:11 +0000] "GET /app/index.php?doodiagnostic_pic=bg-footer.gif HTTP/1.1" 200 92 "http://0.0.0.0:10081/app/index.php/users" "Mozilla/5.0 (Macintosh; Intel Mac OS X 10.6; rv:17.0) Gecko/17.0 Firefox/17.0"
::1 - - [17/Nov/2012:00:25:17 +0000] "OPTIONS * HTTP/1.0" 200 - "-" "Apache/2.2.22 (Unix) PHP/5.3.10 (internal dummy connection)"
::1 - - [17/Nov/2012:00:25:18 +0000] "OPTIONS * HTTP/1.0" 200 - "-" "Apache/2.2.22 (Unix) PHP/5.3.10 (internal dummy connection)"
::1 - - [17/Nov/2012:00:25:19 +0000] "OPTIONS * HTTP/1.0" 200 - "-" "Apache/2.2.22 (Unix) PHP/5.3.10 (internal dummy connection)"
127.0.0.1 - - [17/Nov/2012:00:25:28 +0000] "GET /app/index.php/ HTTP/1.1" 200 6822 "-" "Mozilla/5.0 (Macintosh; Intel Mac OS X 10.6; rv:17.0) Gecko/17.0 Firefox/17.0"
127.0.0.1 - - [17/Nov/2012:00:25:33 +0000] "GET /app/index.php/users/ HTTP/1.1" 200 34265 "-" "Mozilla/5.0 (Macintosh; Intel Mac OS X 10.6; rv:17.0) Gecko/17.0 Firefox/17.0"
127.0.0.1 - - [17/Nov/2012:00:25:33 +0000] "GET /app/index.php?doodiagnostic_pic=logo-b2.png HTTP/1.1" 200 13396 "http://0.0.0.0:10081/app/index.php/users/" "Mozilla/5.0 (Macintosh; Intel Mac OS X 10.6; rv:17.0) Gecko/17.0 Firefox/17.0"
127.0.0.1 - - [17/Nov/2012:00:25:33 +0000] "GET /app/index.php?doodiagnostic_pic=bg-footer.gif HTTP/1.1" 200 92 "http://0.0.0.0:10081/app/index.php/users/" "Mozilla/5.0 (Macintosh; Intel Mac OS X 10.6; rv:17.0) Gecko/17.0 Firefox/17.0"
127.0.0.1 - - [17/Nov/2012:00:25:33 +0000] "GET /app/index.php?doodiagnostic_pic=bg-down.png HTTP/1.1" 200 11682 "http://0.0.0.0:10081/app/index.php/users/" "Mozilla/5.0 (Macintosh; Intel Mac OS X 10.6; rv:17.0) Gecko/17.0 Firefox/17.0"
::1 - - [17/Nov/2012:00:25:38 +0000] "OPTIONS * HTTP/1.0" 200 - "-" "Apache/2.2.22 (Unix) PHP/5.3.10 (internal dummy connection)"
::1 - - [17/Nov/2012:00:25:39 +0000] "OPTIONS * HTTP/1.0" 200 - "-" "Apache/2.2.22 (Unix) PHP/5.3.10 (internal dummy connection)"
::1 - - [17/Nov/2012:00:25:40 +0000] "OPTIONS * HTTP/1.0" 200 - "-" "Apache/2.2.22 (Unix) PHP/5.3.10 (internal dummy connection)"
127.0.0.1 - - [17/Nov/2012:00:26:20 +0000] "GET /app/index.php/users/ HTTP/1.1" 200 34265 "-" "Mozilla/5.0 (Macintosh; Intel Mac OS X 10.6; rv:17.0) Gecko/17.0 Firefox/17.0"
127.0.0.1 - - [17/Nov/2012:00:26:20 +0000] "GET /app/index.php?doodiagnostic_pic=bg-footer.gif HTTP/1.1" 200 92 "http://0.0.0.0:10081/app/index.php/users/" "Mozilla/5.0 (Macintosh; Intel Mac OS X 10.6; rv:17.0) Gecko/17.0 Firefox/17.0"
127.0.0.1 - - [17/Nov/2012:00:26:20 +0000] "GET /app/index.php?doodiagnostic_pic=logo-b2.png HTTP/1.1" 200 13396 "http://0.0.0.0:10081/app/index.php/users/" "Mozilla/5.0 (Macintosh; Intel Mac OS X 10.6; rv:17.0) Gecko/17.0 Firefox/17.0"
127.0.0.1 - - [17/Nov/2012:00:26:20 +0000] "GET /app/index.php?doodiagnostic_pic=bg-down.png HTTP/1.1" 200 11682 "http://0.0.0.0:10081/app/index.php/users/" "Mozilla/5.0 (Macintosh; Intel Mac OS X 10.6; rv:17.0) Gecko/17.0 Firefox/17.0"
::1 - - [17/Nov/2012:00:26:26 +0000] "OPTIONS * HTTP/1.0" 200 - "-" "Apache/2.2.22 (Unix) PHP/5.3.10 (internal dummy connection)"
::1 - - [17/Nov/2012:00:26:27 +0000] "OPTIONS * HTTP/1.0" 200 - "-" "Apache/2.2.22 (Unix) PHP/5.3.10 (internal dummy connection)"
::1 - - [17/Nov/2012:00:26:28 +0000] "OPTIONS * HTTP/1.0" 200 - "-" "Apache/2.2.22 (Unix) PHP/5.3.10 (internal dummy connection)"
127.0.0.1 - - [17/Nov/2012:00:26:55 +0000] "GET /app/index.php/users/ HTTP/1.1" 200 34265 "-" "Mozilla/5.0 (Macintosh; Intel Mac OS X 10.6; rv:17.0) Gecko/17.0 Firefox/17.0"
127.0.0.1 - - [17/Nov/2012:00:26:55 +0000] "GET /app/index.php?doodiagnostic_pic=bg-footer.gif HTTP/1.1" 200 92 "http://0.0.0.0:10081/app/index.php/users/" "Mozilla/5.0 (Macintosh; Intel Mac OS X 10.6; rv:17.0) Gecko/17.0 Firefox/17.0"
127.0.0.1 - - [17/Nov/2012:00:26:55 +0000] "GET /app/index.php?doodiagnostic_pic=bg-down.png HTTP/1.1" 200 11682 "http://0.0.0.0:10081/app/index.php/users/" "Mozilla/5.0 (Macintosh; Intel Mac OS X 10.6; rv:17.0) Gecko/17.0 Firefox/17.0"
127.0.0.1 - - [17/Nov/2012:00:26:55 +0000] "GET /app/index.php?doodiagnostic_pic=logo-b2.png HTTP/1.1" 200 13396 "http://0.0.0.0:10081/app/index.php/users/" "Mozilla/5.0 (Macintosh; Intel Mac OS X 10.6; rv:17.0) Gecko/17.0 Firefox/17.0"
127.0.0.1 - - [17/Nov/2012:00:26:58 +0000] "GET /app/index.php/users/ HTTP/1.1" 200 34265 "-" "Mozilla/5.0 (Macintosh; Intel Mac OS X 10.6; rv:17.0) Gecko/17.0 Firefox/17.0"
127.0.0.1 - - [17/Nov/2012:00:26:58 +0000] "GET /app/index.php?doodiagnostic_pic=bg-down.png HTTP/1.1" 200 11682 "http://0.0.0.0:10081/app/index.php/users/" "Mozilla/5.0 (Macintosh; Intel Mac OS X 10.6; rv:17.0) Gecko/17.0 Firefox/17.0"
127.0.0.1 - - [17/Nov/2012:00:26:58 +0000] "GET /app/index.php?doodiagnostic_pic=logo-b2.png HTTP/1.1" 200 13396 "http://0.0.0.0:10081/app/index.php/users/" "Mozilla/5.0 (Macintosh; Intel Mac OS X 10.6; rv:17.0) Gecko/17.0 Firefox/17.0"
127.0.0.1 - - [17/Nov/2012:00:26:58 +0000] "GET /app/index.php?doodiagnostic_pic=bg-footer.gif HTTP/1.1" 200 92 "http://0.0.0.0:10081/app/index.php/users/" "Mozilla/5.0 (Macintosh; Intel Mac OS X 10.6; rv:17.0) Gecko/17.0 Firefox/17.0"
::1 - - [17/Nov/2012:00:27:04 +0000] "OPTIONS * HTTP/1.0" 200 - "-" "Apache/2.2.22 (Unix) PHP/5.3.10 (internal dummy connection)"
::1 - - [17/Nov/2012:00:27:05 +0000] "OPTIONS * HTTP/1.0" 200 - "-" "Apache/2.2.22 (Unix) PHP/5.3.10 (internal dummy connection)"
::1 - - [17/Nov/2012:00:27:06 +0000] "OPTIONS * HTTP/1.0" 200 - "-" "Apache/2.2.22 (Unix) PHP/5.3.10 (internal dummy connection)"
127.0.0.1 - - [17/Nov/2012:00:28:04 +0000] "GET /app/index.php/users HTTP/1.1" 200 34265 "-" "Mozilla/5.0 (Macintosh; Intel Mac OS X 10.6; rv:17.0) Gecko/17.0 Firefox/17.0"
127.0.0.1 - - [17/Nov/2012:00:28:04 +0000] "GET /app/index.php?doodiagnostic_pic=bg-down.png HTTP/1.1" 200 11682 "http://0.0.0.0:10081/app/index.php/users" "Mozilla/5.0 (Macintosh; Intel Mac OS X 10.6; rv:17.0) Gecko/17.0 Firefox/17.0"
127.0.0.1 - - [17/Nov/2012:00:28:04 +0000] "GET /app/index.php?doodiagnostic_pic=bg-footer.gif HTTP/1.1" 200 92 "http://0.0.0.0:10081/app/index.php/users" "Mozilla/5.0 (Macintosh; Intel Mac OS X 10.6; rv:17.0) Gecko/17.0 Firefox/17.0"
127.0.0.1 - - [17/Nov/2012:00:28:04 +0000] "GET /app/index.php?doodiagnostic_pic=logo-b2.png HTTP/1.1" 200 13396 "http://0.0.0.0:10081/app/index.php/users" "Mozilla/5.0 (Macintosh; Intel Mac OS X 10.6; rv:17.0) Gecko/17.0 Firefox/17.0"
::1 - - [17/Nov/2012:00:28:09 +0000] "OPTIONS * HTTP/1.0" 200 - "-" "Apache/2.2.22 (Unix) PHP/5.3.10 (internal dummy connection)"
::1 - - [17/Nov/2012:00:28:10 +0000] "OPTIONS * HTTP/1.0" 200 - "-" "Apache/2.2.22 (Unix) PHP/5.3.10 (internal dummy connection)"
::1 - - [17/Nov/2012:00:28:11 +0000] "OPTIONS * HTTP/1.0" 200 - "-" "Apache/2.2.22 (Unix) PHP/5.3.10 (internal dummy connection)"
127.0.0.1 - - [17/Nov/2012:00:29:20 +0000] "GET /app/index.php/users HTTP/1.1" 200 1857 "-" "Mozilla/5.0 (Macintosh; Intel Mac OS X 10.6; rv:17.0) Gecko/17.0 Firefox/17.0"
127.0.0.1 - - [17/Nov/2012:00:30:04 +0000] "GET /app/index.php/users HTTP/1.1" 200 775 "-" "Mozilla/5.0 (Macintosh; Intel Mac OS X 10.6; rv:17.0) Gecko/17.0 Firefox/17.0"
127.0.0.1 - - [17/Nov/2012:00:33:01 +0000] "GET /app/index.php/users HTTP/1.1" 200 2369 "-" "Mozilla/5.0 (Macintosh; Intel Mac OS X 10.6; rv:17.0) Gecko/17.0 Firefox/17.0"
