127.0.0.1 - - [13/Nov/2012:19:53:08 +0000] "GET / HTTP/1.1" 404 198 "-" "Mozilla/5.0 (Macintosh; Intel Mac OS X 10.6; rv:17.0) Gecko/17.0 Firefox/17.0"
127.0.0.1 - - [13/Nov/2012:19:53:09 +0000] "GET /favicon.ico HTTP/1.1" 404 209 "-" "Mozilla/5.0 (Macintosh; Intel Mac OS X 10.6; rv:17.0) Gecko/17.0 Firefox/17.0"
127.0.0.1 - - [13/Nov/2012:19:53:09 +0000] "GET /favicon.ico HTTP/1.1" 404 209 "-" "Mozilla/5.0 (Macintosh; Intel Mac OS X 10.6; rv:17.0) Gecko/17.0 Firefox/17.0"
127.0.0.1 - - [13/Nov/2012:19:53:13 +0000] "GET /app HTTP/1.1" 301 233 "-" "Mozilla/5.0 (Macintosh; Intel Mac OS X 10.6; rv:17.0) Gecko/17.0 Firefox/17.0"
127.0.0.1 - - [13/Nov/2012:19:53:13 +0000] "GET /app/ HTTP/1.1" 200 5542 "-" "Mozilla/5.0 (Macintosh; Intel Mac OS X 10.6; rv:17.0) Gecko/17.0 Firefox/17.0"
127.0.0.1 - - [13/Nov/2012:19:54:33 +0000] "GET /app/ HTTP/1.1" 200 4433 "-" "Mozilla/5.0 (Macintosh; Intel Mac OS X 10.6; rv:17.0) Gecko/17.0 Firefox/17.0"
127.0.0.1 - - [13/Nov/2012:19:54:33 +0000] "GET /app/global/css/screen.css HTTP/1.1" 200 1804 "http://0.0.0.0:10081/app/" "Mozilla/5.0 (Macintosh; Intel Mac OS X 10.6; rv:17.0) Gecko/17.0 Firefox/17.0"
127.0.0.1 - - [13/Nov/2012:19:54:33 +0000] "GET /app/global/js/jquery.1.3.2.js HTTP/1.1" 404 227 "http://0.0.0.0:10081/app/" "Mozilla/5.0 (Macintosh; Intel Mac OS X 10.6; rv:17.0) Gecko/17.0 Firefox/17.0"
127.0.0.1 - - [13/Nov/2012:19:54:33 +0000] "GET /app/global/js/common.js HTTP/1.1" 404 221 "http://0.0.0.0:10081/app/" "Mozilla/5.0 (Macintosh; Intel Mac OS X 10.6; rv:17.0) Gecko/17.0 Firefox/17.0"
127.0.0.1 - - [13/Nov/2012:19:54:33 +0000] "GET /app/global/js/common.js HTTP/1.1" 404 221 "http://0.0.0.0:10081/app/" "Mozilla/5.0 (Macintosh; Intel Mac OS X 10.6; rv:17.0) Gecko/17.0 Firefox/17.0"
::1 - - [13/Nov/2012:19:54:38 +0000] "OPTIONS * HTTP/1.0" 200 - "-" "Apache/2.2.22 (Unix) PHP/5.3.10 (internal dummy connection)"
127.0.0.1 - - [13/Nov/2012:19:54:44 +0000] "GET /app/index.php/sns HTTP/1.1" 200 1888 "http://0.0.0.0:10081/app/" "Mozilla/5.0 (Macintosh; Intel Mac OS X 10.6; rv:17.0) Gecko/17.0 Firefox/17.0"
127.0.0.1 - - [13/Nov/2012:19:54:44 +0000] "GET /app/global/js/jquery.1.3.2.js HTTP/1.1" 404 227 "http://0.0.0.0:10081/app/index.php/sns" "Mozilla/5.0 (Macintosh; Intel Mac OS X 10.6; rv:17.0) Gecko/17.0 Firefox/17.0"
127.0.0.1 - - [13/Nov/2012:19:54:44 +0000] "GET /app/global/js/common.js HTTP/1.1" 404 221 "http://0.0.0.0:10081/app/index.php/sns" "Mozilla/5.0 (Macintosh; Intel Mac OS X 10.6; rv:17.0) Gecko/17.0 Firefox/17.0"
127.0.0.1 - - [13/Nov/2012:19:54:44 +0000] "GET /app/global/js/common.js HTTP/1.1" 404 221 "http://0.0.0.0:10081/app/index.php/sns" "Mozilla/5.0 (Macintosh; Intel Mac OS X 10.6; rv:17.0) Gecko/17.0 Firefox/17.0"
127.0.0.1 - - [13/Nov/2012:19:54:47 +0000] "GET /app/ HTTP/1.1" 200 4433 "-" "Mozilla/5.0 (Macintosh; Intel Mac OS X 10.6; rv:17.0) Gecko/17.0 Firefox/17.0"
127.0.0.1 - - [13/Nov/2012:19:54:49 +0000] "GET /app/index.php/sns/contact HTTP/1.1" 200 1835 "http://0.0.0.0:10081/app/" "Mozilla/5.0 (Macintosh; Intel Mac OS X 10.6; rv:17.0) Gecko/17.0 Firefox/17.0"
127.0.0.1 - - [13/Nov/2012:19:54:49 +0000] "GET /app/global/js/jquery.1.3.2.js HTTP/1.1" 404 227 "http://0.0.0.0:10081/app/index.php/sns/contact" "Mozilla/5.0 (Macintosh; Intel Mac OS X 10.6; rv:17.0) Gecko/17.0 Firefox/17.0"
127.0.0.1 - - [13/Nov/2012:19:54:49 +0000] "GET /app/global/js/common.js HTTP/1.1" 404 221 "http://0.0.0.0:10081/app/index.php/sns/contact" "Mozilla/5.0 (Macintosh; Intel Mac OS X 10.6; rv:17.0) Gecko/17.0 Firefox/17.0"
::1 - - [13/Nov/2012:19:54:54 +0000] "OPTIONS * HTTP/1.0" 200 - "-" "Apache/2.2.22 (Unix) PHP/5.3.10 (internal dummy connection)"
127.0.0.1 - - [13/Nov/2012:19:54:56 +0000] "GET /app/index.php/about HTTP/1.1" 200 4433 "http://0.0.0.0:10081/app/index.php/sns/contact" "Mozilla/5.0 (Macintosh; Intel Mac OS X 10.6; rv:17.0) Gecko/17.0 Firefox/17.0"
127.0.0.1 - - [13/Nov/2012:19:54:56 +0000] "GET /app/global/js/jquery.1.3.2.js HTTP/1.1" 404 227 "http://0.0.0.0:10081/app/index.php/about" "Mozilla/5.0 (Macintosh; Intel Mac OS X 10.6; rv:17.0) Gecko/17.0 Firefox/17.0"
127.0.0.1 - - [13/Nov/2012:19:54:56 +0000] "GET /app/global/js/common.js HTTP/1.1" 404 221 "http://0.0.0.0:10081/app/index.php/about" "Mozilla/5.0 (Macintosh; Intel Mac OS X 10.6; rv:17.0) Gecko/17.0 Firefox/17.0"
127.0.0.1 - - [13/Nov/2012:19:54:56 +0000] "GET /app/global/js/common.js HTTP/1.1" 404 221 "http://0.0.0.0:10081/app/index.php/about" "Mozilla/5.0 (Macintosh; Intel Mac OS X 10.6; rv:17.0) Gecko/17.0 Firefox/17.0"
::1 - - [13/Nov/2012:19:55:01 +0000] "OPTIONS * HTTP/1.0" 200 - "-" "Apache/2.2.22 (Unix) PHP/5.3.10 (internal dummy connection)"
127.0.0.1 - - [13/Nov/2012:19:55:02 +0000] "GET /app/index.php/url HTTP/1.1" 200 4038 "http://0.0.0.0:10081/app/index.php/about" "Mozilla/5.0 (Macintosh; Intel Mac OS X 10.6; rv:17.0) Gecko/17.0 Firefox/17.0"
127.0.0.1 - - [13/Nov/2012:19:55:02 +0000] "GET /app/global/js/jquery.1.3.2.js HTTP/1.1" 404 227 "http://0.0.0.0:10081/app/index.php/url" "Mozilla/5.0 (Macintosh; Intel Mac OS X 10.6; rv:17.0) Gecko/17.0 Firefox/17.0"
127.0.0.1 - - [13/Nov/2012:19:55:02 +0000] "GET /app/global/js/common.js HTTP/1.1" 404 221 "http://0.0.0.0:10081/app/index.php/url" "Mozilla/5.0 (Macintosh; Intel Mac OS X 10.6; rv:17.0) Gecko/17.0 Firefox/17.0"
127.0.0.1 - - [13/Nov/2012:19:55:02 +0000] "GET /app/global/js/common.js HTTP/1.1" 404 221 "http://0.0.0.0:10081/app/index.php/url" "Mozilla/5.0 (Macintosh; Intel Mac OS X 10.6; rv:17.0) Gecko/17.0 Firefox/17.0"
127.0.0.1 - - [13/Nov/2012:19:55:06 +0000] "GET /app/index.php/example HTTP/1.1" 200 5836 "http://0.0.0.0:10081/app/index.php/url" "Mozilla/5.0 (Macintosh; Intel Mac OS X 10.6; rv:17.0) Gecko/17.0 Firefox/17.0"
127.0.0.1 - - [13/Nov/2012:19:55:06 +0000] "GET /app/global/js/common.js HTTP/1.1" 404 221 "http://0.0.0.0:10081/app/index.php/example" "Mozilla/5.0 (Macintosh; Intel Mac OS X 10.6; rv:17.0) Gecko/17.0 Firefox/17.0"
127.0.0.1 - - [13/Nov/2012:19:55:06 +0000] "GET /app/global/js/jquery.1.3.2.js HTTP/1.1" 404 227 "http://0.0.0.0:10081/app/index.php/example" "Mozilla/5.0 (Macintosh; Intel Mac OS X 10.6; rv:17.0) Gecko/17.0 Firefox/17.0"
127.0.0.1 - - [13/Nov/2012:19:55:06 +0000] "GET /app/global/js/common.js HTTP/1.1" 404 221 "http://0.0.0.0:10081/app/index.php/example" "Mozilla/5.0 (Macintosh; Intel Mac OS X 10.6; rv:17.0) Gecko/17.0 Firefox/17.0"
127.0.0.1 - - [13/Nov/2012:19:55:08 +0000] "GET /app/index.php/about HTTP/1.1" 200 4433 "http://0.0.0.0:10081/app/index.php/example" "Mozilla/5.0 (Macintosh; Intel Mac OS X 10.6; rv:17.0) Gecko/17.0 Firefox/17.0"
127.0.0.1 - - [13/Nov/2012:19:55:08 +0000] "GET /app/global/js/jquery.1.3.2.js HTTP/1.1" 404 227 "http://0.0.0.0:10081/app/index.php/about" "Mozilla/5.0 (Macintosh; Intel Mac OS X 10.6; rv:17.0) Gecko/17.0 Firefox/17.0"
127.0.0.1 - - [13/Nov/2012:19:55:08 +0000] "GET /app/global/js/common.js HTTP/1.1" 404 221 "http://0.0.0.0:10081/app/index.php/about" "Mozilla/5.0 (Macintosh; Intel Mac OS X 10.6; rv:17.0) Gecko/17.0 Firefox/17.0"
127.0.0.1 - - [13/Nov/2012:19:55:08 +0000] "GET /app/global/js/common.js HTTP/1.1" 404 221 "http://0.0.0.0:10081/app/index.php/about" "Mozilla/5.0 (Macintosh; Intel Mac OS X 10.6; rv:17.0) Gecko/17.0 Firefox/17.0"
::1 - - [13/Nov/2012:19:55:13 +0000] "OPTIONS * HTTP/1.0" 200 - "-" "Apache/2.2.22 (Unix) PHP/5.3.10 (internal dummy connection)"
127.0.0.1 - - [13/Nov/2012:19:55:19 +0000] "GET /app/index.php/about HTTP/1.1" 200 4433 "http://0.0.0.0:10081/app/index.php/example" "Mozilla/5.0 (Macintosh; Intel Mac OS X 10.6; rv:17.0) Gecko/17.0 Firefox/17.0"
127.0.0.1 - - [13/Nov/2012:19:55:20 +0000] "GET /app/index.php/url HTTP/1.1" 200 4038 "http://0.0.0.0:10081/app/index.php/about" "Mozilla/5.0 (Macintosh; Intel Mac OS X 10.6; rv:17.0) Gecko/17.0 Firefox/17.0"
127.0.0.1 - - [13/Nov/2012:19:55:20 +0000] "GET /app/global/js/jquery.1.3.2.js HTTP/1.1" 404 227 "http://0.0.0.0:10081/app/index.php/url" "Mozilla/5.0 (Macintosh; Intel Mac OS X 10.6; rv:17.0) Gecko/17.0 Firefox/17.0"
127.0.0.1 - - [13/Nov/2012:19:55:20 +0000] "GET /app/global/css/screen.css HTTP/1.1" 304 - "http://0.0.0.0:10081/app/index.php/url" "Mozilla/5.0 (Macintosh; Intel Mac OS X 10.6; rv:17.0) Gecko/17.0 Firefox/17.0"
127.0.0.1 - - [13/Nov/2012:19:55:20 +0000] "GET /app/global/js/common.js HTTP/1.1" 404 221 "http://0.0.0.0:10081/app/index.php/url" "Mozilla/5.0 (Macintosh; Intel Mac OS X 10.6; rv:17.0) Gecko/17.0 Firefox/17.0"
127.0.0.1 - - [13/Nov/2012:19:55:20 +0000] "GET /app/global/js/common.js HTTP/1.1" 404 221 "http://0.0.0.0:10081/app/index.php/url" "Mozilla/5.0 (Macintosh; Intel Mac OS X 10.6; rv:17.0) Gecko/17.0 Firefox/17.0"
127.0.0.1 - - [13/Nov/2012:19:55:22 +0000] "GET /app/index.php/about HTTP/1.1" 200 4433 "http://0.0.0.0:10081/app/index.php/url" "Mozilla/5.0 (Macintosh; Intel Mac OS X 10.6; rv:17.0) Gecko/17.0 Firefox/17.0"
127.0.0.1 - - [13/Nov/2012:19:55:22 +0000] "GET /app/global/js/jquery.1.3.2.js HTTP/1.1" 404 227 "http://0.0.0.0:10081/app/index.php/about" "Mozilla/5.0 (Macintosh; Intel Mac OS X 10.6; rv:17.0) Gecko/17.0 Firefox/17.0"
127.0.0.1 - - [13/Nov/2012:19:55:22 +0000] "GET /app/global/js/common.js HTTP/1.1" 404 221 "http://0.0.0.0:10081/app/index.php/about" "Mozilla/5.0 (Macintosh; Intel Mac OS X 10.6; rv:17.0) Gecko/17.0 Firefox/17.0"
127.0.0.1 - - [13/Nov/2012:19:55:22 +0000] "GET /app/global/js/common.js HTTP/1.1" 404 221 "http://0.0.0.0:10081/app/index.php/about" "Mozilla/5.0 (Macintosh; Intel Mac OS X 10.6; rv:17.0) Gecko/17.0 Firefox/17.0"
::1 - - [13/Nov/2012:19:55:26 +0000] "OPTIONS * HTTP/1.0" 200 - "-" "Apache/2.2.22 (Unix) PHP/5.3.10 (internal dummy connection)"
::1 - - [13/Nov/2012:19:55:27 +0000] "OPTIONS * HTTP/1.0" 200 - "-" "Apache/2.2.22 (Unix) PHP/5.3.10 (internal dummy connection)"
::1 - - [13/Nov/2012:19:55:28 +0000] "OPTIONS * HTTP/1.0" 200 - "-" "Apache/2.2.22 (Unix) PHP/5.3.10 (internal dummy connection)"
127.0.0.1 - - [13/Nov/2012:19:55:43 +0000] "POST /app/index.php/login HTTP/1.1" 200 641957 "http://0.0.0.0:10081/app/index.php/about" "Mozilla/5.0 (Macintosh; Intel Mac OS X 10.6; rv:17.0) Gecko/17.0 Firefox/17.0"
127.0.0.1 - - [13/Nov/2012:19:55:43 +0000] "GET /app/index.php?doodiagnostic_pic=bg-down.png HTTP/1.1" 200 11682 "http://0.0.0.0:10081/app/index.php/login" "Mozilla/5.0 (Macintosh; Intel Mac OS X 10.6; rv:17.0) Gecko/17.0 Firefox/17.0"
127.0.0.1 - - [13/Nov/2012:19:55:43 +0000] "GET /app/index.php?doodiagnostic_pic=bg-footer.gif HTTP/1.1" 200 92 "http://0.0.0.0:10081/app/index.php/login" "Mozilla/5.0 (Macintosh; Intel Mac OS X 10.6; rv:17.0) Gecko/17.0 Firefox/17.0"
127.0.0.1 - - [13/Nov/2012:19:55:43 +0000] "GET /app/index.php?doodiagnostic_pic=logo-b2.png HTTP/1.1" 200 13396 "http://0.0.0.0:10081/app/index.php/login" "Mozilla/5.0 (Macintosh; Intel Mac OS X 10.6; rv:17.0) Gecko/17.0 Firefox/17.0"
::1 - - [13/Nov/2012:19:55:49 +0000] "OPTIONS * HTTP/1.0" 200 - "-" "Apache/2.2.22 (Unix) PHP/5.3.10 (internal dummy connection)"
::1 - - [13/Nov/2012:19:55:50 +0000] "OPTIONS * HTTP/1.0" 200 - "-" "Apache/2.2.22 (Unix) PHP/5.3.10 (internal dummy connection)"
::1 - - [13/Nov/2012:19:55:51 +0000] "OPTIONS * HTTP/1.0" 200 - "-" "Apache/2.2.22 (Unix) PHP/5.3.10 (internal dummy connection)"
127.0.0.1 - - [13/Nov/2012:19:55:53 +0000] "GET /app/index.php/about HTTP/1.1" 200 4433 "http://0.0.0.0:10081/app/index.php/url" "Mozilla/5.0 (Macintosh; Intel Mac OS X 10.6; rv:17.0) Gecko/17.0 Firefox/17.0"
127.0.0.1 - - [13/Nov/2012:19:56:02 +0000] "POST /app/index.php/login HTTP/1.1" 200 641961 "http://0.0.0.0:10081/app/index.php/about" "Mozilla/5.0 (Macintosh; Intel Mac OS X 10.6; rv:17.0) Gecko/17.0 Firefox/17.0"
127.0.0.1 - - [13/Nov/2012:19:56:03 +0000] "GET /app/index.php?doodiagnostic_pic=bg-down.png HTTP/1.1" 200 11682 "http://0.0.0.0:10081/app/index.php/login" "Mozilla/5.0 (Macintosh; Intel Mac OS X 10.6; rv:17.0) Gecko/17.0 Firefox/17.0"
127.0.0.1 - - [13/Nov/2012:19:56:03 +0000] "GET /app/index.php?doodiagnostic_pic=logo-b2.png HTTP/1.1" 200 13396 "http://0.0.0.0:10081/app/index.php/login" "Mozilla/5.0 (Macintosh; Intel Mac OS X 10.6; rv:17.0) Gecko/17.0 Firefox/17.0"
127.0.0.1 - - [13/Nov/2012:19:56:03 +0000] "GET /app/index.php?doodiagnostic_pic=bg-footer.gif HTTP/1.1" 200 92 "http://0.0.0.0:10081/app/index.php/login" "Mozilla/5.0 (Macintosh; Intel Mac OS X 10.6; rv:17.0) Gecko/17.0 Firefox/17.0"
::1 - - [13/Nov/2012:19:56:08 +0000] "OPTIONS * HTTP/1.0" 200 - "-" "Apache/2.2.22 (Unix) PHP/5.3.10 (internal dummy connection)"
::1 - - [13/Nov/2012:19:56:09 +0000] "OPTIONS * HTTP/1.0" 200 - "-" "Apache/2.2.22 (Unix) PHP/5.3.10 (internal dummy connection)"
::1 - - [13/Nov/2012:19:56:10 +0000] "OPTIONS * HTTP/1.0" 200 - "-" "Apache/2.2.22 (Unix) PHP/5.3.10 (internal dummy connection)"
127.0.0.1 - - [13/Nov/2012:19:57:39 +0000] "GET /app/index.php/login HTTP/1.1" 404 1840 "-" "Mozilla/5.0 (Macintosh; Intel Mac OS X 10.6; rv:17.0) Gecko/17.0 Firefox/17.0"
127.0.0.1 - - [13/Nov/2012:19:57:39 +0000] "GET /app/global/css/screen.css HTTP/1.1" 304 - "http://0.0.0.0:10081/app/index.php/login" "Mozilla/5.0 (Macintosh; Intel Mac OS X 10.6; rv:17.0) Gecko/17.0 Firefox/17.0"
127.0.0.1 - - [13/Nov/2012:19:57:39 +0000] "GET /app/global/js/common.js HTTP/1.1" 404 221 "http://0.0.0.0:10081/app/index.php/login" "Mozilla/5.0 (Macintosh; Intel Mac OS X 10.6; rv:17.0) Gecko/17.0 Firefox/17.0"
127.0.0.1 - - [13/Nov/2012:19:57:39 +0000] "GET /app/global/js/jquery.1.3.2.js HTTP/1.1" 404 227 "http://0.0.0.0:10081/app/index.php/login" "Mozilla/5.0 (Macintosh; Intel Mac OS X 10.6; rv:17.0) Gecko/17.0 Firefox/17.0"
127.0.0.1 - - [13/Nov/2012:19:57:39 +0000] "GET /app/global/js/common.js HTTP/1.1" 404 221 "http://0.0.0.0:10081/app/index.php/login" "Mozilla/5.0 (Macintosh; Intel Mac OS X 10.6; rv:17.0) Gecko/17.0 Firefox/17.0"
127.0.0.1 - - [13/Nov/2012:19:57:45 +0000] "GET /app/index.php/about HTTP/1.1" 200 4433 "http://0.0.0.0:10081/app/index.php/url" "Mozilla/5.0 (Macintosh; Intel Mac OS X 10.6; rv:17.0) Gecko/17.0 Firefox/17.0"
::1 - - [13/Nov/2012:19:57:45 +0000] "OPTIONS * HTTP/1.0" 200 - "-" "Apache/2.2.22 (Unix) PHP/5.3.10 (internal dummy connection)"
::1 - - [13/Nov/2012:19:57:46 +0000] "OPTIONS * HTTP/1.0" 200 - "-" "Apache/2.2.22 (Unix) PHP/5.3.10 (internal dummy connection)"
::1 - - [13/Nov/2012:19:57:50 +0000] "OPTIONS * HTTP/1.0" 200 - "-" "Apache/2.2.22 (Unix) PHP/5.3.10 (internal dummy connection)"
127.0.0.1 - - [13/Nov/2012:19:57:51 +0000] "POST /app/index.php/login HTTP/1.1" 200 1897 "http://0.0.0.0:10081/app/index.php/about" "Mozilla/5.0 (Macintosh; Intel Mac OS X 10.6; rv:17.0) Gecko/17.0 Firefox/17.0"
127.0.0.1 - - [13/Nov/2012:19:57:51 +0000] "GET /app/global/js/jquery.1.3.2.js HTTP/1.1" 404 227 "http://0.0.0.0:10081/app/index.php/login" "Mozilla/5.0 (Macintosh; Intel Mac OS X 10.6; rv:17.0) Gecko/17.0 Firefox/17.0"
127.0.0.1 - - [13/Nov/2012:19:57:51 +0000] "GET /app/global/js/common.js HTTP/1.1" 404 221 "http://0.0.0.0:10081/app/index.php/login" "Mozilla/5.0 (Macintosh; Intel Mac OS X 10.6; rv:17.0) Gecko/17.0 Firefox/17.0"
127.0.0.1 - - [13/Nov/2012:19:57:51 +0000] "GET /app/global/js/common.js HTTP/1.1" 404 221 "http://0.0.0.0:10081/app/index.php/login" "Mozilla/5.0 (Macintosh; Intel Mac OS X 10.6; rv:17.0) Gecko/17.0 Firefox/17.0"
::1 - - [13/Nov/2012:19:57:56 +0000] "OPTIONS * HTTP/1.0" 200 - "-" "Apache/2.2.22 (Unix) PHP/5.3.10 (internal dummy connection)"
127.0.0.1 - - [13/Nov/2012:20:05:01 +0000] "GET /app/index.php/login HTTP/1.1" 404 1840 "-" "Mozilla/5.0 (Macintosh; Intel Mac OS X 10.6; rv:17.0) Gecko/17.0 Firefox/17.0"
127.0.0.1 - - [13/Nov/2012:20:05:01 +0000] "GET /app/global/css/screen.css HTTP/1.1" 304 - "http://0.0.0.0:10081/app/index.php/login" "Mozilla/5.0 (Macintosh; Intel Mac OS X 10.6; rv:17.0) Gecko/17.0 Firefox/17.0"
127.0.0.1 - - [13/Nov/2012:20:05:01 +0000] "GET /app/global/js/jquery.1.3.2.js HTTP/1.1" 404 227 "http://0.0.0.0:10081/app/index.php/login" "Mozilla/5.0 (Macintosh; Intel Mac OS X 10.6; rv:17.0) Gecko/17.0 Firefox/17.0"
127.0.0.1 - - [13/Nov/2012:20:05:01 +0000] "GET /app/global/js/common.js HTTP/1.1" 404 221 "http://0.0.0.0:10081/app/index.php/login" "Mozilla/5.0 (Macintosh; Intel Mac OS X 10.6; rv:17.0) Gecko/17.0 Firefox/17.0"
127.0.0.1 - - [13/Nov/2012:20:05:01 +0000] "GET /app/global/js/common.js HTTP/1.1" 404 221 "http://0.0.0.0:10081/app/index.php/login" "Mozilla/5.0 (Macintosh; Intel Mac OS X 10.6; rv:17.0) Gecko/17.0 Firefox/17.0"
::1 - - [13/Nov/2012:20:05:06 +0000] "OPTIONS * HTTP/1.0" 200 - "-" "Apache/2.2.22 (Unix) PHP/5.3.10 (internal dummy connection)"
127.0.0.1 - - [13/Nov/2012:20:05:09 +0000] "GET /app/index.php HTTP/1.1" 200 4433 "-" "Mozilla/5.0 (Macintosh; Intel Mac OS X 10.6; rv:17.0) Gecko/17.0 Firefox/17.0"
127.0.0.1 - - [13/Nov/2012:20:05:09 +0000] "GET /app/global/js/common.js HTTP/1.1" 404 221 "http://0.0.0.0:10081/app/index.php" "Mozilla/5.0 (Macintosh; Intel Mac OS X 10.6; rv:17.0) Gecko/17.0 Firefox/17.0"
127.0.0.1 - - [13/Nov/2012:20:05:09 +0000] "GET /app/global/js/jquery.1.3.2.js HTTP/1.1" 404 227 "http://0.0.0.0:10081/app/index.php" "Mozilla/5.0 (Macintosh; Intel Mac OS X 10.6; rv:17.0) Gecko/17.0 Firefox/17.0"
127.0.0.1 - - [13/Nov/2012:20:05:09 +0000] "GET /app/global/js/common.js HTTP/1.1" 404 221 "http://0.0.0.0:10081/app/index.php" "Mozilla/5.0 (Macintosh; Intel Mac OS X 10.6; rv:17.0) Gecko/17.0 Firefox/17.0"
::1 - - [13/Nov/2012:20:05:14 +0000] "OPTIONS * HTTP/1.0" 200 - "-" "Apache/2.2.22 (Unix) PHP/5.3.10 (internal dummy connection)"
127.0.0.1 - - [13/Nov/2012:20:05:54 +0000] "GET /app/index.php HTTP/1.1" 200 4433 "-" "Mozilla/5.0 (Macintosh; Intel Mac OS X 10.6; rv:17.0) Gecko/17.0 Firefox/17.0"
127.0.0.1 - - [13/Nov/2012:20:05:54 +0000] "GET /app/global/js/jquery.1.3.2.js HTTP/1.1" 404 227 "http://0.0.0.0:10081/app/index.php" "Mozilla/5.0 (Macintosh; Intel Mac OS X 10.6; rv:17.0) Gecko/17.0 Firefox/17.0"
127.0.0.1 - - [13/Nov/2012:20:05:54 +0000] "GET /app/global/js/common.js HTTP/1.1" 404 221 "http://0.0.0.0:10081/app/index.php" "Mozilla/5.0 (Macintosh; Intel Mac OS X 10.6; rv:17.0) Gecko/17.0 Firefox/17.0"
127.0.0.1 - - [13/Nov/2012:20:05:54 +0000] "GET /app/global/js/common.js HTTP/1.1" 404 221 "http://0.0.0.0:10081/app/index.php" "Mozilla/5.0 (Macintosh; Intel Mac OS X 10.6; rv:17.0) Gecko/17.0 Firefox/17.0"
127.0.0.1 - - [13/Nov/2012:20:05:56 +0000] "GET /app/index.php HTTP/1.1" 200 4433 "-" "Mozilla/5.0 (Macintosh; Intel Mac OS X 10.6; rv:17.0) Gecko/17.0 Firefox/17.0"
127.0.0.1 - - [13/Nov/2012:20:05:56 +0000] "GET /app/global/css/screen.css HTTP/1.1" 200 1804 "http://0.0.0.0:10081/app/index.php" "Mozilla/5.0 (Macintosh; Intel Mac OS X 10.6; rv:17.0) Gecko/17.0 Firefox/17.0"
127.0.0.1 - - [13/Nov/2012:20:05:56 +0000] "GET /app/global/js/common.js HTTP/1.1" 404 221 "http://0.0.0.0:10081/app/index.php" "Mozilla/5.0 (Macintosh; Intel Mac OS X 10.6; rv:17.0) Gecko/17.0 Firefox/17.0"
127.0.0.1 - - [13/Nov/2012:20:05:56 +0000] "GET /app/global/js/jquery.1.3.2.js HTTP/1.1" 404 227 "http://0.0.0.0:10081/app/index.php" "Mozilla/5.0 (Macintosh; Intel Mac OS X 10.6; rv:17.0) Gecko/17.0 Firefox/17.0"
127.0.0.1 - - [13/Nov/2012:20:05:56 +0000] "GET /app/global/js/common.js HTTP/1.1" 404 221 "http://0.0.0.0:10081/app/index.php" "Mozilla/5.0 (Macintosh; Intel Mac OS X 10.6; rv:17.0) Gecko/17.0 Firefox/17.0"
127.0.0.1 - - [13/Nov/2012:20:06:00 +0000] "GET /app/index.php HTTP/1.1" 200 4433 "-" "Mozilla/5.0 (Macintosh; Intel Mac OS X 10.6; rv:17.0) Gecko/17.0 Firefox/17.0"
127.0.0.1 - - [13/Nov/2012:20:06:00 +0000] "GET /app/global/css/screen.css HTTP/1.1" 200 1804 "http://0.0.0.0:10081/app/index.php" "Mozilla/5.0 (Macintosh; Intel Mac OS X 10.6; rv:17.0) Gecko/17.0 Firefox/17.0"
127.0.0.1 - - [13/Nov/2012:20:06:00 +0000] "GET /app/global/js/jquery.1.3.2.js HTTP/1.1" 404 227 "http://0.0.0.0:10081/app/index.php" "Mozilla/5.0 (Macintosh; Intel Mac OS X 10.6; rv:17.0) Gecko/17.0 Firefox/17.0"
127.0.0.1 - - [13/Nov/2012:20:06:00 +0000] "GET /app/global/js/common.js HTTP/1.1" 404 221 "http://0.0.0.0:10081/app/index.php" "Mozilla/5.0 (Macintosh; Intel Mac OS X 10.6; rv:17.0) Gecko/17.0 Firefox/17.0"
127.0.0.1 - - [13/Nov/2012:20:06:00 +0000] "GET /app/global/js/common.js HTTP/1.1" 404 221 "http://0.0.0.0:10081/app/index.php" "Mozilla/5.0 (Macintosh; Intel Mac OS X 10.6; rv:17.0) Gecko/17.0 Firefox/17.0"
127.0.0.1 - - [13/Nov/2012:20:06:00 +0000] "GET /app/index.php HTTP/1.1" 200 4433 "-" "Mozilla/5.0 (Macintosh; Intel Mac OS X 10.6; rv:17.0) Gecko/17.0 Firefox/17.0"
127.0.0.1 - - [13/Nov/2012:20:06:00 +0000] "GET /app/global/css/screen.css HTTP/1.1" 200 1804 "http://0.0.0.0:10081/app/index.php" "Mozilla/5.0 (Macintosh; Intel Mac OS X 10.6; rv:17.0) Gecko/17.0 Firefox/17.0"
127.0.0.1 - - [13/Nov/2012:20:06:00 +0000] "GET /app/global/js/jquery.1.3.2.js HTTP/1.1" 404 227 "http://0.0.0.0:10081/app/index.php" "Mozilla/5.0 (Macintosh; Intel Mac OS X 10.6; rv:17.0) Gecko/17.0 Firefox/17.0"
127.0.0.1 - - [13/Nov/2012:20:06:00 +0000] "GET /app/global/js/common.js HTTP/1.1" 404 221 "http://0.0.0.0:10081/app/index.php" "Mozilla/5.0 (Macintosh; Intel Mac OS X 10.6; rv:17.0) Gecko/17.0 Firefox/17.0"
127.0.0.1 - - [13/Nov/2012:20:06:00 +0000] "GET /app/global/js/common.js HTTP/1.1" 404 221 "http://0.0.0.0:10081/app/index.php" "Mozilla/5.0 (Macintosh; Intel Mac OS X 10.6; rv:17.0) Gecko/17.0 Firefox/17.0"
127.0.0.1 - - [13/Nov/2012:20:06:00 +0000] "GET /app/index.php HTTP/1.1" 200 4433 "-" "Mozilla/5.0 (Macintosh; Intel Mac OS X 10.6; rv:17.0) Gecko/17.0 Firefox/17.0"
127.0.0.1 - - [13/Nov/2012:20:06:00 +0000] "GET /app/global/css/screen.css HTTP/1.1" 200 1804 "http://0.0.0.0:10081/app/index.php" "Mozilla/5.0 (Macintosh; Intel Mac OS X 10.6; rv:17.0) Gecko/17.0 Firefox/17.0"
127.0.0.1 - - [13/Nov/2012:20:06:00 +0000] "GET /app/global/js/jquery.1.3.2.js HTTP/1.1" 404 227 "http://0.0.0.0:10081/app/index.php" "Mozilla/5.0 (Macintosh; Intel Mac OS X 10.6; rv:17.0) Gecko/17.0 Firefox/17.0"
127.0.0.1 - - [13/Nov/2012:20:06:00 +0000] "GET /app/global/js/common.js HTTP/1.1" 404 221 "http://0.0.0.0:10081/app/index.php" "Mozilla/5.0 (Macintosh; Intel Mac OS X 10.6; rv:17.0) Gecko/17.0 Firefox/17.0"
127.0.0.1 - - [13/Nov/2012:20:06:00 +0000] "GET /app/global/js/common.js HTTP/1.1" 404 221 "http://0.0.0.0:10081/app/index.php" "Mozilla/5.0 (Macintosh; Intel Mac OS X 10.6; rv:17.0) Gecko/17.0 Firefox/17.0"
127.0.0.1 - - [13/Nov/2012:20:06:01 +0000] "GET /app/index.php HTTP/1.1" 200 4433 "-" "Mozilla/5.0 (Macintosh; Intel Mac OS X 10.6; rv:17.0) Gecko/17.0 Firefox/17.0"
127.0.0.1 - - [13/Nov/2012:20:06:01 +0000] "GET /app/global/css/screen.css HTTP/1.1" 200 1804 "http://0.0.0.0:10081/app/index.php" "Mozilla/5.0 (Macintosh; Intel Mac OS X 10.6; rv:17.0) Gecko/17.0 Firefox/17.0"
127.0.0.1 - - [13/Nov/2012:20:06:01 +0000] "GET /app/global/js/jquery.1.3.2.js HTTP/1.1" 404 227 "http://0.0.0.0:10081/app/index.php" "Mozilla/5.0 (Macintosh; Intel Mac OS X 10.6; rv:17.0) Gecko/17.0 Firefox/17.0"
127.0.0.1 - - [13/Nov/2012:20:06:01 +0000] "GET /app/global/js/common.js HTTP/1.1" 404 221 "http://0.0.0.0:10081/app/index.php" "Mozilla/5.0 (Macintosh; Intel Mac OS X 10.6; rv:17.0) Gecko/17.0 Firefox/17.0"
127.0.0.1 - - [13/Nov/2012:20:06:01 +0000] "GET /app/global/js/common.js HTTP/1.1" 404 221 "http://0.0.0.0:10081/app/index.php" "Mozilla/5.0 (Macintosh; Intel Mac OS X 10.6; rv:17.0) Gecko/17.0 Firefox/17.0"
::1 - - [13/Nov/2012:20:06:06 +0000] "OPTIONS * HTTP/1.0" 200 - "-" "Apache/2.2.22 (Unix) PHP/5.3.10 (internal dummy connection)"
::1 - - [13/Nov/2012:20:06:07 +0000] "OPTIONS * HTTP/1.0" 200 - "-" "Apache/2.2.22 (Unix) PHP/5.3.10 (internal dummy connection)"
::1 - - [13/Nov/2012:20:06:08 +0000] "OPTIONS * HTTP/1.0" 200 - "-" "Apache/2.2.22 (Unix) PHP/5.3.10 (internal dummy connection)"
127.0.0.1 - - [13/Nov/2012:20:07:08 +0000] "GET /app/index.php HTTP/1.1" 200 36578 "-" "Mozilla/5.0 (Macintosh; Intel Mac OS X 10.6; rv:17.0) Gecko/17.0 Firefox/17.0"
127.0.0.1 - - [13/Nov/2012:20:07:08 +0000] "GET /app/index.php?doodiagnostic_pic=bg-footer.gif HTTP/1.1" 200 92 "http://0.0.0.0:10081/app/index.php" "Mozilla/5.0 (Macintosh; Intel Mac OS X 10.6; rv:17.0) Gecko/17.0 Firefox/17.0"
127.0.0.1 - - [13/Nov/2012:20:07:08 +0000] "GET /app/index.php?doodiagnostic_pic=logo-b2.png HTTP/1.1" 200 13396 "http://0.0.0.0:10081/app/index.php" "Mozilla/5.0 (Macintosh; Intel Mac OS X 10.6; rv:17.0) Gecko/17.0 Firefox/17.0"
127.0.0.1 - - [13/Nov/2012:20:07:08 +0000] "GET /app/index.php?doodiagnostic_pic=bg-down.png HTTP/1.1" 200 11682 "http://0.0.0.0:10081/app/index.php" "Mozilla/5.0 (Macintosh; Intel Mac OS X 10.6; rv:17.0) Gecko/17.0 Firefox/17.0"
::1 - - [13/Nov/2012:20:07:13 +0000] "OPTIONS * HTTP/1.0" 200 - "-" "Apache/2.2.22 (Unix) PHP/5.3.10 (internal dummy connection)"
::1 - - [13/Nov/2012:20:07:14 +0000] "OPTIONS * HTTP/1.0" 200 - "-" "Apache/2.2.22 (Unix) PHP/5.3.10 (internal dummy connection)"
::1 - - [13/Nov/2012:20:07:15 +0000] "OPTIONS * HTTP/1.0" 200 - "-" "Apache/2.2.22 (Unix) PHP/5.3.10 (internal dummy connection)"
127.0.0.1 - - [13/Nov/2012:20:07:18 +0000] "GET /app/index.php HTTP/1.1" 200 36578 "-" "Mozilla/5.0 (Macintosh; Intel Mac OS X 10.6; rv:17.0) Gecko/17.0 Firefox/17.0"
127.0.0.1 - - [13/Nov/2012:20:07:18 +0000] "GET /app/index.php?doodiagnostic_pic=bg-footer.gif HTTP/1.1" 200 92 "http://0.0.0.0:10081/app/index.php" "Mozilla/5.0 (Macintosh; Intel Mac OS X 10.6; rv:17.0) Gecko/17.0 Firefox/17.0"
127.0.0.1 - - [13/Nov/2012:20:07:18 +0000] "GET /app/index.php?doodiagnostic_pic=bg-down.png HTTP/1.1" 200 11682 "http://0.0.0.0:10081/app/index.php" "Mozilla/5.0 (Macintosh; Intel Mac OS X 10.6; rv:17.0) Gecko/17.0 Firefox/17.0"
127.0.0.1 - - [13/Nov/2012:20:07:18 +0000] "GET /app/index.php?doodiagnostic_pic=logo-b2.png HTTP/1.1" 200 13396 "http://0.0.0.0:10081/app/index.php" "Mozilla/5.0 (Macintosh; Intel Mac OS X 10.6; rv:17.0) Gecko/17.0 Firefox/17.0"
127.0.0.1 - - [13/Nov/2012:20:07:18 +0000] "GET /app/index.php HTTP/1.1" 200 36578 "-" "Mozilla/5.0 (Macintosh; Intel Mac OS X 10.6; rv:17.0) Gecko/17.0 Firefox/17.0"
127.0.0.1 - - [13/Nov/2012:20:07:18 +0000] "GET /app/index.php?doodiagnostic_pic=bg-footer.gif HTTP/1.1" 200 92 "http://0.0.0.0:10081/app/index.php" "Mozilla/5.0 (Macintosh; Intel Mac OS X 10.6; rv:17.0) Gecko/17.0 Firefox/17.0"
127.0.0.1 - - [13/Nov/2012:20:07:18 +0000] "GET /app/index.php?doodiagnostic_pic=logo-b2.png HTTP/1.1" 200 13396 "http://0.0.0.0:10081/app/index.php" "Mozilla/5.0 (Macintosh; Intel Mac OS X 10.6; rv:17.0) Gecko/17.0 Firefox/17.0"
127.0.0.1 - - [13/Nov/2012:20:07:18 +0000] "GET /app/index.php?doodiagnostic_pic=bg-down.png HTTP/1.1" 200 11682 "http://0.0.0.0:10081/app/index.php" "Mozilla/5.0 (Macintosh; Intel Mac OS X 10.6; rv:17.0) Gecko/17.0 Firefox/17.0"
::1 - - [13/Nov/2012:20:07:24 +0000] "OPTIONS * HTTP/1.0" 200 - "-" "Apache/2.2.22 (Unix) PHP/5.3.10 (internal dummy connection)"
127.0.0.1 - - [13/Nov/2012:20:09:23 +0000] "GET /app/index.php HTTP/1.1" 200 36578 "-" "Mozilla/5.0 (Macintosh; Intel Mac OS X 10.6; rv:17.0) Gecko/17.0 Firefox/17.0"
127.0.0.1 - - [13/Nov/2012:20:09:23 +0000] "GET /app/index.php?doodiagnostic_pic=bg-footer.gif HTTP/1.1" 200 92 "http://0.0.0.0:10081/app/index.php" "Mozilla/5.0 (Macintosh; Intel Mac OS X 10.6; rv:17.0) Gecko/17.0 Firefox/17.0"
127.0.0.1 - - [13/Nov/2012:20:09:23 +0000] "GET /app/index.php?doodiagnostic_pic=logo-b2.png HTTP/1.1" 200 13396 "http://0.0.0.0:10081/app/index.php" "Mozilla/5.0 (Macintosh; Intel Mac OS X 10.6; rv:17.0) Gecko/17.0 Firefox/17.0"
127.0.0.1 - - [13/Nov/2012:20:09:23 +0000] "GET /app/index.php?doodiagnostic_pic=bg-down.png HTTP/1.1" 200 11682 "http://0.0.0.0:10081/app/index.php" "Mozilla/5.0 (Macintosh; Intel Mac OS X 10.6; rv:17.0) Gecko/17.0 Firefox/17.0"
::1 - - [13/Nov/2012:20:09:29 +0000] "OPTIONS * HTTP/1.0" 200 - "-" "Apache/2.2.22 (Unix) PHP/5.3.10 (internal dummy connection)"
127.0.0.1 - - [13/Nov/2012:20:09:29 +0000] "GET /app/tools HTTP/1.1" 404 207 "-" "Mozilla/5.0 (Macintosh; Intel Mac OS X 10.6; rv:17.0) Gecko/17.0 Firefox/17.0"
::1 - - [13/Nov/2012:20:09:30 +0000] "OPTIONS * HTTP/1.0" 200 - "-" "Apache/2.2.22 (Unix) PHP/5.3.10 (internal dummy connection)"
::1 - - [13/Nov/2012:20:09:35 +0000] "OPTIONS * HTTP/1.0" 200 - "-" "Apache/2.2.22 (Unix) PHP/5.3.10 (internal dummy connection)"
127.0.0.1 - - [13/Nov/2012:20:09:56 +0000] "GET /app/tools HTTP/1.1" 301 239 "-" "Mozilla/5.0 (Macintosh; Intel Mac OS X 10.6; rv:17.0) Gecko/17.0 Firefox/17.0"
127.0.0.1 - - [13/Nov/2012:20:09:56 +0000] "GET /app/tools/ HTTP/1.1" 404 208 "-" "Mozilla/5.0 (Macintosh; Intel Mac OS X 10.6; rv:17.0) Gecko/17.0 Firefox/17.0"
127.0.0.1 - - [13/Nov/2012:20:10:22 +0000] "GET /app/tools/logViewer.html HTTP/1.1" 200 3635 "-" "Mozilla/5.0 (Macintosh; Intel Mac OS X 10.6; rv:17.0) Gecko/17.0 Firefox/17.0"
127.0.0.1 - - [13/Nov/2012:20:10:22 +0000] "GET /app/tools/AC_OETags.js HTTP/1.1" 200 8641 "http://0.0.0.0:10081/app/tools/logViewer.html" "Mozilla/5.0 (Macintosh; Intel Mac OS X 10.6; rv:17.0) Gecko/17.0 Firefox/17.0"
127.0.0.1 - - [13/Nov/2012:20:10:23 +0000] "GET /app/tools/DooDebugger.swf HTTP/1.1" 200 870771 "http://0.0.0.0:10081/app/tools/logViewer.html" "Mozilla/5.0 (Macintosh; Intel Mac OS X 10.6; rv:17.0) Gecko/17.0 Firefox/17.0"
127.0.0.1 - - [13/Nov/2012:20:10:58 +0000] "GET /app/ HTTP/1.1" 200 36578 "-" "Mozilla/5.0 (Macintosh; Intel Mac OS X 10.6; rv:17.0) Gecko/17.0 Firefox/17.0"
127.0.0.1 - - [13/Nov/2012:20:10:58 +0000] "GET /app/index.php?doodiagnostic_pic=bg-footer.gif HTTP/1.1" 200 92 "http://0.0.0.0:10081/app/" "Mozilla/5.0 (Macintosh; Intel Mac OS X 10.6; rv:17.0) Gecko/17.0 Firefox/17.0"
127.0.0.1 - - [13/Nov/2012:20:10:58 +0000] "GET /app/index.php?doodiagnostic_pic=logo-b2.png HTTP/1.1" 200 13396 "http://0.0.0.0:10081/app/" "Mozilla/5.0 (Macintosh; Intel Mac OS X 10.6; rv:17.0) Gecko/17.0 Firefox/17.0"
127.0.0.1 - - [13/Nov/2012:20:10:58 +0000] "GET /app/index.php?doodiagnostic_pic=bg-down.png HTTP/1.1" 200 11682 "http://0.0.0.0:10081/app/" "Mozilla/5.0 (Macintosh; Intel Mac OS X 10.6; rv:17.0) Gecko/17.0 Firefox/17.0"
::1 - - [13/Nov/2012:20:11:04 +0000] "OPTIONS * HTTP/1.0" 200 - "-" "Apache/2.2.22 (Unix) PHP/5.3.10 (internal dummy connection)"
::1 - - [13/Nov/2012:20:11:05 +0000] "OPTIONS * HTTP/1.0" 200 - "-" "Apache/2.2.22 (Unix) PHP/5.3.10 (internal dummy connection)"
::1 - - [13/Nov/2012:20:11:06 +0000] "OPTIONS * HTTP/1.0" 200 - "-" "Apache/2.2.22 (Unix) PHP/5.3.10 (internal dummy connection)"
127.0.0.1 - - [13/Nov/2012:20:11:31 +0000] "GET /app/ HTTP/1.1" 200 4433 "-" "Mozilla/5.0 (Macintosh; Intel Mac OS X 10.6; rv:17.0) Gecko/17.0 Firefox/17.0"
127.0.0.1 - - [13/Nov/2012:20:11:31 +0000] "GET /app/global/css/screen.css HTTP/1.1" 304 - "http://0.0.0.0:10081/app/" "Mozilla/5.0 (Macintosh; Intel Mac OS X 10.6; rv:17.0) Gecko/17.0 Firefox/17.0"
127.0.0.1 - - [13/Nov/2012:20:11:31 +0000] "GET /app/global/js/jquery.1.3.2.js HTTP/1.1" 404 227 "http://0.0.0.0:10081/app/" "Mozilla/5.0 (Macintosh; Intel Mac OS X 10.6; rv:17.0) Gecko/17.0 Firefox/17.0"
127.0.0.1 - - [13/Nov/2012:20:11:31 +0000] "GET /app/global/js/common.js HTTP/1.1" 404 221 "http://0.0.0.0:10081/app/" "Mozilla/5.0 (Macintosh; Intel Mac OS X 10.6; rv:17.0) Gecko/17.0 Firefox/17.0"
127.0.0.1 - - [13/Nov/2012:20:11:31 +0000] "GET /app/global/js/common.js HTTP/1.1" 404 221 "http://0.0.0.0:10081/app/" "Mozilla/5.0 (Macintosh; Intel Mac OS X 10.6; rv:17.0) Gecko/17.0 Firefox/17.0"
::1 - - [13/Nov/2012:20:11:36 +0000] "OPTIONS * HTTP/1.0" 200 - "-" "Apache/2.2.22 (Unix) PHP/5.3.10 (internal dummy connection)"
127.0.0.1 - - [13/Nov/2012:20:12:52 +0000] "GET /app/index.php/sns/vip/lounge HTTP/1.1" 200 1873 "http://0.0.0.0:10081/app/" "Mozilla/5.0 (Macintosh; Intel Mac OS X 10.6; rv:17.0) Gecko/17.0 Firefox/17.0"
127.0.0.1 - - [13/Nov/2012:20:12:52 +0000] "GET /app/global/js/jquery.1.3.2.js HTTP/1.1" 404 227 "http://0.0.0.0:10081/app/index.php/sns/vip/lounge" "Mozilla/5.0 (Macintosh; Intel Mac OS X 10.6; rv:17.0) Gecko/17.0 Firefox/17.0"
127.0.0.1 - - [13/Nov/2012:20:12:52 +0000] "GET /app/global/js/common.js HTTP/1.1" 404 221 "http://0.0.0.0:10081/app/index.php/sns/vip/lounge" "Mozilla/5.0 (Macintosh; Intel Mac OS X 10.6; rv:17.0) Gecko/17.0 Firefox/17.0"
127.0.0.1 - - [13/Nov/2012:20:12:52 +0000] "GET /app/global/js/common.js HTTP/1.1" 404 221 "http://0.0.0.0:10081/app/index.php/sns/vip/lounge" "Mozilla/5.0 (Macintosh; Intel Mac OS X 10.6; rv:17.0) Gecko/17.0 Firefox/17.0"
127.0.0.1 - - [13/Nov/2012:20:13:08 +0000] "GET /app/ HTTP/1.1" 200 4433 "-" "Mozilla/5.0 (Macintosh; Intel Mac OS X 10.6; rv:17.0) Gecko/17.0 Firefox/17.0"
127.0.0.1 - - [13/Nov/2012:20:13:19 +0000] "GET /app/ HTTP/1.1" 200 4433 "-" "Mozilla/5.0 (Macintosh; Intel Mac OS X 10.6; rv:17.0) Gecko/17.0 Firefox/17.0"
127.0.0.1 - - [13/Nov/2012:20:13:19 +0000] "GET /app/global/js/common.js HTTP/1.1" 404 221 "http://0.0.0.0:10081/app/" "Mozilla/5.0 (Macintosh; Intel Mac OS X 10.6; rv:17.0) Gecko/17.0 Firefox/17.0"
127.0.0.1 - - [13/Nov/2012:20:13:19 +0000] "GET /app/global/js/jquery.1.3.2.js HTTP/1.1" 404 227 "http://0.0.0.0:10081/app/" "Mozilla/5.0 (Macintosh; Intel Mac OS X 10.6; rv:17.0) Gecko/17.0 Firefox/17.0"
127.0.0.1 - - [13/Nov/2012:20:13:19 +0000] "GET /app/global/js/common.js HTTP/1.1" 404 221 "http://0.0.0.0:10081/app/" "Mozilla/5.0 (Macintosh; Intel Mac OS X 10.6; rv:17.0) Gecko/17.0 Firefox/17.0"
::1 - - [13/Nov/2012:20:13:24 +0000] "OPTIONS * HTTP/1.0" 200 - "-" "Apache/2.2.22 (Unix) PHP/5.3.10 (internal dummy connection)"
127.0.0.1 - - [13/Nov/2012:20:15:26 +0000] "GET /app/ HTTP/1.1" 200 4433 "-" "Mozilla/5.0 (Macintosh; Intel Mac OS X 10.6; rv:17.0) Gecko/17.0 Firefox/17.0"
127.0.0.1 - - [13/Nov/2012:20:15:26 +0000] "GET /app/global/css/screen.css HTTP/1.1" 304 - "http://0.0.0.0:10081/app/" "Mozilla/5.0 (Macintosh; Intel Mac OS X 10.6; rv:17.0) Gecko/17.0 Firefox/17.0"
127.0.0.1 - - [13/Nov/2012:20:15:26 +0000] "GET /app/global/js/jquery.1.3.2.js HTTP/1.1" 200 57254 "http://0.0.0.0:10081/app/" "Mozilla/5.0 (Macintosh; Intel Mac OS X 10.6; rv:17.0) Gecko/17.0 Firefox/17.0"
127.0.0.1 - - [13/Nov/2012:20:15:26 +0000] "GET /app/global/js/common.js HTTP/1.1" 200 219 "http://0.0.0.0:10081/app/" "Mozilla/5.0 (Macintosh; Intel Mac OS X 10.6; rv:17.0) Gecko/17.0 Firefox/17.0"
::1 - - [13/Nov/2012:20:15:31 +0000] "OPTIONS * HTTP/1.0" 200 - "-" "Apache/2.2.22 (Unix) PHP/5.3.10 (internal dummy connection)"
::1 - - [13/Nov/2012:20:15:32 +0000] "OPTIONS * HTTP/1.0" 200 - "-" "Apache/2.2.22 (Unix) PHP/5.3.10 (internal dummy connection)"
::1 - - [13/Nov/2012:20:15:33 +0000] "OPTIONS * HTTP/1.0" 200 - "-" "Apache/2.2.22 (Unix) PHP/5.3.10 (internal dummy connection)"
127.0.0.1 - - [13/Nov/2012:20:15:46 +0000] "POST /app/index.php/login HTTP/1.1" 200 1898 "http://0.0.0.0:10081/app/" "Mozilla/5.0 (Macintosh; Intel Mac OS X 10.6; rv:17.0) Gecko/17.0 Firefox/17.0"
127.0.0.1 - - [13/Nov/2012:20:15:46 +0000] "GET /app/global/js/jquery.1.3.2.js HTTP/1.1" 304 - "http://0.0.0.0:10081/app/index.php/login" "Mozilla/5.0 (Macintosh; Intel Mac OS X 10.6; rv:17.0) Gecko/17.0 Firefox/17.0"
127.0.0.1 - - [13/Nov/2012:20:15:46 +0000] "GET /app/global/js/common.js HTTP/1.1" 304 - "http://0.0.0.0:10081/app/index.php/login" "Mozilla/5.0 (Macintosh; Intel Mac OS X 10.6; rv:17.0) Gecko/17.0 Firefox/17.0"
127.0.0.1 - - [13/Nov/2012:20:15:50 +0000] "GET /app/ HTTP/1.1" 200 4433 "-" "Mozilla/5.0 (Macintosh; Intel Mac OS X 10.6; rv:17.0) Gecko/17.0 Firefox/17.0"
127.0.0.1 - - [13/Nov/2012:20:18:05 +0000] "GET /app/index.php/sns/ban HTTP/1.1" 200 1873 "http://0.0.0.0:10081/app/" "Mozilla/5.0 (Macintosh; Intel Mac OS X 10.6; rv:17.0) Gecko/17.0 Firefox/17.0"
127.0.0.1 - - [13/Nov/2012:20:18:06 +0000] "GET /app/global/js/jquery.1.3.2.js HTTP/1.1" 304 - "http://0.0.0.0:10081/app/index.php/sns/ban" "Mozilla/5.0 (Macintosh; Intel Mac OS X 10.6; rv:17.0) Gecko/17.0 Firefox/17.0"
127.0.0.1 - - [13/Nov/2012:20:18:06 +0000] "GET /app/global/js/common.js HTTP/1.1" 304 - "http://0.0.0.0:10081/app/index.php/sns/ban" "Mozilla/5.0 (Macintosh; Intel Mac OS X 10.6; rv:17.0) Gecko/17.0 Firefox/17.0"
127.0.0.1 - - [13/Nov/2012:22:35:51 +0000] "GET / HTTP/1.1" 404 198 "-" "Mozilla/5.0 (Macintosh; Intel Mac OS X 10.6; rv:17.0) Gecko/17.0 Firefox/17.0"
127.0.0.1 - - [13/Nov/2012:22:35:59 +0000] "GET /app/index.php HTTP/1.1" 200 4433 "-" "Mozilla/5.0 (Macintosh; Intel Mac OS X 10.6; rv:17.0) Gecko/17.0 Firefox/17.0"
127.0.0.1 - - [13/Nov/2012:22:35:59 +0000] "GET /app/global/css/screen.css HTTP/1.1" 304 - "http://0.0.0.0:10081/app/index.php" "Mozilla/5.0 (Macintosh; Intel Mac OS X 10.6; rv:17.0) Gecko/17.0 Firefox/17.0"
127.0.0.1 - - [13/Nov/2012:22:35:59 +0000] "GET /app/global/js/jquery.1.3.2.js HTTP/1.1" 304 - "http://0.0.0.0:10081/app/index.php" "Mozilla/5.0 (Macintosh; Intel Mac OS X 10.6; rv:17.0) Gecko/17.0 Firefox/17.0"
127.0.0.1 - - [13/Nov/2012:22:35:59 +0000] "GET /app/global/js/common.js HTTP/1.1" 304 - "http://0.0.0.0:10081/app/index.php" "Mozilla/5.0 (Macintosh; Intel Mac OS X 10.6; rv:17.0) Gecko/17.0 Firefox/17.0"
::1 - - [13/Nov/2012:22:36:05 +0000] "OPTIONS * HTTP/1.0" 200 - "-" "Apache/2.2.22 (Unix) PHP/5.3.10 (internal dummy connection)"
127.0.0.1 - - [13/Nov/2012:22:36:15 +0000] "GET /app/index.php HTTP/1.1" 200 4433 "-" "Mozilla/5.0 (Macintosh; Intel Mac OS X 10.6; rv:17.0) Gecko/17.0 Firefox/17.0"
127.0.0.1 - - [13/Nov/2012:22:36:15 +0000] "GET /app/global/css/screen.css HTTP/1.1" 200 1804 "http://0.0.0.0:10081/app/index.php" "Mozilla/5.0 (Macintosh; Intel Mac OS X 10.6; rv:17.0) Gecko/17.0 Firefox/17.0"
127.0.0.1 - - [13/Nov/2012:22:36:15 +0000] "GET /app/global/js/common.js HTTP/1.1" 200 219 "http://0.0.0.0:10081/app/index.php" "Mozilla/5.0 (Macintosh; Intel Mac OS X 10.6; rv:17.0) Gecko/17.0 Firefox/17.0"
127.0.0.1 - - [13/Nov/2012:22:36:15 +0000] "GET /app/global/js/jquery.1.3.2.js HTTP/1.1" 200 57254 "http://0.0.0.0:10081/app/index.php" "Mozilla/5.0 (Macintosh; Intel Mac OS X 10.6; rv:17.0) Gecko/17.0 Firefox/17.0"
::1 - - [13/Nov/2012:22:36:21 +0000] "OPTIONS * HTTP/1.0" 200 - "-" "Apache/2.2.22 (Unix) PHP/5.3.10 (internal dummy connection)"
::1 - - [13/Nov/2012:22:36:22 +0000] "OPTIONS * HTTP/1.0" 200 - "-" "Apache/2.2.22 (Unix) PHP/5.3.10 (internal dummy connection)"
::1 - - [13/Nov/2012:22:36:23 +0000] "OPTIONS * HTTP/1.0" 200 - "-" "Apache/2.2.22 (Unix) PHP/5.3.10 (internal dummy connection)"
127.0.0.1 - - [13/Nov/2012:22:36:54 +0000] "GET /app/index.php HTTP/1.1" 200 4433 "-" "Mozilla/5.0 (Macintosh; Intel Mac OS X 10.6; rv:17.0) Gecko/17.0 Firefox/17.0"
127.0.0.1 - - [13/Nov/2012:22:36:54 +0000] "GET /app/global/css/screen.css HTTP/1.1" 200 1804 "http://0.0.0.0:10081/app/index.php" "Mozilla/5.0 (Macintosh; Intel Mac OS X 10.6; rv:17.0) Gecko/17.0 Firefox/17.0"
127.0.0.1 - - [13/Nov/2012:22:36:54 +0000] "GET /app/global/js/jquery.1.3.2.js HTTP/1.1" 200 57254 "http://0.0.0.0:10081/app/index.php" "Mozilla/5.0 (Macintosh; Intel Mac OS X 10.6; rv:17.0) Gecko/17.0 Firefox/17.0"
127.0.0.1 - - [13/Nov/2012:22:36:54 +0000] "GET /app/global/js/common.js HTTP/1.1" 200 219 "http://0.0.0.0:10081/app/index.php" "Mozilla/5.0 (Macintosh; Intel Mac OS X 10.6; rv:17.0) Gecko/17.0 Firefox/17.0"
::1 - - [13/Nov/2012:22:36:59 +0000] "OPTIONS * HTTP/1.0" 200 - "-" "Apache/2.2.22 (Unix) PHP/5.3.10 (internal dummy connection)"
127.0.0.1 - - [13/Nov/2012:22:37:11 +0000] "GET /app/index.php HTTP/1.1" 200 4047 "-" "Mozilla/5.0 (Macintosh; Intel Mac OS X 10.6; rv:17.0) Gecko/17.0 Firefox/17.0"
127.0.0.1 - - [13/Nov/2012:22:37:11 +0000] "GET /app/global/css/screen.css HTTP/1.1" 200 1804 "http://0.0.0.0:10081/app/index.php" "Mozilla/5.0 (Macintosh; Intel Mac OS X 10.6; rv:17.0) Gecko/17.0 Firefox/17.0"
127.0.0.1 - - [13/Nov/2012:22:37:11 +0000] "GET /app/global/js/jquery.1.3.2.js HTTP/1.1" 200 57254 "http://0.0.0.0:10081/app/index.php" "Mozilla/5.0 (Macintosh; Intel Mac OS X 10.6; rv:17.0) Gecko/17.0 Firefox/17.0"
127.0.0.1 - - [13/Nov/2012:22:37:11 +0000] "GET /app/global/js/common.js HTTP/1.1" 200 219 "http://0.0.0.0:10081/app/index.php" "Mozilla/5.0 (Macintosh; Intel Mac OS X 10.6; rv:17.0) Gecko/17.0 Firefox/17.0"
127.0.0.1 - - [13/Nov/2012:22:40:14 +0000] "GET /app/index.php HTTP/1.1" 200 4047 "-" "Mozilla/5.0 (Macintosh; Intel Mac OS X 10.6; rv:17.0) Gecko/17.0 Firefox/17.0"
127.0.0.1 - - [13/Nov/2012:22:40:15 +0000] "GET /app/global/css/screen.css HTTP/1.1" 200 1804 "http://0.0.0.0:10081/app/index.php" "Mozilla/5.0 (Macintosh; Intel Mac OS X 10.6; rv:17.0) Gecko/17.0 Firefox/17.0"
127.0.0.1 - - [13/Nov/2012:22:40:15 +0000] "GET /app/global/js/common.js HTTP/1.1" 200 219 "http://0.0.0.0:10081/app/index.php" "Mozilla/5.0 (Macintosh; Intel Mac OS X 10.6; rv:17.0) Gecko/17.0 Firefox/17.0"
127.0.0.1 - - [13/Nov/2012:22:40:15 +0000] "GET /app/global/js/jquery.1.3.2.js HTTP/1.1" 200 57254 "http://0.0.0.0:10081/app/index.php" "Mozilla/5.0 (Macintosh; Intel Mac OS X 10.6; rv:17.0) Gecko/17.0 Firefox/17.0"
::1 - - [13/Nov/2012:22:40:20 +0000] "OPTIONS * HTTP/1.0" 200 - "-" "Apache/2.2.22 (Unix) PHP/5.3.10 (internal dummy connection)"
127.0.0.1 - - [13/Nov/2012:22:40:32 +0000] "GET /app/index.php HTTP/1.1" 200 4047 "-" "Mozilla/5.0 (Macintosh; Intel Mac OS X 10.6; rv:17.0) Gecko/17.0 Firefox/17.0"
127.0.0.1 - - [13/Nov/2012:22:40:32 +0000] "GET /app/global/css/screen.css HTTP/1.1" 200 1804 "http://0.0.0.0:10081/app/index.php" "Mozilla/5.0 (Macintosh; Intel Mac OS X 10.6; rv:17.0) Gecko/17.0 Firefox/17.0"
127.0.0.1 - - [13/Nov/2012:22:40:32 +0000] "GET /app/global/js/jquery.1.3.2.js HTTP/1.1" 200 57254 "http://0.0.0.0:10081/app/index.php" "Mozilla/5.0 (Macintosh; Intel Mac OS X 10.6; rv:17.0) Gecko/17.0 Firefox/17.0"
127.0.0.1 - - [13/Nov/2012:22:40:32 +0000] "GET /app/global/js/common.js HTTP/1.1" 200 219 "http://0.0.0.0:10081/app/index.php" "Mozilla/5.0 (Macintosh; Intel Mac OS X 10.6; rv:17.0) Gecko/17.0 Firefox/17.0"
127.0.0.1 - - [13/Nov/2012:22:40:33 +0000] "GET /app/index.php HTTP/1.1" 200 4047 "-" "Mozilla/5.0 (Macintosh; Intel Mac OS X 10.6; rv:17.0) Gecko/17.0 Firefox/17.0"
127.0.0.1 - - [13/Nov/2012:22:40:33 +0000] "GET /app/global/css/screen.css HTTP/1.1" 200 1804 "http://0.0.0.0:10081/app/index.php" "Mozilla/5.0 (Macintosh; Intel Mac OS X 10.6; rv:17.0) Gecko/17.0 Firefox/17.0"
127.0.0.1 - - [13/Nov/2012:22:40:33 +0000] "GET /app/global/js/jquery.1.3.2.js HTTP/1.1" 200 57254 "http://0.0.0.0:10081/app/index.php" "Mozilla/5.0 (Macintosh; Intel Mac OS X 10.6; rv:17.0) Gecko/17.0 Firefox/17.0"
127.0.0.1 - - [13/Nov/2012:22:40:33 +0000] "GET /app/global/js/common.js HTTP/1.1" 200 219 "http://0.0.0.0:10081/app/index.php" "Mozilla/5.0 (Macintosh; Intel Mac OS X 10.6; rv:17.0) Gecko/17.0 Firefox/17.0"
::1 - - [13/Nov/2012:22:40:38 +0000] "OPTIONS * HTTP/1.0" 200 - "-" "Apache/2.2.22 (Unix) PHP/5.3.10 (internal dummy connection)"
::1 - - [13/Nov/2012:22:40:39 +0000] "OPTIONS * HTTP/1.0" 200 - "-" "Apache/2.2.22 (Unix) PHP/5.3.10 (internal dummy connection)"
::1 - - [13/Nov/2012:22:40:40 +0000] "OPTIONS * HTTP/1.0" 200 - "-" "Apache/2.2.22 (Unix) PHP/5.3.10 (internal dummy connection)"
127.0.0.1 - - [13/Nov/2012:22:41:23 +0000] "GET /app/index.php HTTP/1.1" 200 4047 "-" "Mozilla/5.0 (Macintosh; Intel Mac OS X 10.6; rv:17.0) Gecko/17.0 Firefox/17.0"
127.0.0.1 - - [13/Nov/2012:22:43:12 +0000] "GET /app/index.php HTTP/1.1" 200 4047 "-" "Mozilla/5.0 (Macintosh; Intel Mac OS X 10.6; rv:17.0) Gecko/17.0 Firefox/17.0"
127.0.0.1 - - [13/Nov/2012:22:43:12 +0000] "GET /app/global/css/screen.css HTTP/1.1" 200 1804 "http://0.0.0.0:10081/app/index.php" "Mozilla/5.0 (Macintosh; Intel Mac OS X 10.6; rv:17.0) Gecko/17.0 Firefox/17.0"
127.0.0.1 - - [13/Nov/2012:22:43:12 +0000] "GET /app/global/js/jquery.1.3.2.js HTTP/1.1" 200 57254 "http://0.0.0.0:10081/app/index.php" "Mozilla/5.0 (Macintosh; Intel Mac OS X 10.6; rv:17.0) Gecko/17.0 Firefox/17.0"
127.0.0.1 - - [13/Nov/2012:22:43:12 +0000] "GET /app/global/js/common.js HTTP/1.1" 200 219 "http://0.0.0.0:10081/app/index.php" "Mozilla/5.0 (Macintosh; Intel Mac OS X 10.6; rv:17.0) Gecko/17.0 Firefox/17.0"
::1 - - [13/Nov/2012:22:43:17 +0000] "OPTIONS * HTTP/1.0" 200 - "-" "Apache/2.2.22 (Unix) PHP/5.3.10 (internal dummy connection)"
::1 - - [13/Nov/2012:22:43:18 +0000] "OPTIONS * HTTP/1.0" 200 - "-" "Apache/2.2.22 (Unix) PHP/5.3.10 (internal dummy connection)"
::1 - - [13/Nov/2012:22:43:19 +0000] "OPTIONS * HTTP/1.0" 200 - "-" "Apache/2.2.22 (Unix) PHP/5.3.10 (internal dummy connection)"
127.0.0.1 - - [13/Nov/2012:22:43:51 +0000] "GET /app/index.php HTTP/1.1" 200 4047 "-" "Mozilla/5.0 (Macintosh; Intel Mac OS X 10.6; rv:17.0) Gecko/17.0 Firefox/17.0"
127.0.0.1 - - [13/Nov/2012:22:43:53 +0000] "GET /app/index.php HTTP/1.1" 200 4047 "-" "Mozilla/5.0 (Macintosh; Intel Mac OS X 10.6; rv:17.0) Gecko/17.0 Firefox/17.0"
127.0.0.1 - - [13/Nov/2012:22:43:53 +0000] "GET /app/global/css/screen.css HTTP/1.1" 200 1804 "http://0.0.0.0:10081/app/index.php" "Mozilla/5.0 (Macintosh; Intel Mac OS X 10.6; rv:17.0) Gecko/17.0 Firefox/17.0"
127.0.0.1 - - [13/Nov/2012:22:43:53 +0000] "GET /app/global/js/jquery.1.3.2.js HTTP/1.1" 200 57254 "http://0.0.0.0:10081/app/index.php" "Mozilla/5.0 (Macintosh; Intel Mac OS X 10.6; rv:17.0) Gecko/17.0 Firefox/17.0"
127.0.0.1 - - [13/Nov/2012:22:43:53 +0000] "GET /app/global/js/common.js HTTP/1.1" 200 219 "http://0.0.0.0:10081/app/index.php" "Mozilla/5.0 (Macintosh; Intel Mac OS X 10.6; rv:17.0) Gecko/17.0 Firefox/17.0"
127.0.0.1 - - [13/Nov/2012:22:43:53 +0000] "GET /app/index.php HTTP/1.1" 200 4047 "-" "Mozilla/5.0 (Macintosh; Intel Mac OS X 10.6; rv:17.0) Gecko/17.0 Firefox/17.0"
127.0.0.1 - - [13/Nov/2012:22:43:54 +0000] "GET /app/global/css/screen.css HTTP/1.1" 200 1804 "http://0.0.0.0:10081/app/index.php" "Mozilla/5.0 (Macintosh; Intel Mac OS X 10.6; rv:17.0) Gecko/17.0 Firefox/17.0"
127.0.0.1 - - [13/Nov/2012:22:43:54 +0000] "GET /app/global/js/jquery.1.3.2.js HTTP/1.1" 200 57254 "http://0.0.0.0:10081/app/index.php" "Mozilla/5.0 (Macintosh; Intel Mac OS X 10.6; rv:17.0) Gecko/17.0 Firefox/17.0"
127.0.0.1 - - [13/Nov/2012:22:43:54 +0000] "GET /app/global/js/common.js HTTP/1.1" 200 219 "http://0.0.0.0:10081/app/index.php" "Mozilla/5.0 (Macintosh; Intel Mac OS X 10.6; rv:17.0) Gecko/17.0 Firefox/17.0"
127.0.0.1 - - [13/Nov/2012:22:43:54 +0000] "GET /app/index.php HTTP/1.1" 200 4047 "-" "Mozilla/5.0 (Macintosh; Intel Mac OS X 10.6; rv:17.0) Gecko/17.0 Firefox/17.0"
127.0.0.1 - - [13/Nov/2012:22:43:54 +0000] "GET /app/global/css/screen.css HTTP/1.1" 200 1804 "http://0.0.0.0:10081/app/index.php" "Mozilla/5.0 (Macintosh; Intel Mac OS X 10.6; rv:17.0) Gecko/17.0 Firefox/17.0"
127.0.0.1 - - [13/Nov/2012:22:43:54 +0000] "GET /app/global/js/jquery.1.3.2.js HTTP/1.1" 200 57254 "http://0.0.0.0:10081/app/index.php" "Mozilla/5.0 (Macintosh; Intel Mac OS X 10.6; rv:17.0) Gecko/17.0 Firefox/17.0"
127.0.0.1 - - [13/Nov/2012:22:43:54 +0000] "GET /app/global/js/common.js HTTP/1.1" 200 219 "http://0.0.0.0:10081/app/index.php" "Mozilla/5.0 (Macintosh; Intel Mac OS X 10.6; rv:17.0) Gecko/17.0 Firefox/17.0"
127.0.0.1 - - [13/Nov/2012:22:43:55 +0000] "GET /app/index.php HTTP/1.1" 200 4047 "-" "Mozilla/5.0 (Macintosh; Intel Mac OS X 10.6; rv:17.0) Gecko/17.0 Firefox/17.0"
127.0.0.1 - - [13/Nov/2012:22:43:55 +0000] "GET /app/index.php HTTP/1.1" 200 4047 "-" "Mozilla/5.0 (Macintosh; Intel Mac OS X 10.6; rv:17.0) Gecko/17.0 Firefox/17.0"
127.0.0.1 - - [13/Nov/2012:22:43:55 +0000] "GET /app/global/css/screen.css HTTP/1.1" 200 1804 "http://0.0.0.0:10081/app/index.php" "Mozilla/5.0 (Macintosh; Intel Mac OS X 10.6; rv:17.0) Gecko/17.0 Firefox/17.0"
127.0.0.1 - - [13/Nov/2012:22:43:55 +0000] "GET /app/global/js/jquery.1.3.2.js HTTP/1.1" 200 57254 "http://0.0.0.0:10081/app/index.php" "Mozilla/5.0 (Macintosh; Intel Mac OS X 10.6; rv:17.0) Gecko/17.0 Firefox/17.0"
127.0.0.1 - - [13/Nov/2012:22:43:55 +0000] "GET /app/global/js/common.js HTTP/1.1" 200 219 "http://0.0.0.0:10081/app/index.php" "Mozilla/5.0 (Macintosh; Intel Mac OS X 10.6; rv:17.0) Gecko/17.0 Firefox/17.0"
127.0.0.1 - - [13/Nov/2012:22:43:55 +0000] "GET /app/index.php HTTP/1.1" 200 4047 "-" "Mozilla/5.0 (Macintosh; Intel Mac OS X 10.6; rv:17.0) Gecko/17.0 Firefox/17.0"
127.0.0.1 - - [13/Nov/2012:22:43:55 +0000] "GET /app/global/js/jquery.1.3.2.js HTTP/1.1" 200 57254 "http://0.0.0.0:10081/app/index.php" "Mozilla/5.0 (Macintosh; Intel Mac OS X 10.6; rv:17.0) Gecko/17.0 Firefox/17.0"
127.0.0.1 - - [13/Nov/2012:22:43:55 +0000] "GET /app/global/js/common.js HTTP/1.1" 200 219 "http://0.0.0.0:10081/app/index.php" "Mozilla/5.0 (Macintosh; Intel Mac OS X 10.6; rv:17.0) Gecko/17.0 Firefox/17.0"
127.0.0.1 - - [13/Nov/2012:22:43:55 +0000] "GET /app/global/css/screen.css HTTP/1.1" 200 1804 "http://0.0.0.0:10081/app/index.php" "Mozilla/5.0 (Macintosh; Intel Mac OS X 10.6; rv:17.0) Gecko/17.0 Firefox/17.0"
::1 - - [13/Nov/2012:22:44:00 +0000] "OPTIONS * HTTP/1.0" 200 - "-" "Apache/2.2.22 (Unix) PHP/5.3.10 (internal dummy connection)"
::1 - - [13/Nov/2012:22:44:01 +0000] "OPTIONS * HTTP/1.0" 200 - "-" "Apache/2.2.22 (Unix) PHP/5.3.10 (internal dummy connection)"
::1 - - [13/Nov/2012:22:44:02 +0000] "OPTIONS * HTTP/1.0" 200 - "-" "Apache/2.2.22 (Unix) PHP/5.3.10 (internal dummy connection)"
127.0.0.1 - - [13/Nov/2012:22:54:37 +0000] "GET /app/index.php HTTP/1.1" 200 4008 "-" "Mozilla/5.0 (Macintosh; Intel Mac OS X 10.6; rv:17.0) Gecko/17.0 Firefox/17.0"
127.0.0.1 - - [13/Nov/2012:22:54:40 +0000] "GET /app/index.php HTTP/1.1" 200 4008 "-" "Mozilla/5.0 (Macintosh; Intel Mac OS X 10.6; rv:17.0) Gecko/17.0 Firefox/17.0"
127.0.0.1 - - [13/Nov/2012:22:54:40 +0000] "GET /app/global/css/screen.css HTTP/1.1" 200 1804 "http://0.0.0.0:10081/app/index.php" "Mozilla/5.0 (Macintosh; Intel Mac OS X 10.6; rv:17.0) Gecko/17.0 Firefox/17.0"
127.0.0.1 - - [13/Nov/2012:22:54:40 +0000] "GET /app/global/js/jquery.1.3.2.js HTTP/1.1" 200 57254 "http://0.0.0.0:10081/app/index.php" "Mozilla/5.0 (Macintosh; Intel Mac OS X 10.6; rv:17.0) Gecko/17.0 Firefox/17.0"
127.0.0.1 - - [13/Nov/2012:22:54:40 +0000] "GET /app/global/js/common.js HTTP/1.1" 200 219 "http://0.0.0.0:10081/app/index.php" "Mozilla/5.0 (Macintosh; Intel Mac OS X 10.6; rv:17.0) Gecko/17.0 Firefox/17.0"
::1 - - [13/Nov/2012:22:54:45 +0000] "OPTIONS * HTTP/1.0" 200 - "-" "Apache/2.2.22 (Unix) PHP/5.3.10 (internal dummy connection)"
